Archive member included to satisfy reference by file (symbol)

c:/mcuxpressoide_11.0.1_2563/ide/plugins/com.nxp.mcuxpresso.tools.win32_11.0.1.201907311258/tools/bin/../lib/gcc/arm-none-eabi/8.2.1/../../../../arm-none-eabi/lib/thumb/v6-m/nofp\libcr_nohost_nf.a(_cr__main.o)
                              ./startup/startup_mkl25z4.o (__main)
c:/mcuxpressoide_11.0.1_2563/ide/plugins/com.nxp.mcuxpresso.tools.win32_11.0.1.201907311258/tools/bin/../lib/gcc/arm-none-eabi/8.2.1/../../../../arm-none-eabi/lib/thumb/v6-m/nofp\libcr_c.a(memcpy.o)
                              ./freertos/queue.o (memcpy)
c:/mcuxpressoide_11.0.1_2563/ide/plugins/com.nxp.mcuxpresso.tools.win32_11.0.1.201907311258/tools/bin/../lib/gcc/arm-none-eabi/8.2.1/../../../../arm-none-eabi/lib/thumb/v6-m/nofp\libcr_c.a(memset.o)
                              ./freertos/tasks.o (memset)
c:/mcuxpressoide_11.0.1_2563/ide/plugins/com.nxp.mcuxpresso.tools.win32_11.0.1.201907311258/tools/bin/../lib/gcc/arm-none-eabi/8.2.1/../../../../arm-none-eabi/lib/thumb/v6-m/nofp\libcr_c.a(alloc.o)
                              ./source/cir_buffer.o (malloc)
c:/mcuxpressoide_11.0.1_2563/ide/plugins/com.nxp.mcuxpresso.tools.win32_11.0.1.201907311258/tools/bin/../lib/gcc/arm-none-eabi/8.2.1/../../../../arm-none-eabi/lib/thumb/v6-m/nofp\libcr_c.a(initio.o)
                              c:/mcuxpressoide_11.0.1_2563/ide/plugins/com.nxp.mcuxpresso.tools.win32_11.0.1.201907311258/tools/bin/../lib/gcc/arm-none-eabi/8.2.1/../../../../arm-none-eabi/lib/thumb/v6-m/nofp\libcr_nohost_nf.a(_cr__main.o) (_initio)
c:/mcuxpressoide_11.0.1_2563/ide/plugins/com.nxp.mcuxpresso.tools.win32_11.0.1.201907311258/tools/bin/../lib/gcc/arm-none-eabi/8.2.1/../../../../arm-none-eabi/lib/thumb/v6-m/nofp\libcr_c.a(modf.o)
                              ./utilities/fsl_debug_console.o (modf)
c:/mcuxpressoide_11.0.1_2563/ide/plugins/com.nxp.mcuxpresso.tools.win32_11.0.1.201907311258/tools/bin/../lib/gcc/arm-none-eabi/8.2.1/../../../../arm-none-eabi/lib/thumb/v6-m/nofp\libcr_c.a(pow.o)
                              ./utilities/fsl_debug_console.o (pow)
c:/mcuxpressoide_11.0.1_2563/ide/plugins/com.nxp.mcuxpresso.tools.win32_11.0.1.201907311258/tools/bin/../lib/gcc/arm-none-eabi/8.2.1/../../../../arm-none-eabi/lib/thumb/v6-m/nofp\libcr_c.a(printf.o)
                              ./source/freertos_tickless.o (_printf)
c:/mcuxpressoide_11.0.1_2563/ide/plugins/com.nxp.mcuxpresso.tools.win32_11.0.1.201907311258/tools/bin/../lib/gcc/arm-none-eabi/8.2.1/../../../../arm-none-eabi/lib/thumb/v6-m/nofp\libcr_c.a(setvbuf.o)
                              c:/mcuxpressoide_11.0.1_2563/ide/plugins/com.nxp.mcuxpresso.tools.win32_11.0.1.201907311258/tools/bin/../lib/gcc/arm-none-eabi/8.2.1/../../../../arm-none-eabi/lib/thumb/v6-m/nofp\libcr_c.a(initio.o) (setvbuf)
c:/mcuxpressoide_11.0.1_2563/ide/plugins/com.nxp.mcuxpresso.tools.win32_11.0.1.201907311258/tools/bin/../lib/gcc/arm-none-eabi/8.2.1/../../../../arm-none-eabi/lib/thumb/v6-m/nofp\libcr_c.a(sin.o)
                              ./source/freertos_tickless.o (sin)
c:/mcuxpressoide_11.0.1_2563/ide/plugins/com.nxp.mcuxpresso.tools.win32_11.0.1.201907311258/tools/bin/../lib/gcc/arm-none-eabi/8.2.1/../../../../arm-none-eabi/lib/thumb/v6-m/nofp\libcr_c.a(sqrt.o)
                              ./source/freertos_tickless.o (sqrt)
c:/mcuxpressoide_11.0.1_2563/ide/plugins/com.nxp.mcuxpresso.tools.win32_11.0.1.201907311258/tools/bin/../lib/gcc/arm-none-eabi/8.2.1/../../../../arm-none-eabi/lib/thumb/v6-m/nofp\libcr_c.a(strlen.o)
                              ./utilities/fsl_debug_console.o (strlen)
c:/mcuxpressoide_11.0.1_2563/ide/plugins/com.nxp.mcuxpresso.tools.win32_11.0.1.201907311258/tools/bin/../lib/gcc/arm-none-eabi/8.2.1/../../../../arm-none-eabi/lib/thumb/v6-m/nofp\libcr_c.a(__init_alloc.o)
                              c:/mcuxpressoide_11.0.1_2563/ide/plugins/com.nxp.mcuxpresso.tools.win32_11.0.1.201907311258/tools/bin/../lib/gcc/arm-none-eabi/8.2.1/../../../../arm-none-eabi/lib/thumb/v6-m/nofp\libcr_c.a(alloc.o) (__heaps)
c:/mcuxpressoide_11.0.1_2563/ide/plugins/com.nxp.mcuxpresso.tools.win32_11.0.1.201907311258/tools/bin/../lib/gcc/arm-none-eabi/8.2.1/../../../../arm-none-eabi/lib/thumb/v6-m/nofp\libcr_c.a(_cr_sbrk.o)
                              c:/mcuxpressoide_11.0.1_2563/ide/plugins/com.nxp.mcuxpresso.tools.win32_11.0.1.201907311258/tools/bin/../lib/gcc/arm-none-eabi/8.2.1/../../../../arm-none-eabi/lib/thumb/v6-m/nofp\libcr_c.a(alloc.o) (_sbrk)
c:/mcuxpressoide_11.0.1_2563/ide/plugins/com.nxp.mcuxpresso.tools.win32_11.0.1.201907311258/tools/bin/../lib/gcc/arm-none-eabi/8.2.1/../../../../arm-none-eabi/lib/thumb/v6-m/nofp\libcr_c.a(_deferredlazyseek.o)
                              c:/mcuxpressoide_11.0.1_2563/ide/plugins/com.nxp.mcuxpresso.tools.win32_11.0.1.201907311258/tools/bin/../lib/gcc/arm-none-eabi/8.2.1/../../../../arm-none-eabi/lib/thumb/v6-m/nofp\libcr_c.a(printf.o) (__flsbuf)
[...]
Memory Configuration

Name             Origin             Length             Attributes
PROGRAM_FLASH    0x00000000         0x00020000         xr
SRAM             0x1ffff000         0x00004000         xrw
*default*        0x00000000         0xffffffff

Linker script and memory map

LOAD ./utilities/fsl_debug_console.o
LOAD ./startup/startup_mkl25z4.o
LOAD ./source/cir_buffer.o
LOAD ./source/dacadc.o
LOAD ./source/dma.o
LOAD ./source/freertos_tickless.o
LOAD ./source/led.o
LOAD ./source/logger.o
LOAD ./source/mtb.o
LOAD ./source/queue_adc.o
LOAD ./source/semihost_hardfault.o
LOAD ./freertos/croutine.o
LOAD ./freertos/event_groups.o
LOAD ./freertos/fsl_tickless_lptmr.o
LOAD ./freertos/fsl_tickless_systick.o
LOAD ./freertos/heap_4.o
LOAD ./freertos/list.o
LOAD ./freertos/port.o
LOAD ./freertos/queue.o
LOAD ./freertos/tasks.o
LOAD ./freertos/timers.o
LOAD ./drivers/fsl_adc16.o
LOAD ./drivers/fsl_clock.o
LOAD ./drivers/fsl_common.o
LOAD ./drivers/fsl_dac.o
LOAD ./drivers/fsl_dma.o
LOAD ./drivers/fsl_dmamux.o
LOAD ./drivers/fsl_flash.o
LOAD ./drivers/fsl_gpio.o
LOAD ./drivers/fsl_lpsci.o
LOAD ./drivers/fsl_lpsci_freertos.o
LOAD ./drivers/fsl_lptmr.o
LOAD ./drivers/fsl_smc.o
LOAD ./drivers/fsl_uart.o
LOAD ./drivers/fsl_uart_freertos.o
LOAD ./board/board.o
LOAD ./board/clock_config.o
LOAD ./board/pin_mux.o
LOAD ./CMSIS/system_MKL25Z4.o
START GROUP
LOAD c:/mcuxpressoide_11.0.1_2563/ide/plugins/com.nxp.mcuxpresso.tools.win32_11.0.1.201907311258/tools/bin/../lib/gcc/arm-none-eabi/8.2.1/../../../../arm-none-eabi/lib/thumb/v6-m/nofp\libcr_nohost_nf.a
LOAD c:/mcuxpressoide_11.0.1_2563/ide/plugins/com.nxp.mcuxpresso.tools.win32_11.0.1.201907311258/tools/bin/../lib/gcc/arm-none-eabi/8.2.1/../../../../arm-none-eabi/lib/thumb/v6-m/nofp\libcr_c.a
LOAD c:/mcuxpressoide_11.0.1_2563/ide/plugins/com.nxp.mcuxpresso.tools.win32_11.0.1.201907311258/tools/bin/../lib/gcc/arm-none-eabi/8.2.1/thumb/v6-m/nofp\libcr_eabihelpers.a
LOAD c:/mcuxpressoide_11.0.1_2563/ide/plugins/com.nxp.mcuxpresso.tools.win32_11.0.1.201907311258/tools/bin/../lib/gcc/arm-none-eabi/8.2.1/thumb/v6-m/nofp\libgcc.a
END GROUP
                0x00000000                __base_PROGRAM_FLASH = 0x0
                0x00000000                __base_Flash = 0x0
                0x00020000                __top_PROGRAM_FLASH = 0x20000
                0x00020000                __top_Flash = 0x20000
                0x1ffff000                __base_SRAM = 0x1ffff000
                0x1ffff000                __base_RAM = 0x1ffff000
                0x20003000                __top_SRAM = 0x20003000
                0x20003000                __top_RAM = 0x20003000

.text           0x00000000     0xb4dc
 FILL mask 0xff
                0x00000000                __vectors_start__ = ABSOLUTE (.)
 *(SORT_BY_ALIGNMENT(.isr_vector))
 .isr_vector    0x00000000       0xc0 ./startup/startup_mkl25z4.o
                0x00000000                g_pfnVectors
                0x00000000                __Vectors
                0x000000c0                . = ALIGN (0x4)
                0x000000c0                __section_table_start = .
                0x000000c0                __data_section_table = .
                0x000000c0        0x4 LONG 0xb4dc LOADADDR (.data)
                0x000000c4        0x4 LONG 0x1ffff080 ADDR (.data)
                0x000000c8        0x4 LONG 0x650 SIZEOF (.data)
                0x000000cc                __data_section_table_end = .
                0x000000cc                __bss_section_table = .
                0x000000cc        0x4 LONG 0x1ffff6d0 ADDR (.bss)
                0x000000d0        0x4 LONG 0x2bb8 SIZEOF (.bss)
                0x000000d4                __bss_section_table_end = .
                0x000000d4                __section_table_end = .
 *(SORT_BY_ALIGNMENT(.after_vectors*))
 .after_vectors.reset
                0x000000d4       0x4c ./startup/startup_mkl25z4.o
                0x000000d4                ResetISR
 .after_vectors.init_data
                0x00000120       0x12 ./startup/startup_mkl25z4.o
                0x00000120                data_init
 .after_vectors.init_bss
                0x00000132       0x10 ./startup/startup_mkl25z4.o
                0x00000132                bss_init
 .after_vectors
                0x00000142      0x10c ./startup/startup_mkl25z4.o
                0x00000142                NMI_Handler
                0x0000014c                I2C0_DriverIRQHandler
                0x0000014c                SPI1_DriverIRQHandler
                0x0000014c                LPTMR0_DriverIRQHandler
                0x0000014c                Reserved39_DriverIRQHandler
                0x0000014c                PIT_DriverIRQHandler
                0x0000014c                PORTD_DriverIRQHandler
                0x0000014c                CMP0_DriverIRQHandler
                0x0000014c                ADC0_DriverIRQHandler
                0x0000014c                TPM2_DriverIRQHandler
                0x0000014c                SPI0_DriverIRQHandler
                0x0000014c                I2C1_DriverIRQHandler
                0x0000014c                TSI0_DriverIRQHandler
                0x0000014c                RTC_Seconds_DriverIRQHandler
                0x0000014c                Reserved20_DriverIRQHandler
                0x0000014c                RTC_DriverIRQHandler
                0x0000014c                LLWU_DriverIRQHandler
                0x0000014c                MCG_DriverIRQHandler
                0x0000014c                TPM1_DriverIRQHandler
                0x0000014c                PORTA_DriverIRQHandler
                0x0000014c                FTFA_DriverIRQHandler
                0x0000014c                IntDefaultHandler
                0x0000014c                USB0_DriverIRQHandler
                0x0000014c                DAC0_DriverIRQHandler
                0x0000014c                Reserved45_DriverIRQHandler
                0x0000014c                LVD_LVW_DriverIRQHandler
                0x0000014c                TPM0_DriverIRQHandler
                0x0000014e                DMA0_IRQHandler
                0x00000156                DMA1_IRQHandler
                0x0000015e                DMA2_IRQHandler
                0x00000166                DMA3_IRQHandler
                0x0000016e                Reserved20_IRQHandler
                0x00000176                FTFA_IRQHandler
                0x0000017e                LVD_LVW_IRQHandler
                0x00000186                LLWU_IRQHandler
                0x0000018e                I2C0_IRQHandler
                0x00000196                I2C1_IRQHandler
                0x0000019e                SPI0_IRQHandler
                0x000001a6                SPI1_IRQHandler
                0x000001ae                UART0_IRQHandler
                0x000001b6                UART1_IRQHandler
                0x000001be                UART2_IRQHandler
                0x000001ce                CMP0_IRQHandler
                0x000001d6                TPM0_IRQHandler
                0x000001de                TPM1_IRQHandler
                0x000001e6                TPM2_IRQHandler
                0x000001ee                RTC_IRQHandler
                0x000001f6                RTC_Seconds_IRQHandler
                0x000001fe                PIT_IRQHandler
                0x00000206                Reserved39_IRQHandler
                0x0000020e                USB0_IRQHandler
                0x00000216                DAC0_IRQHandler
                0x0000021e                TSI0_IRQHandler
                0x00000226                MCG_IRQHandler
                0x00000236                Reserved45_IRQHandler
                0x00000246                PORTD_IRQHandler
                0x00000400                . = 0x400
 *fill*         0x0000024e      0x1b2 ff
                0x00000400                PROVIDE (__FLASH_CONFIG_START__ = .)
 *(SORT_BY_ALIGNMENT(.FlashConfig))
 .FlashConfig   0x00000400       0x10 ./startup/startup_mkl25z4.o
                0x00000400                Flash_Config
                0x00000410                PROVIDE (__FLASH_CONFIG_END__ = .)
                0x00000001                ASSERT (! ((__FLASH_CONFIG_START__ == __FLASH_CONFIG_END__)), Linker Flash Config Support Enabled, but no .FlashConfig section provided within application)
 *(SORT_BY_ALIGNMENT(.text*))
 .text.vPortStartFirstTask
                0x00000410       0x38 ./freertos/port.o
 *fill*         0x00000448        0x8 ff
 .text.PendSV_Handler
                0x00000450       0x48 ./freertos/port.o
                0x00000450                PendSV_Handler
 .text.DbgConsole_Init
                0x00000498       0xf0 ./utilities/fsl_debug_console.o
                0x00000498                DbgConsole_Init
 .text.DbgConsole_Printf
                0x00000588       0x44 ./utilities/fsl_debug_console.o
                0x00000588                DbgConsole_Printf
 .text.DbgConsole_Putchar
                0x000005cc       0x34 ./utilities/fsl_debug_console.o
                0x000005cc                DbgConsole_Putchar
 .text.DbgConsole_ConvertFloatRadixNumToString
                0x00000600      0x2a4 ./utilities/fsl_debug_console.o
 .text.buff_initialize
                0x000008a4       0x7c ./source/cir_buffer.o
                0x000008a4                buff_initialize
 .text.DAC_ADC_Init
                0x00000920       0x90 ./source/dacadc.o
                0x00000920                DAC_ADC_Init
 .text.DMA_StartTransfer
                0x000009b0       0x54 ./source/dma.o
 .text.DMAMUX_EnableChannel
                0x00000a04       0x40 ./source/dma.o
 .text.DMAMUX_SetSource
                0x00000a44       0x50 ./source/dma.o
 .text.DMA_Callback
                0x00000a94       0x1c ./source/dma.o
                0x00000a94                DMA_Callback
 .text.DMA      0x00000ab0       0x40 ./source/dma.o
                0x00000ab0                DMA
 .text.transfer_DMA_2
                0x00000af0       0x8c ./source/dma.o
                0x00000af0                transfer_DMA_2
 .text.NVIC_EnableIRQ
                0x00000b7c       0x2c ./source/freertos_tickless.o
 .text.NVIC_SetPriority
                0x00000ba8       0xdc ./source/freertos_tickless.o
 .text.CLOCK_EnableClock
                0x00000c84       0x34 ./source/freertos_tickless.o
 .text.ADC16_GetChannelConversionValue
                0x00000cb8       0x30 ./source/freertos_tickless.o
 .text.PORT_SetPinInterruptConfig
                0x00000ce8       0x40 ./source/freertos_tickless.o
 .text.ADC0_IRQHandler
                0x00000d28       0x30 ./source/freertos_tickless.o
                0x00000d28                ADC0_IRQHandler
 .text.main     0x00000d58      0x100 ./source/freertos_tickless.o
                0x00000d58                main
 .text.DAC_converter
                0x00000e58      0x118 ./source/freertos_tickless.o
 .text.ADC_converter
                0x00000f70      0x1fc ./source/freertos_tickless.o
 .text.dsp_math
                0x0000116c      0x460 ./source/freertos_tickless.o
 .text.PORTA_IRQHandler
                0x000015cc       0x38 ./source/freertos_tickless.o
                0x000015cc                PORTA_IRQHandler
 .text.vPortGetLptrmBase
                0x00001604       0x10 ./source/freertos_tickless.o
                0x00001604                vPortGetLptrmBase
 .text.init_LED
                0x00001614       0x60 ./source/led.o
                0x00001614                init_LED
 .text.BLUE_LED
                0x00001674       0x40 ./source/led.o
                0x00001674                BLUE_LED
 .text.error_led
                0x000016b4       0x40 ./source/led.o
                0x000016b4                error_led
 .text.green_led
                0x000016f4       0x40 ./source/led.o
                0x000016f4                green_led
 .text.delay    0x00001734       0x2c ./source/led.o
                0x00001734                delay
 .text.timestamps
                0x00001760       0xe0 ./source/logger.o
                0x00001760                timestamps
 .text.log_level
                0x00001840       0x20 ./source/logger.o
                0x00001840                log_level
 .text.logger_func
                0x00001860      0x1cc ./source/logger.o
                0x00001860                logger_func
 .text.log_messages
                0x00001a2c       0x40 ./source/logger.o
                0x00001a2c                log_messages
 .text.HardFault_Handler
                0x00001a6c       0x30 ./source/semihost_hardfault.o
                0x00001a6c                HardFault_Handler
 .text.NVIC_EnableIRQ
                0x00001a9c       0x2c ./freertos/fsl_tickless_lptmr.o
 .text.LPTMR_SetTimerPeriod
                0x00001ac8       0x2c ./freertos/fsl_tickless_lptmr.o
 .text.vPortLptmrIsr
                0x00001af4       0x24 ./freertos/fsl_tickless_lptmr.o
                0x00001af4                vPortLptmrIsr
 .text.vPortSuppressTicksAndSleep
                0x00001b18      0x144 ./freertos/fsl_tickless_lptmr.o
                0x00001b18                vPortSuppressTicksAndSleep
 .text.prvSetupTimerInterrupt
                0x00001c5c       0x8c ./freertos/fsl_tickless_lptmr.o
                0x00001c5c                prvSetupTimerInterrupt
 .text.pvPortMalloc
                0x00001ce8      0x14c ./freertos/heap_4.o
                0x00001ce8                pvPortMalloc
 .text.vPortFree
                0x00001e34       0x90 ./freertos/heap_4.o
                0x00001e34                vPortFree
 .text.prvHeapInit
                0x00001ec4       0xc0 ./freertos/heap_4.o
 .text.prvInsertBlockIntoFreeList
                0x00001f84       0xb0 ./freertos/heap_4.o
 .text.pxPortInitialiseStack
                0x00002034       0x54 ./freertos/port.o
                0x00002034                pxPortInitialiseStack
 .text.prvTaskExitError
                0x00002088       0x18 ./freertos/port.o
 .text.xPortStartScheduler
                0x000020a0       0x44 ./freertos/port.o
                0x000020a0                xPortStartScheduler
 .text.vPortEndScheduler
                0x000020e4       0x20 ./freertos/port.o
                0x000020e4                vPortEndScheduler
 .text.vPortYield
                0x00002104       0x20 ./freertos/port.o
                0x00002104                vPortYield
 .text.vPortEnterCritical
                0x00002124       0x24 ./freertos/port.o
                0x00002124                vPortEnterCritical
 .text.vPortExitCritical
                0x00002148       0x30 ./freertos/port.o
                0x00002148                vPortExitCritical
 .text.SysTick_Handler
                0x00002178       0x4c ./freertos/port.o
                0x00002178                SysTick_Handler
 .text.vQueueAddToRegistry
                0x000021c4       0x50 ./freertos/queue.o
                0x000021c4                vQueueAddToRegistry
 .text.prvInitialiseNewTask
                0x00002214      0x12c ./freertos/tasks.o
 .text.prvAddNewTaskToReadyList
                0x00002340       0xd0 ./freertos/tasks.o
 .text.vTaskDelay
                0x00002410       0x4c ./freertos/tasks.o
                0x00002410                vTaskDelay
 .text.vTaskSuspend
                0x0000245c       0xb8 ./freertos/tasks.o
                0x0000245c                vTaskSuspend
 .text.vTaskStartScheduler
                0x00002514       0x78 ./freertos/tasks.o
                0x00002514                vTaskStartScheduler
 .text.vTaskEndScheduler
                0x0000258c       0x1c ./freertos/tasks.o
                0x0000258c                vTaskEndScheduler
 .text.vTaskSuspendAll
                0x000025a8       0x18 ./freertos/tasks.o
                0x000025a8                vTaskSuspendAll
 .text.prvGetExpectedIdleTime
                0x000025c0       0x6c ./freertos/tasks.o
 .text.xTaskResumeAll
                0x0000262c      0x118 ./freertos/tasks.o
                0x0000262c                xTaskResumeAll
 .text.xTaskGetTickCount
                0x00002744       0x1c ./freertos/tasks.o
                0x00002744                xTaskGetTickCount
 .text.vTaskStepTick
                0x00002760       0x38 ./freertos/tasks.o
                0x00002760                vTaskStepTick
 .text.xTaskIncrementTick
                0x00002798      0x14c ./freertos/tasks.o
                0x00002798                xTaskIncrementTick
 .text.vTaskSwitchContext
                0x000028e4       0xa4 ./freertos/tasks.o
                0x000028e4                vTaskSwitchContext
 .text.vTaskPlaceOnEventList
                0x00002988       0x3c ./freertos/tasks.o
                0x00002988                vTaskPlaceOnEventList
 .text.vTaskPlaceOnEventListRestricted
                0x000029c4       0x4c ./freertos/tasks.o
                0x000029c4                vTaskPlaceOnEventListRestricted
 .text.xTaskRemoveFromEventList
                0x00002a10       0xbc ./freertos/tasks.o
                0x00002a10                xTaskRemoveFromEventList
 .text.vTaskSetTimeOutState
                0x00002acc       0x34 ./freertos/tasks.o
                0x00002acc                vTaskSetTimeOutState
 .text.xTaskCheckForTimeOut
                0x00002b00       0x9c ./freertos/tasks.o
                0x00002b00                xTaskCheckForTimeOut
 .text.vTaskMissedYield
                0x00002b9c       0x14 ./freertos/tasks.o
                0x00002b9c                vTaskMissedYield
 .text.prvIdleTask
                0x00002bb0       0x64 ./freertos/tasks.o
 .text.eTaskConfirmSleepModeStatus
                0x00002c14       0x64 ./freertos/tasks.o
                0x00002c14                eTaskConfirmSleepModeStatus
 .text.prvInitialiseTaskLists
                0x00002c78       0x88 ./freertos/tasks.o
 .text.prvCheckTasksWaitingTermination
                0x00002d00       0x74 ./freertos/tasks.o
 .text.prvResetNextTaskUnblockTime
                0x00002d74       0x48 ./freertos/tasks.o
 .text.xTaskGetSchedulerState
                0x00002dbc       0x38 ./freertos/tasks.o
                0x00002dbc                xTaskGetSchedulerState
 .text.vTaskPriorityInherit
                0x00002df4       0xbc ./freertos/tasks.o
                0x00002df4                vTaskPriorityInherit
 .text.xTaskPriorityDisinherit
                0x00002eb0       0xb8 ./freertos/tasks.o
                0x00002eb0                xTaskPriorityDisinherit
 .text.pvTaskIncrementMutexHeldCount
                0x00002f68       0x24 ./freertos/tasks.o
                0x00002f68                pvTaskIncrementMutexHeldCount
 .text.prvAddCurrentTaskToDelayedList
                0x00002f8c       0xa8 ./freertos/tasks.o
 .text.xTimerCreateTimerTask
                0x00003034       0x54 ./freertos/timers.o
                0x00003034                xTimerCreateTimerTask
 .text.xTimerGenericCommand
                0x00003088       0x94 ./freertos/timers.o
                0x00003088                xTimerGenericCommand
 .text.prvProcessExpiredTimer
                0x0000311c       0x70 ./freertos/timers.o
 .text.prvProcessTimerOrBlockTask
                0x0000318c       0x8c ./freertos/timers.o
 .text.prvGetNextExpireTime
                0x00003218       0x40 ./freertos/timers.o
 .text.prvSampleTimeNow
                0x00003258       0x40 ./freertos/timers.o
 .text.prvInsertTimerInActiveList
                0x00003298       0x84 ./freertos/timers.o
 .text.prvProcessReceivedCommands
                0x0000331c      0x124 ./freertos/timers.o
 .text.prvSwitchTimerLists
                0x00003440       0xb4 ./freertos/timers.o
 .text.prvCheckForValidListAndQueue
                0x000034f4       0x74 ./freertos/timers.o
 .text.CLOCK_EnableClock
                0x00003568       0x34 ./drivers/fsl_adc16.o
 .text.ADC16_GetInstance
                0x0000359c       0x48 ./drivers/fsl_adc16.o
 .text.ADC16_Init
                0x000035e4      0x114 ./drivers/fsl_adc16.o
                0x000035e4                ADC16_Init
 .text.ADC16_GetDefaultConfig
                0x000036f8       0x58 ./drivers/fsl_adc16.o
                0x000036f8                ADC16_GetDefaultConfig
 .text.ADC16_SetChannelConfig
                0x00003750       0x6c ./drivers/fsl_adc16.o
                0x00003750                ADC16_SetChannelConfig
 .text.ADC16_GetChannelStatusFlags
                0x000037bc       0x40 ./drivers/fsl_adc16.o
                0x000037bc                ADC16_GetChannelStatusFlags
 .text.CLOCK_SetEr32kClock
                0x000037fc       0x34 ./drivers/fsl_clock.o
 .text.CLOCK_SetPllFllSelClock
                0x00003830       0x38 ./drivers/fsl_clock.o
 .text.CLOCK_GetMcgExtClkFreq
                0x00003868       0x28 ./drivers/fsl_clock.o
 .text.CLOCK_GetFllExtRefClkFreq
                0x00003890       0xa4 ./drivers/fsl_clock.o
 .text.CLOCK_GetFllRefClkFreq
                0x00003934       0x2c ./drivers/fsl_clock.o
 .text.CLOCK_GetOscRangeFromFreq
                0x00003960       0x4c ./drivers/fsl_clock.o
 .text.CLOCK_GetPllFllSelClkFreq
                0x000039ac       0x4c ./drivers/fsl_clock.o
                0x000039ac                CLOCK_GetPllFllSelClkFreq
 .text.CLOCK_SetSimConfig
                0x000039f8       0x38 ./drivers/fsl_clock.o
                0x000039f8                CLOCK_SetSimConfig
 .text.CLOCK_GetFllFreq
                0x00003a30       0x84 ./drivers/fsl_clock.o
                0x00003a30                CLOCK_GetFllFreq
 .text.CLOCK_GetPll0Freq
                0x00003ab4       0x70 ./drivers/fsl_clock.o
                0x00003ab4                CLOCK_GetPll0Freq
 .text.CLOCK_SetInternalRefClkConfig
                0x00003b24      0x124 ./drivers/fsl_clock.o
                0x00003b24                CLOCK_SetInternalRefClkConfig
 .text.CLOCK_EnablePll0
                0x00003c48       0x90 ./drivers/fsl_clock.o
                0x00003c48                CLOCK_EnablePll0
 .text.CLOCK_InitOsc0
                0x00003cd8       0x94 ./drivers/fsl_clock.o
                0x00003cd8                CLOCK_InitOsc0
 .text.CLOCK_SetPbeMode
                0x00003d6c       0xb0 ./drivers/fsl_clock.o
                0x00003d6c                CLOCK_SetPbeMode
 .text.CLOCK_BootToPeeMode
                0x00003e1c       0x70 ./drivers/fsl_clock.o
                0x00003e1c                CLOCK_BootToPeeMode
 .text.__assertion_failed
                0x00003e8c       0x1c ./drivers/fsl_common.o
                0x00003e8c                __assertion_failed
 .text.CLOCK_EnableClock
                0x00003ea8       0x34 ./drivers/fsl_dac.o
 .text.DAC_GetInstance
                0x00003edc       0x48 ./drivers/fsl_dac.o
 .text.DAC_Init
                0x00003f24       0x80 ./drivers/fsl_dac.o
                0x00003f24                DAC_Init
 .text.DAC_GetDefaultConfig
                0x00003fa4       0x30 ./drivers/fsl_dac.o
                0x00003fa4                DAC_GetDefaultConfig
 .text.DAC_SetBufferValue
                0x00003fd4       0x64 ./drivers/fsl_dac.o
                0x00003fd4                DAC_SetBufferValue
 .text.NVIC_EnableIRQ
                0x00004038       0x2c ./drivers/fsl_dma.o
 .text.CLOCK_EnableClock
                0x00004064       0x34 ./drivers/fsl_dma.o
 .text.DMA_EnableInterrupts
                0x00004098       0x4c ./drivers/fsl_dma.o
 .text.DMA_ClearChannelStatusFlags
                0x000040e4       0x54 ./drivers/fsl_dma.o
 .text.DMA_GetInstance
                0x00004138       0x48 ./drivers/fsl_dma.o
 .text.DMA_Init
                0x00004180       0x24 ./drivers/fsl_dma.o
                0x00004180                DMA_Init
 .text.DMA_ResetChannel
                0x000041a4       0x90 ./drivers/fsl_dma.o
                0x000041a4                DMA_ResetChannel
 .text.DMA_SetTransferConfig
                0x00004234       0xdc ./drivers/fsl_dma.o
                0x00004234                DMA_SetTransferConfig
 .text.DMA_CreateHandle
                0x00004310       0x90 ./drivers/fsl_dma.o
                0x00004310                DMA_CreateHandle
 .text.DMA_PrepareTransfer
                0x000043a0      0x130 ./drivers/fsl_dma.o
                0x000043a0                DMA_PrepareTransfer
 .text.DMA_SetCallback
                0x000044d0       0x34 ./drivers/fsl_dma.o
                0x000044d0                DMA_SetCallback
 .text.DMA_SubmitTransfer
                0x00004504       0x9c ./drivers/fsl_dma.o
                0x00004504                DMA_SubmitTransfer
 .text.DMA_HandleIRQ
                0x000045a0       0x4c ./drivers/fsl_dma.o
                0x000045a0                DMA_HandleIRQ
 .text.DMA0_DriverIRQHandler
                0x000045ec       0x18 ./drivers/fsl_dma.o
                0x000045ec                DMA0_DriverIRQHandler
 .text.DMA1_DriverIRQHandler
                0x00004604       0x18 ./drivers/fsl_dma.o
                0x00004604                DMA1_DriverIRQHandler
 .text.DMA2_DriverIRQHandler
                0x0000461c       0x18 ./drivers/fsl_dma.o
                0x0000461c                DMA2_DriverIRQHandler
 .text.DMA3_DriverIRQHandler
                0x00004634       0x18 ./drivers/fsl_dma.o
                0x00004634                DMA3_DriverIRQHandler
 .text.CLOCK_EnableClock
                0x0000464c       0x34 ./drivers/fsl_dmamux.o
 .text.DMAMUX_GetInstance
                0x00004680       0x48 ./drivers/fsl_dmamux.o
 .text.DMAMUX_Init
                0x000046c8       0x24 ./drivers/fsl_dmamux.o
                0x000046c8                DMAMUX_Init
 .text.GPIO_GetInstance
                0x000046ec       0x4c ./drivers/fsl_gpio.o
 .text.GPIO_PinInit
                0x00004738       0x64 ./drivers/fsl_gpio.o
                0x00004738                GPIO_PinInit
 .text.GPIO_ClearPinsInterruptFlags
                0x0000479c       0x3c ./drivers/fsl_gpio.o
                0x0000479c                GPIO_ClearPinsInterruptFlags
 .text.CLOCK_EnableClock
                0x000047d8       0x34 ./drivers/fsl_lpsci.o
 .text.LPSCI_GetInstance
                0x0000480c       0x48 ./drivers/fsl_lpsci.o
                0x0000480c                LPSCI_GetInstance
 .text.LPSCI_Init
                0x00004854      0x258 ./drivers/fsl_lpsci.o
                0x00004854                LPSCI_Init
 .text.LPSCI_GetDefaultConfig
                0x00004aac       0x44 ./drivers/fsl_lpsci.o
                0x00004aac                LPSCI_GetDefaultConfig
 .text.LPSCI_ClearStatusFlags
                0x00004af0       0x94 ./drivers/fsl_lpsci.o
                0x00004af0                LPSCI_ClearStatusFlags
 .text.LPSCI_WriteBlocking
                0x00004b84       0x4c ./drivers/fsl_lpsci.o
                0x00004b84                LPSCI_WriteBlocking
 .text.LPSCI_ReadBlocking
                0x00004bd0       0xc0 ./drivers/fsl_lpsci.o
                0x00004bd0                LPSCI_ReadBlocking
 .text.UART0_DriverIRQHandler
                0x00004c90       0x24 ./drivers/fsl_lpsci.o
                0x00004c90                UART0_DriverIRQHandler
 .text.CLOCK_EnableClock
                0x00004cb4       0x34 ./drivers/fsl_lptmr.o
 .text.LPTMR_GetInstance
                0x00004ce8       0x48 ./drivers/fsl_lptmr.o
 .text.LPTMR_Init
                0x00004d30       0x94 ./drivers/fsl_lptmr.o
                0x00004d30                LPTMR_Init
 .text.LPTMR_GetDefaultConfig
                0x00004dc4       0x4c ./drivers/fsl_lptmr.o
                0x00004dc4                LPTMR_GetDefaultConfig
 .text.CLOCK_EnableClock
                0x00004e10       0x34 ./drivers/fsl_uart.o
 .text.UART_GetInstance
                0x00004e44       0x54 ./drivers/fsl_uart.o
                0x00004e44                UART_GetInstance
 .text.UART_Init
                0x00004e98      0x1e0 ./drivers/fsl_uart.o
                0x00004e98                UART_Init
 .text.UART_GetDefaultConfig
                0x00005078       0x44 ./drivers/fsl_uart.o
                0x00005078                UART_GetDefaultConfig
 .text.UART_ReadBlocking
                0x000050bc       0x98 ./drivers/fsl_uart.o
                0x000050bc                UART_ReadBlocking
 .text.UART1_DriverIRQHandler
                0x00005154       0x24 ./drivers/fsl_uart.o
                0x00005154                UART1_DriverIRQHandler
 .text.UART2_DriverIRQHandler
                0x00005178       0x24 ./drivers/fsl_uart.o
                0x00005178                UART2_DriverIRQHandler
 .text.CLOCK_SetLpsci0Clock
                0x0000519c       0x38 ./board/board.o
 .text.BOARD_InitDebugConsole
                0x000051d4       0x30 ./board/board.o
                0x000051d4                BOARD_InitDebugConsole
 .text.CLOCK_SetSimSafeDivs
                0x00005204       0x20 ./board/clock_config.o
 .text.CLOCK_SetXtal0Freq
                0x00005224       0x1c ./board/clock_config.o
 .text.CLOCK_CONFIG_SetFllExtRefDiv
                0x00005240       0x3c ./board/clock_config.o
 .text.BOARD_BootClockRUN
                0x0000527c       0x64 ./board/clock_config.o
                0x0000527c                BOARD_BootClockRUN
 .text.CLOCK_EnableClock
                0x000052e0       0x34 ./board/pin_mux.o
 .text.PORT_SetPinConfig
                0x00005314       0x38 ./board/pin_mux.o
 .text.PORT_SetPinMux
                0x0000534c       0x40 ./board/pin_mux.o
 .text.BOARD_InitPins
                0x0000538c       0xc0 ./board/pin_mux.o
                0x0000538c                BOARD_InitPins
 .text.SystemInit
                0x0000544c       0x18 ./CMSIS/system_MKL25Z4.o
                0x0000544c                SystemInit
 .text.malloc   0x00005464       0xcc c:/mcuxpressoide_11.0.1_2563/ide/plugins/com.nxp.mcuxpresso.tools.win32_11.0.1.201907311258/tools/bin/../lib/gcc/arm-none-eabi/8.2.1/../../../../arm-none-eabi/lib/thumb/v6-m/nofp\libcr_c.a(alloc.o)
                0x00005464                malloc
 .text._Csys_alloc
                0x00005530       0x20 c:/mcuxpressoide_11.0.1_2563/ide/plugins/com.nxp.mcuxpresso.tools.win32_11.0.1.201907311258/tools/bin/../lib/gcc/arm-none-eabi/8.2.1/../../../../arm-none-eabi/lib/thumb/v6-m/nofp\libcr_c.a(alloc.o)
                0x00005530                _Csys_alloc
 .text._initio  0x00005550       0x7c c:/mcuxpressoide_11.0.1_2563/ide/plugins/com.nxp.mcuxpresso.tools.win32_11.0.1.201907311258/tools/bin/../lib/gcc/arm-none-eabi/8.2.1/../../../../arm-none-eabi/lib/thumb/v6-m/nofp\libcr_c.a(initio.o)
                0x00005550                _initio
 .text.modf     0x000055cc       0x94 c:/mcuxpressoide_11.0.1_2563/ide/plugins/com.nxp.mcuxpresso.tools.win32_11.0.1.201907311258/tools/bin/../lib/gcc/arm-none-eabi/8.2.1/../../../../arm-none-eabi/lib/thumb/v6-m/nofp\libcr_c.a(modf.o)
                0x000055cc                modf
 .text.pow      0x00005660      0x548 c:/mcuxpressoide_11.0.1_2563/ide/plugins/com.nxp.mcuxpresso.tools.win32_11.0.1.201907311258/tools/bin/../lib/gcc/arm-none-eabi/8.2.1/../../../../arm-none-eabi/lib/thumb/v6-m/nofp\libcr_c.a(pow.o)
                0x00005660                pow
 .text.__vfprintf
                0x00005ba8      0xcd8 c:/mcuxpressoide_11.0.1_2563/ide/plugins/com.nxp.mcuxpresso.tools.win32_11.0.1.201907311258/tools/bin/../lib/gcc/arm-none-eabi/8.2.1/../../../../arm-none-eabi/lib/thumb/v6-m/nofp\libcr_c.a(printf.o)
                0x00005ba8                __vfprintf
 .text._vsnprintf
                0x00006880       0x70 c:/mcuxpressoide_11.0.1_2563/ide/plugins/com.nxp.mcuxpresso.tools.win32_11.0.1.201907311258/tools/bin/../lib/gcc/arm-none-eabi/8.2.1/../../../../arm-none-eabi/lib/thumb/v6-m/nofp\libcr_c.a(printf.o)
                0x00006880                _vsnprintf
 .text._printf  0x000068f0       0x50 c:/mcuxpressoide_11.0.1_2563/ide/plugins/com.nxp.mcuxpresso.tools.win32_11.0.1.201907311258/tools/bin/../lib/gcc/arm-none-eabi/8.2.1/../../../../arm-none-eabi/lib/thumb/v6-m/nofp\libcr_c.a(printf.o)
                0x000068f0                _printf
 .text.setvbuf  0x00006940       0x4c c:/mcuxpressoide_11.0.1_2563/ide/plugins/com.nxp.mcuxpresso.tools.win32_11.0.1.201907311258/tools/bin/../lib/gcc/arm-none-eabi/8.2.1/../../../../arm-none-eabi/lib/thumb/v6-m/nofp\libcr_c.a(setvbuf.o)
                0x00006940                setvbuf
 .text.sqrt     0x0000698c      0x13c c:/mcuxpressoide_11.0.1_2563/ide/plugins/com.nxp.mcuxpresso.tools.win32_11.0.1.201907311258/tools/bin/../lib/gcc/arm-none-eabi/8.2.1/../../../../arm-none-eabi/lib/thumb/v6-m/nofp\libcr_c.a(sqrt.o)
                0x0000698c                sqrt
 .text.strlen   0x00006ac8       0x58 c:/mcuxpressoide_11.0.1_2563/ide/plugins/com.nxp.mcuxpresso.tools.win32_11.0.1.201907311258/tools/bin/../lib/gcc/arm-none-eabi/8.2.1/../../../../arm-none-eabi/lib/thumb/v6-m/nofp\libcr_c.a(strlen.o)
                0x00006ac8                strlen
 .text._sbrk    0x00006b20       0x40 c:/mcuxpressoide_11.0.1_2563/ide/plugins/com.nxp.mcuxpresso.tools.win32_11.0.1.201907311258/tools/bin/../lib/gcc/arm-none-eabi/8.2.1/../../../../arm-none-eabi/lib/thumb/v6-m/nofp\libcr_c.a(_cr_sbrk.o)
                0x00006b20                _sbrk
 .text._deferredlazyseek
                0x00006b60       0x40 c:/mcuxpressoide_11.0.1_2563/ide/plugins/com.nxp.mcuxpresso.tools.win32_11.0.1.201907311258/tools/bin/../lib/gcc/arm-none-eabi/8.2.1/../../../../arm-none-eabi/lib/thumb/v6-m/nofp\libcr_c.a(_deferredlazyseek.o)
                0x00006b60                _deferredlazyseek
 .text.__flsbuf
                0x00006ba0      0x14c c:/mcuxpressoide_11.0.1_2563/ide/plugins/com.nxp.mcuxpresso.tools.win32_11.0.1.201907311258/tools/bin/../lib/gcc/arm-none-eabi/8.2.1/../../../../arm-none-eabi/lib/thumb/v6-m/nofp\libcr_c.a(_deferredlazyseek.o)
                0x00006ba0                __flsbuf
 .text._fdopen  0x00006cec       0x74 c:/mcuxpressoide_11.0.1_2563/ide/plugins/com.nxp.mcuxpresso.tools.win32_11.0.1.201907311258/tools/bin/../lib/gcc/arm-none-eabi/8.2.1/../../../../arm-none-eabi/lib/thumb/v6-m/nofp\libcr_c.a(_fdopen.o)
                0x00006cec                _fdopen
 .text._fflush  0x00006d60       0x5c c:/mcuxpressoide_11.0.1_2563/ide/plugins/com.nxp.mcuxpresso.tools.win32_11.0.1.201907311258/tools/bin/../lib/gcc/arm-none-eabi/8.2.1/../../../../arm-none-eabi/lib/thumb/v6-m/nofp\libcr_c.a(_fflush.o)
                0x00006d60                _fflush
 .text._sincos  0x00006dbc      0x1dc c:/mcuxpressoide_11.0.1_2563/ide/plugins/com.nxp.mcuxpresso.tools.win32_11.0.1.201907311258/tools/bin/../lib/gcc/arm-none-eabi/8.2.1/../../../../arm-none-eabi/lib/thumb/v6-m/nofp\libcr_c.a(_sincos.o)
                0x00006dbc                _sincos
 .text._Cwritebuf
                0x00006f98       0x68 c:/mcuxpressoide_11.0.1_2563/ide/plugins/com.nxp.mcuxpresso.tools.win32_11.0.1.201907311258/tools/bin/../lib/gcc/arm-none-eabi/8.2.1/../../../../arm-none-eabi/lib/thumb/v6-m/nofp\libcr_c.a(_writebuf.o)
                0x00006f98                _Cwritebuf
 .text.fclose   0x00007000       0x5c c:/mcuxpressoide_11.0.1_2563/ide/plugins/com.nxp.mcuxpresso.tools.win32_11.0.1.201907311258/tools/bin/../lib/gcc/arm-none-eabi/8.2.1/../../../../arm-none-eabi/lib/thumb/v6-m/nofp\libcr_c.a(fclose.o)
                0x00007000                fclose
 .text.fflush   0x0000705c       0x44 c:/mcuxpressoide_11.0.1_2563/ide/plugins/com.nxp.mcuxpresso.tools.win32_11.0.1.201907311258/tools/bin/../lib/gcc/arm-none-eabi/8.2.1/../../../../arm-none-eabi/lib/thumb/v6-m/nofp\libcr_c.a(fflush.o)
                0x0000705c                fflush
 .text.frexp    0x000070a0       0x80 c:/mcuxpressoide_11.0.1_2563/ide/plugins/com.nxp.mcuxpresso.tools.win32_11.0.1.201907311258/tools/bin/../lib/gcc/arm-none-eabi/8.2.1/../../../../arm-none-eabi/lib/thumb/v6-m/nofp\libcr_c.a(frexp.o)
                0x000070a0                frexp
 .text.fseek    0x00007120       0xf0 c:/mcuxpressoide_11.0.1_2563/ide/plugins/com.nxp.mcuxpresso.tools.win32_11.0.1.201907311258/tools/bin/../lib/gcc/arm-none-eabi/8.2.1/../../../../arm-none-eabi/lib/thumb/v6-m/nofp\libcr_c.a(fseek.o)
                0x00007120                fseek
 .text.ftell    0x00007210       0x48 c:/mcuxpressoide_11.0.1_2563/ide/plugins/com.nxp.mcuxpresso.tools.win32_11.0.1.201907311258/tools/bin/../lib/gcc/arm-none-eabi/8.2.1/../../../../arm-none-eabi/lib/thumb/v6-m/nofp\libcr_c.a(ftell.o)
                0x00007210                ftell
 .text.ldexp    0x00007258       0x58 c:/mcuxpressoide_11.0.1_2563/ide/plugins/com.nxp.mcuxpresso.tools.win32_11.0.1.201907311258/tools/bin/../lib/gcc/arm-none-eabi/8.2.1/../../../../arm-none-eabi/lib/thumb/v6-m/nofp\libcr_c.a(ldexp.o)
                0x00007258                ldexp
 .text.__check_heap_overflow
                0x000072b0       0x14 c:/mcuxpressoide_11.0.1_2563/ide/plugins/com.nxp.mcuxpresso.tools.win32_11.0.1.201907311258/tools/bin/../lib/gcc/arm-none-eabi/8.2.1/../../../../arm-none-eabi/lib/thumb/v6-m/nofp\libcr_c.a(_cr_check_heap.o)
                0x000072b0                __check_heap_overflow
 .text._do_fflush
                0x000072c4       0x44 c:/mcuxpressoide_11.0.1_2563/ide/plugins/com.nxp.mcuxpresso.tools.win32_11.0.1.201907311258/tools/bin/../lib/gcc/arm-none-eabi/8.2.1/../../../../arm-none-eabi/lib/thumb/v6-m/nofp\libcr_c.a(_do_fflush.o)
                0x000072c4                _do_fflush
 .text.__aeabi_dmul
                0x00007308      0x188 c:/mcuxpressoide_11.0.1_2563/ide/plugins/com.nxp.mcuxpresso.tools.win32_11.0.1.201907311258/tools/bin/../lib/gcc/arm-none-eabi/8.2.1/thumb/v6-m/nofp\libcr_eabihelpers.a(double.o)
                0x00007308                __aeabi_dmul
 .text.__aeabi_ddiv
                0x00007490      0x148 c:/mcuxpressoide_11.0.1_2563/ide/plugins/com.nxp.mcuxpresso.tools.win32_11.0.1.201907311258/tools/bin/../lib/gcc/arm-none-eabi/8.2.1/thumb/v6-m/nofp\libcr_eabihelpers.a(double.o)
                0x00007490                __aeabi_ddiv
 .text.__aeabi_dsub
                0x000075d8      0x1c4 c:/mcuxpressoide_11.0.1_2563/ide/plugins/com.nxp.mcuxpresso.tools.win32_11.0.1.201907311258/tools/bin/../lib/gcc/arm-none-eabi/8.2.1/thumb/v6-m/nofp\libcr_eabihelpers.a(double.o)
                0x000075d8                __aeabi_dsub
 .text.__aeabi_dadd
                0x0000779c      0x12c c:/mcuxpressoide_11.0.1_2563/ide/plugins/com.nxp.mcuxpresso.tools.win32_11.0.1.201907311258/tools/bin/../lib/gcc/arm-none-eabi/8.2.1/thumb/v6-m/nofp\libcr_eabihelpers.a(double.o)
                0x0000779c                __aeabi_dadd
 .text.__aeabi_d2f
                0x000078c8       0x60 c:/mcuxpressoide_11.0.1_2563/ide/plugins/com.nxp.mcuxpresso.tools.win32_11.0.1.201907311258/tools/bin/../lib/gcc/arm-none-eabi/8.2.1/thumb/v6-m/nofp\libcr_eabihelpers.a(double.o)
                0x000078c8                __aeabi_d2f
 .text.__aeabi_d2iz
                0x00007928       0x4c c:/mcuxpressoide_11.0.1_2563/ide/plugins/com.nxp.mcuxpresso.tools.win32_11.0.1.201907311258/tools/bin/../lib/gcc/arm-none-eabi/8.2.1/thumb/v6-m/nofp\libcr_eabihelpers.a(double.o)
                0x00007928                __aeabi_d2iz
 .text.__aeabi_d2uiz
                0x00007974       0x34 c:/mcuxpressoide_11.0.1_2563/ide/plugins/com.nxp.mcuxpresso.tools.win32_11.0.1.201907311258/tools/bin/../lib/gcc/arm-none-eabi/8.2.1/thumb/v6-m/nofp\libcr_eabihelpers.a(double.o)
                0x00007974                __aeabi_d2uiz
 .text.__aeabi_d2lz
                0x000079a8       0x80 c:/mcuxpressoide_11.0.1_2563/ide/plugins/com.nxp.mcuxpresso.tools.win32_11.0.1.201907311258/tools/bin/../lib/gcc/arm-none-eabi/8.2.1/thumb/v6-m/nofp\libcr_eabihelpers.a(double.o)
                0x000079a8                __aeabi_d2lz
 .text.__bhs_ul2d
                0x00007a28       0xb4 c:/mcuxpressoide_11.0.1_2563/ide/plugins/com.nxp.mcuxpresso.tools.win32_11.0.1.201907311258/tools/bin/../lib/gcc/arm-none-eabi/8.2.1/thumb/v6-m/nofp\libcr_eabihelpers.a(double.o)
                0x00007a28                __bhs_ul2d
 .text.__aeabi_dcmpeq
                0x00007adc       0x30 c:/mcuxpressoide_11.0.1_2563/ide/plugins/com.nxp.mcuxpresso.tools.win32_11.0.1.201907311258/tools/bin/../lib/gcc/arm-none-eabi/8.2.1/thumb/v6-m/nofp\libcr_eabihelpers.a(double.o)
                0x00007adc                __aeabi_dcmpeq
 .text.__aeabi_dcmplt
                0x00007b0c       0x60 c:/mcuxpressoide_11.0.1_2563/ide/plugins/com.nxp.mcuxpresso.tools.win32_11.0.1.201907311258/tools/bin/../lib/gcc/arm-none-eabi/8.2.1/thumb/v6-m/nofp\libcr_eabihelpers.a(double.o)
                0x00007b0c                __aeabi_dcmplt
 .text.__aeabi_dcmpgt
                0x00007b6c       0x58 c:/mcuxpressoide_11.0.1_2563/ide/plugins/com.nxp.mcuxpresso.tools.win32_11.0.1.201907311258/tools/bin/../lib/gcc/arm-none-eabi/8.2.1/thumb/v6-m/nofp\libcr_eabihelpers.a(double.o)
                0x00007b6c                __aeabi_dcmpgt
 .text.__aeabi_dcmple
                0x00007bc4       0x58 c:/mcuxpressoide_11.0.1_2563/ide/plugins/com.nxp.mcuxpresso.tools.win32_11.0.1.201907311258/tools/bin/../lib/gcc/arm-none-eabi/8.2.1/thumb/v6-m/nofp\libcr_eabihelpers.a(double.o)
                0x00007bc4                __aeabi_dcmple
 .text.__aeabi_dcmpge
                0x00007c1c       0x60 c:/mcuxpressoide_11.0.1_2563/ide/plugins/com.nxp.mcuxpresso.tools.win32_11.0.1.201907311258/tools/bin/../lib/gcc/arm-none-eabi/8.2.1/thumb/v6-m/nofp\libcr_eabihelpers.a(double.o)
                0x00007c1c                __aeabi_dcmpge
 .text.__aeabi_fmul
                0x00007c7c       0xc4 c:/mcuxpressoide_11.0.1_2563/ide/plugins/com.nxp.mcuxpresso.tools.win32_11.0.1.201907311258/tools/bin/../lib/gcc/arm-none-eabi/8.2.1/thumb/v6-m/nofp\libcr_eabihelpers.a(float.o)
                0x00007c7c                __aeabi_fmul
 .text.__aeabi_fdiv
                0x00007d40       0xdc c:/mcuxpressoide_11.0.1_2563/ide/plugins/com.nxp.mcuxpresso.tools.win32_11.0.1.201907311258/tools/bin/../lib/gcc/arm-none-eabi/8.2.1/thumb/v6-m/nofp\libcr_eabihelpers.a(float.o)
                0x00007d40                __aeabi_fdiv
 .text.__aeabi_fsub
                0x00007e1c      0x128 c:/mcuxpressoide_11.0.1_2563/ide/plugins/com.nxp.mcuxpresso.tools.win32_11.0.1.201907311258/tools/bin/../lib/gcc/arm-none-eabi/8.2.1/thumb/v6-m/nofp\libcr_eabihelpers.a(float.o)
                0x00007e1c                __aeabi_fsub
 .text.__aeabi_fadd
                0x00007f44       0xac c:/mcuxpressoide_11.0.1_2563/ide/plugins/com.nxp.mcuxpresso.tools.win32_11.0.1.201907311258/tools/bin/../lib/gcc/arm-none-eabi/8.2.1/thumb/v6-m/nofp\libcr_eabihelpers.a(float.o)
                0x00007f44                __aeabi_fadd
 .text.__aeabi_f2d
                0x00007ff0       0x3c c:/mcuxpressoide_11.0.1_2563/ide/plugins/com.nxp.mcuxpresso.tools.win32_11.0.1.201907311258/tools/bin/../lib/gcc/arm-none-eabi/8.2.1/thumb/v6-m/nofp\libcr_eabihelpers.a(float.o)
                0x00007ff0                __aeabi_f2d
 .text.UART_EnableTx
                0x0000802c       0x40 ./utilities/fsl_debug_console.o
 .text.UART_EnableRx
                0x0000806c       0x40 ./utilities/fsl_debug_console.o
 .text.LPSCI_EnableTx
                0x000080ac       0x40 ./utilities/fsl_debug_console.o
 .text.LPSCI_EnableRx
                0x000080ec       0x40 ./utilities/fsl_debug_console.o
 .text.DbgConsole_PrintfPaddingCharacter
                0x0000812c       0x46 ./utilities/fsl_debug_console.o
 .text.DbgConsole_ConvertRadixNumToString
                0x00008172      0x114 ./utilities/fsl_debug_console.o
 .text.DbgConsole_PrintfFormattedData
                0x00008286      0x374 ./utilities/fsl_debug_console.o
 .text.ADC16_EnableHardwareTrigger
                0x000085fa       0x3a ./source/dacadc.o
 .text.DAC_Enable
                0x00008634       0x4a ./source/dacadc.o
 .text.EnableIRQ
                0x0000867e       0x2c ./source/freertos_tickless.o
 .text.LPTMR_EnableInterrupts
                0x000086aa       0x2e ./source/freertos_tickless.o
 .text.LPTMR0_IRQHandler
                0x000086d8        0xe ./source/freertos_tickless.o
                0x000086d8                LPTMR0_IRQHandler
 .text.vPortGetLptmrIrqn
                0x000086e6        0xc ./source/freertos_tickless.o
                0x000086e6                vPortGetLptmrIrqn
 .text.GPIO_WritePinOutput
                0x000086f2       0x34 ./source/led.o
 .text.GPIO_SetPinsOutput
                0x00008726       0x18 ./source/led.o
 .text.GPIO_ClearPinsOutput
                0x0000873e       0x18 ./source/led.o
 .text.GPIO_TogglePinsOutput
                0x00008756       0x18 ./source/led.o
 .text.LPTMR_ClearStatusFlags
                0x0000876e       0x1e ./freertos/fsl_tickless_lptmr.o
 .text.LPTMR_GetCurrentTimerCount
                0x0000878c       0x1e ./freertos/fsl_tickless_lptmr.o
 .text.LPTMR_StartTimer
                0x000087aa       0x2c ./freertos/fsl_tickless_lptmr.o
 .text.LPTMR_StopTimer
                0x000087d6       0x2c ./freertos/fsl_tickless_lptmr.o
 .text.vListInitialise
                0x00008802       0x3c ./freertos/list.o
                0x00008802                vListInitialise
 .text.vListInitialiseItem
                0x0000883e       0x16 ./freertos/list.o
                0x0000883e                vListInitialiseItem
 .text.vListInsertEnd
                0x00008854       0x44 ./freertos/list.o
                0x00008854                vListInsertEnd
 .text.vListInsert
                0x00008898       0x6c ./freertos/list.o
                0x00008898                vListInsert
 .text.uxListRemove
                0x00008904       0x50 ./freertos/list.o
                0x00008904                uxListRemove
 .text.SVC_Handler
                0x00008954        0xa ./freertos/port.o
                0x00008954                SVC_Handler
 .text.ulSetInterruptMaskFromISR
                0x0000895e        0xc ./freertos/port.o
                0x0000895e                ulSetInterruptMaskFromISR
 .text.vClearInterruptMaskFromISR
                0x0000896a        0x8 ./freertos/port.o
                0x0000896a                vClearInterruptMaskFromISR
 .text.xQueueGenericReset
                0x00008972       0xa8 ./freertos/queue.o
                0x00008972                xQueueGenericReset
 .text.xQueueGenericCreate
                0x00008a1a       0x64 ./freertos/queue.o
                0x00008a1a                xQueueGenericCreate
 .text.prvInitialiseNewQueue
                0x00008a7e       0x4e ./freertos/queue.o
 .text.xQueueGenericSend
                0x00008acc      0x188 ./freertos/queue.o
                0x00008acc                xQueueGenericSend
 .text.xQueueGenericSendFromISR
                0x00008c54       0xe2 ./freertos/queue.o
                0x00008c54                xQueueGenericSendFromISR
 .text.xQueueGiveFromISR
                0x00008d36       0xca ./freertos/queue.o
                0x00008d36                xQueueGiveFromISR
 .text.xQueueGenericReceive
                0x00008e00      0x1c8 ./freertos/queue.o
                0x00008e00                xQueueGenericReceive
 .text.prvCopyDataToQueue
                0x00008fc8       0xd6 ./freertos/queue.o
 .text.prvCopyDataFromQueue
                0x0000909e       0x4c ./freertos/queue.o
 .text.prvUnlockQueue
                0x000090ea       0xbc ./freertos/queue.o
 .text.prvIsQueueEmpty
                0x000091a6       0x2c ./freertos/queue.o
 .text.prvIsQueueFull
                0x000091d2       0x30 ./freertos/queue.o
 .text.vQueueWaitForMessageRestricted
                0x00009202       0x66 ./freertos/queue.o
                0x00009202                vQueueWaitForMessageRestricted
 .text.xTaskCreate
                0x00009268       0x90 ./freertos/tasks.o
                0x00009268                xTaskCreate
 .text.prvDeleteTCB
                0x000092f8       0x22 ./freertos/tasks.o
 .text.prvTimerTask
                0x0000931a       0x28 ./freertos/timers.o
 .text.ADC16_DoAutoCalibration
                0x00009342      0x118 ./drivers/fsl_adc16.o
                0x00009342                ADC16_DoAutoCalibration
 .text.ADC16_GetStatusFlags
                0x0000945a       0x3a ./drivers/fsl_adc16.o
                0x0000945a                ADC16_GetStatusFlags
 .text.OSC_SetExtRefClkConfig
                0x00009494       0x3e ./drivers/fsl_clock.o
 .text.OSC_SetCapLoad
                0x000094d2       0x42 ./drivers/fsl_clock.o
 .text.CLOCK_GetPll0RefFreq
                0x00009514       0x10 ./drivers/fsl_clock.o
 .text.CLOCK_SetExternalRefClkConfig
                0x00009524       0x16 ./drivers/fsl_clock.o
                0x00009524                CLOCK_SetExternalRefClkConfig
 .text.EnableIRQ
                0x0000953a       0x2c ./drivers/fsl_dma.o
 .text.GPIO_WritePinOutput
                0x00009566       0x34 ./drivers/fsl_gpio.o
 .text.LPSCI_GetStatusFlags
                0x0000959a       0x26 ./drivers/fsl_lpsci.o
                0x0000959a                LPSCI_GetStatusFlags
 .text.UART_GetStatusFlags
                0x000095c0       0x26 ./drivers/fsl_uart.o
                0x000095c0                UART_GetStatusFlags
 .text.UART_WriteBlocking
                0x000095e6       0x3a ./drivers/fsl_uart.o
                0x000095e6                UART_WriteBlocking
 .text.__main   0x00009620        0xc c:/mcuxpressoide_11.0.1_2563/ide/plugins/com.nxp.mcuxpresso.tools.win32_11.0.1.201907311258/tools/bin/../lib/gcc/arm-none-eabi/8.2.1/../../../../arm-none-eabi/lib/thumb/v6-m/nofp\libcr_nohost_nf.a(_cr__main.o)
                0x00009620                __main
 .text.memcpy   0x0000962c        0x8 c:/mcuxpressoide_11.0.1_2563/ide/plugins/com.nxp.mcuxpresso.tools.win32_11.0.1.201907311258/tools/bin/../lib/gcc/arm-none-eabi/8.2.1/../../../../arm-none-eabi/lib/thumb/v6-m/nofp\libcr_c.a(memcpy.o)
                0x0000962c                memcpy
 .text.memset   0x00009634        0x8 c:/mcuxpressoide_11.0.1_2563/ide/plugins/com.nxp.mcuxpresso.tools.win32_11.0.1.201907311258/tools/bin/../lib/gcc/arm-none-eabi/8.2.1/../../../../arm-none-eabi/lib/thumb/v6-m/nofp\libcr_c.a(memset.o)
                0x00009634                memset
 .text.free     0x0000963c       0x2c c:/mcuxpressoide_11.0.1_2563/ide/plugins/com.nxp.mcuxpresso.tools.win32_11.0.1.201907311258/tools/bin/../lib/gcc/arm-none-eabi/8.2.1/../../../../arm-none-eabi/lib/thumb/v6-m/nofp\libcr_c.a(alloc.o)
                0x0000963c                free
 .text.no_fp_display
                0x00009668        0x4 c:/mcuxpressoide_11.0.1_2563/ide/plugins/com.nxp.mcuxpresso.tools.win32_11.0.1.201907311258/tools/bin/../lib/gcc/arm-none-eabi/8.2.1/../../../../arm-none-eabi/lib/thumb/v6-m/nofp\libcr_c.a(printf.o)
 .text.sin      0x0000966c       0x36 c:/mcuxpressoide_11.0.1_2563/ide/plugins/com.nxp.mcuxpresso.tools.win32_11.0.1.201907311258/tools/bin/../lib/gcc/arm-none-eabi/8.2.1/../../../../arm-none-eabi/lib/thumb/v6-m/nofp\libcr_c.a(sin.o)
                0x0000966c                sin
 .text.fabs     0x000096a2       0x22 c:/mcuxpressoide_11.0.1_2563/ide/plugins/com.nxp.mcuxpresso.tools.win32_11.0.1.201907311258/tools/bin/../lib/gcc/arm-none-eabi/8.2.1/../../../../arm-none-eabi/lib/thumb/v6-m/nofp\libcr_c.a(fabs.o)
                0x000096a2                fabs
 .text.remove   0x000096c4       0x12 c:/mcuxpressoide_11.0.1_2563/ide/plugins/com.nxp.mcuxpresso.tools.win32_11.0.1.201907311258/tools/bin/../lib/gcc/arm-none-eabi/8.2.1/../../../../arm-none-eabi/lib/thumb/v6-m/nofp\libcr_c.a(remove.o)
                0x000096c4                remove
 .text.__aeabi_division_idivmod
                0x000096d6       0x78 c:/mcuxpressoide_11.0.1_2563/ide/plugins/com.nxp.mcuxpresso.tools.win32_11.0.1.201907311258/tools/bin/../lib/gcc/arm-none-eabi/8.2.1/thumb/v6-m/nofp\libcr_eabihelpers.a(division_32.o)
                0x000096d6                __aeabi_idivmod
                0x000096d6                __aeabi_idiv
                0x000096dc                __aeabi_uidivmod
                0x000096dc                __aeabi_uidiv
 .text.__aeabi_division_idiv0
                0x0000974e        0x2 c:/mcuxpressoide_11.0.1_2563/ide/plugins/com.nxp.mcuxpresso.tools.win32_11.0.1.201907311258/tools/bin/../lib/gcc/arm-none-eabi/8.2.1/thumb/v6-m/nofp\libcr_eabihelpers.a(division_idiv0.o)
                0x0000974e                __aeabi_idiv0
 .text.__bhs_ui2d
                0x00009750       0x5e c:/mcuxpressoide_11.0.1_2563/ide/plugins/com.nxp.mcuxpresso.tools.win32_11.0.1.201907311258/tools/bin/../lib/gcc/arm-none-eabi/8.2.1/thumb/v6-m/nofp\libcr_eabihelpers.a(double.o)
                0x00009750                __bhs_ui2d
 .text.__aeabi_i2d
                0x000097ae       0x18 c:/mcuxpressoide_11.0.1_2563/ide/plugins/com.nxp.mcuxpresso.tools.win32_11.0.1.201907311258/tools/bin/../lib/gcc/arm-none-eabi/8.2.1/thumb/v6-m/nofp\libcr_eabihelpers.a(double.o)
                0x000097ae                __aeabi_i2d
 .text.__aeabi_ui2d
                0x000097c6        0xc c:/mcuxpressoide_11.0.1_2563/ide/plugins/com.nxp.mcuxpresso.tools.win32_11.0.1.201907311258/tools/bin/../lib/gcc/arm-none-eabi/8.2.1/thumb/v6-m/nofp\libcr_eabihelpers.a(double.o)
                0x000097c6                __aeabi_ui2d
 .text.__aeabi_l2d
                0x000097d2       0x22 c:/mcuxpressoide_11.0.1_2563/ide/plugins/com.nxp.mcuxpresso.tools.win32_11.0.1.201907311258/tools/bin/../lib/gcc/arm-none-eabi/8.2.1/thumb/v6-m/nofp\libcr_eabihelpers.a(double.o)
                0x000097d2                __aeabi_l2d
 .text.__bhs_ui2f
                0x000097f4       0x62 c:/mcuxpressoide_11.0.1_2563/ide/plugins/com.nxp.mcuxpresso.tools.win32_11.0.1.201907311258/tools/bin/../lib/gcc/arm-none-eabi/8.2.1/thumb/v6-m/nofp\libcr_eabihelpers.a(float.o)
                0x000097f4                __bhs_ui2f
 .text.__aeabi_i2f
                0x00009856       0x18 c:/mcuxpressoide_11.0.1_2563/ide/plugins/com.nxp.mcuxpresso.tools.win32_11.0.1.201907311258/tools/bin/../lib/gcc/arm-none-eabi/8.2.1/thumb/v6-m/nofp\libcr_eabihelpers.a(float.o)
                0x00009856                __aeabi_i2f
 .text.__aeabi_ui2f
                0x0000986e        0xc c:/mcuxpressoide_11.0.1_2563/ide/plugins/com.nxp.mcuxpresso.tools.win32_11.0.1.201907311258/tools/bin/../lib/gcc/arm-none-eabi/8.2.1/thumb/v6-m/nofp\libcr_eabihelpers.a(float.o)
                0x0000986e                __aeabi_ui2f
 .text.__aeabi_fcmplt
                0x0000987a       0x44 c:/mcuxpressoide_11.0.1_2563/ide/plugins/com.nxp.mcuxpresso.tools.win32_11.0.1.201907311258/tools/bin/../lib/gcc/arm-none-eabi/8.2.1/thumb/v6-m/nofp\libcr_eabihelpers.a(float.o)
                0x0000987a                __aeabi_fcmplt
 .text.__aeabi_fcmpgt
                0x000098be       0x3e c:/mcuxpressoide_11.0.1_2563/ide/plugins/com.nxp.mcuxpresso.tools.win32_11.0.1.201907311258/tools/bin/../lib/gcc/arm-none-eabi/8.2.1/thumb/v6-m/nofp\libcr_eabihelpers.a(float.o)
                0x000098be                __aeabi_fcmpgt
 .text.__aeabi_llong_lmul
                0x000098fc       0x2e c:/mcuxpressoide_11.0.1_2563/ide/plugins/com.nxp.mcuxpresso.tools.win32_11.0.1.201907311258/tools/bin/../lib/gcc/arm-none-eabi/8.2.1/thumb/v6-m/nofp\libcr_eabihelpers.a(llong.o)
                0x000098fc                __aeabi_lmul
 .text.__aeabi_memcpy
                0x0000992a       0x2c c:/mcuxpressoide_11.0.1_2563/ide/plugins/com.nxp.mcuxpresso.tools.win32_11.0.1.201907311258/tools/bin/../lib/gcc/arm-none-eabi/8.2.1/thumb/v6-m/nofp\libcr_eabihelpers.a(memcpy.o)
                0x0000992a                __aeabi_memcpy4
                0x0000992a                __aeabi_memcpy8
                0x0000992a                __aeabi_memcpy
 .text.__aeabi_memset_lowlevel
                0x00009956       0x2a c:/mcuxpressoide_11.0.1_2563/ide/plugins/com.nxp.mcuxpresso.tools.win32_11.0.1.201907311258/tools/bin/../lib/gcc/arm-none-eabi/8.2.1/thumb/v6-m/nofp\libcr_eabihelpers.a(memcpy.o)
                0x00009956                __aeabi_lowlevel_memset
 .text.__sys_appexit
                0x00009980        0x2 c:/mcuxpressoide_11.0.1_2563/ide/plugins/com.nxp.mcuxpresso.tools.win32_11.0.1.201907311258/tools/bin/../lib/gcc/arm-none-eabi/8.2.1/../../../../arm-none-eabi/lib/thumb/v6-m/nofp\libcr_nohost_nf.a(__sys_appexit.o)
                0x00009980                __sys_appexit
                0x00009980                __exit
 .text.__sys_close
                0x00009982        0x6 c:/mcuxpressoide_11.0.1_2563/ide/plugins/com.nxp.mcuxpresso.tools.win32_11.0.1.201907311258/tools/bin/../lib/gcc/arm-none-eabi/8.2.1/../../../../arm-none-eabi/lib/thumb/v6-m/nofp\libcr_nohost_nf.a(__sys_close.o)
                0x00009982                __sys_close
 .text.__sys_flen
                0x00009988        0x6 c:/mcuxpressoide_11.0.1_2563/ide/plugins/com.nxp.mcuxpresso.tools.win32_11.0.1.201907311258/tools/bin/../lib/gcc/arm-none-eabi/8.2.1/../../../../arm-none-eabi/lib/thumb/v6-m/nofp\libcr_nohost_nf.a(__sys_flen.o)
                0x00009988                __sys_flen
 .text.__sys_istty
                0x0000998e        0x6 c:/mcuxpressoide_11.0.1_2563/ide/plugins/com.nxp.mcuxpresso.tools.win32_11.0.1.201907311258/tools/bin/../lib/gcc/arm-none-eabi/8.2.1/../../../../arm-none-eabi/lib/thumb/v6-m/nofp\libcr_nohost_nf.a(__sys_istty.o)
                0x0000998e                __sys_istty
 .text.__sys_remove
                0x00009994        0x6 c:/mcuxpressoide_11.0.1_2563/ide/plugins/com.nxp.mcuxpresso.tools.win32_11.0.1.201907311258/tools/bin/../lib/gcc/arm-none-eabi/8.2.1/../../../../arm-none-eabi/lib/thumb/v6-m/nofp\libcr_nohost_nf.a(__sys_remove.o)
                0x00009994                __sys_remove
 .text.__sys_seek
                0x0000999a        0x6 c:/mcuxpressoide_11.0.1_2563/ide/plugins/com.nxp.mcuxpresso.tools.win32_11.0.1.201907311258/tools/bin/../lib/gcc/arm-none-eabi/8.2.1/../../../../arm-none-eabi/lib/thumb/v6-m/nofp\libcr_nohost_nf.a(__sys_seek.o)
                0x0000999a                __sys_seek
 .text.__sys_tmpnam
                0x000099a0        0x6 c:/mcuxpressoide_11.0.1_2563/ide/plugins/com.nxp.mcuxpresso.tools.win32_11.0.1.201907311258/tools/bin/../lib/gcc/arm-none-eabi/8.2.1/../../../../arm-none-eabi/lib/thumb/v6-m/nofp\libcr_nohost_nf.a(__sys_tmpnam.o)
                0x000099a0                __sys_tmpnam
 .text.__sys_write
                0x000099a6        0x4 c:/mcuxpressoide_11.0.1_2563/ide/plugins/com.nxp.mcuxpresso.tools.win32_11.0.1.201907311258/tools/bin/../lib/gcc/arm-none-eabi/8.2.1/../../../../arm-none-eabi/lib/thumb/v6-m/nofp\libcr_nohost_nf.a(__sys_write.o)
                0x000099a6                __sys_write
 *(SORT_BY_ALIGNMENT(.rodata) SORT_BY_ALIGNMENT(.rodata.*) SORT_BY_ALIGNMENT(.constdata) SORT_BY_ALIGNMENT(.constdata.*))
 *fill*         0x000099aa        0x6 ff
 .rodata.a1.3979
                0x000099b0       0x88 c:/mcuxpressoide_11.0.1_2563/ide/plugins/com.nxp.mcuxpresso.tools.win32_11.0.1.201907311258/tools/bin/../lib/gcc/arm-none-eabi/8.2.1/../../../../arm-none-eabi/lib/thumb/v6-m/nofp\libcr_c.a(pow.o)
 .rodata.a2.3980
                0x00009a38       0x40 c:/mcuxpressoide_11.0.1_2563/ide/plugins/com.nxp.mcuxpresso.tools.win32_11.0.1.201907311258/tools/bin/../lib/gcc/arm-none-eabi/8.2.1/../../../../arm-none-eabi/lib/thumb/v6-m/nofp\libcr_c.a(pow.o)
 .rodata        0x00009a78       0xf2 ./source/cir_buffer.o
 *fill*         0x00009b6a        0x2 ff
 .rodata        0x00009b6c       0x48 ./source/dacadc.o
 .rodata        0x00009bb4       0xc2 ./source/dma.o
 *fill*         0x00009c76        0x2 ff
 .rodata        0x00009c78      0x381 ./source/freertos_tickless.o
 *fill*         0x00009ff9        0x3 ff
 .rodata        0x00009ffc       0xff ./source/logger.o
 *fill*         0x0000a0fb        0x1 ff
 .rodata        0x0000a0fc       0x27 ./freertos/fsl_tickless_lptmr.o
 *fill*         0x0000a123        0x1 ff
 .rodata        0x0000a124       0x18 ./freertos/tasks.o
                0x0000a12c                FreeRTOSDebugConfig
 .rodata        0x0000a13c        0xd ./freertos/timers.o
 *fill*         0x0000a149        0x3 ff
 .rodata.prvProcessReceivedCommands
                0x0000a14c       0x28 ./freertos/timers.o
 .rodata        0x0000a174      0x13a ./drivers/fsl_adc16.o
 *fill*         0x0000a2ae        0x2 ff
 .rodata        0x0000a2b0      0x11d ./drivers/fsl_clock.o
 *fill*         0x0000a3cd        0x3 ff
 .rodata.fllFactorTable.5230
                0x0000a3d0       0x10 ./drivers/fsl_clock.o
 .rodata        0x0000a3e0        0x4 ./drivers/fsl_common.o
 .rodata        0x0000a3e4      0x152 ./drivers/fsl_dac.o
 *fill*         0x0000a536        0x2 ff
 .rodata        0x0000a538      0x4ae ./drivers/fsl_dma.o
 *fill*         0x0000a9e6        0x2 ff
 .rodata.s_dmaIRQNumber
                0x0000a9e8        0x4 ./drivers/fsl_dma.o
 .rodata        0x0000a9ec       0x42 ./drivers/fsl_dmamux.o
 *fill*         0x0000aa2e        0x2 ff
 .rodata.s_portBases
                0x0000aa30       0x14 ./drivers/fsl_gpio.o
 .rodata.s_gpioBases
                0x0000aa44       0x14 ./drivers/fsl_gpio.o
 .rodata        0x0000aa58       0x62 ./drivers/fsl_gpio.o
 *fill*         0x0000aaba        0x2 ff
 .rodata        0x0000aabc      0x48c ./drivers/fsl_lpsci.o
 .rodata        0x0000af48       0x88 ./drivers/fsl_lptmr.o
 .rodata.s_uartBases
                0x0000afd0        0xc ./drivers/fsl_uart.o
 .rodata.s_uartClock
                0x0000afdc        0xc ./drivers/fsl_uart.o
 .rodata        0x0000afe8      0x45b ./drivers/fsl_uart.o
 *fill*         0x0000b443        0x1 ff
 .rodata.mcgConfig_BOARD_BootClockRUN
                0x0000b444        0xa ./board/clock_config.o
                0x0000b444                mcgConfig_BOARD_BootClockRUN
 *fill*         0x0000b44e        0x2 ff
 .rodata.simConfig_BOARD_BootClockRUN
                0x0000b450        0x8 ./board/clock_config.o
                0x0000b450                simConfig_BOARD_BootClockRUN
 .rodata.oscConfig_BOARD_BootClockRUN
                0x0000b458        0x8 ./board/clock_config.o
                0x0000b458                oscConfig_BOARD_BootClockRUN
 .rodata        0x0000b460       0x23 ./board/pin_mux.o
 *fill*         0x0000b483        0x1 ff
 .rodata.__num_Ciob_streams
                0x0000b484        0x4 c:/mcuxpressoide_11.0.1_2563/ide/plugins/com.nxp.mcuxpresso.tools.win32_11.0.1.201907311258/tools/bin/../lib/gcc/arm-none-eabi/8.2.1/../../../../arm-none-eabi/lib/thumb/v6-m/nofp\libcr_nohost_nf.a(__ciob.o)
                0x0000b484                __num_Ciob_streams
 .rodata._Csys_alloc.str1.1
                0x0000b488       0x18 c:/mcuxpressoide_11.0.1_2563/ide/plugins/com.nxp.mcuxpresso.tools.win32_11.0.1.201907311258/tools/bin/../lib/gcc/arm-none-eabi/8.2.1/../../../../arm-none-eabi/lib/thumb/v6-m/nofp\libcr_c.a(alloc.o)
 .rodata._initio.str1.1
                0x0000b4a0        0x4 c:/mcuxpressoide_11.0.1_2563/ide/plugins/com.nxp.mcuxpresso.tools.win32_11.0.1.201907311258/tools/bin/../lib/gcc/arm-none-eabi/8.2.1/../../../../arm-none-eabi/lib/thumb/v6-m/nofp\libcr_c.a(initio.o)
 .rodata.__vfprintf.str1.1
                0x0000b4a4       0x37 c:/mcuxpressoide_11.0.1_2563/ide/plugins/com.nxp.mcuxpresso.tools.win32_11.0.1.201907311258/tools/bin/../lib/gcc/arm-none-eabi/8.2.1/../../../../arm-none-eabi/lib/thumb/v6-m/nofp\libcr_c.a(printf.o)
                                 0x38 (size before relaxing)
                0x0000b4dc                . = ALIGN (0x4)
 *fill*         0x0000b4db        0x1 ff

.glue_7         0x0000b4dc        0x0
 .glue_7        0x0000b4dc        0x0 linker stubs

.glue_7t        0x0000b4dc        0x0
 .glue_7t       0x0000b4dc        0x0 linker stubs

.vfp11_veneer   0x0000b4dc        0x0
 .vfp11_veneer  0x0000b4dc        0x0 linker stubs

.v4_bx          0x0000b4dc        0x0
 .v4_bx         0x0000b4dc        0x0 linker stubs

.iplt           0x0000b4dc        0x0
 .iplt          0x0000b4dc        0x0 ./utilities/fsl_debug_console.o

.rel.dyn        0x0000b4dc        0x0
 .rel.iplt      0x0000b4dc        0x0 ./utilities/fsl_debug_console.o

.ARM.extab
 *(SORT_BY_ALIGNMENT(.ARM.extab*) SORT_BY_ALIGNMENT(.gnu.linkonce.armextab.*))
                0x0000b4dc                __exidx_start = .

.ARM.exidx
 *(SORT_BY_ALIGNMENT(.ARM.exidx*) SORT_BY_ALIGNMENT(.gnu.linkonce.armexidx.*))
                0x0000b4dc                __exidx_end = .
                0x0000b4dc                _etext = .

.m_usb_data
 *(SORT_BY_ALIGNMENT(m_usb_bdt))

.mtb_buffer_default
                0x1ffff000       0x80
 *(SORT_BY_ALIGNMENT(.mtb*))
 .mtb.$RAM1     0x1ffff000       0x80 ./source/mtb.o
                0x1ffff000                __mtb_buffer__

.uninit_RESERVED
                0x1ffff080        0x0
                0x1ffff080                . = ALIGN (0x4)
 *(SORT_BY_ALIGNMENT(.bss.$RESERVED*))
                0x1ffff080                . = ALIGN (0x4)
                0x1ffff080                _end_uninit_RESERVED = .

.data           0x1ffff080      0x650 load address 0x0000b4dc
 FILL mask 0xff
                0x1ffff080                _data = .
 *(SORT_BY_ALIGNMENT(vtable))
 *(SORT_BY_ALIGNMENT(.ramfunc*))
 *(SORT_BY_ALIGNMENT(CodeQuickAccess))
 *(SORT_BY_ALIGNMENT(DataQuickAccess))
 *(SORT_BY_ALIGNMENT(RamFunction))
 *(SORT_BY_ALIGNMENT(.data*))
 .data.ch_arr   0x1ffff080      0x640 ./source/logger.o
                0x1ffff080                ch_arr
 .data.uxCriticalNesting
                0x1ffff6c0        0x4 ./freertos/port.o
 .data.s_slowIrcFreq
                0x1ffff6c4        0x4 ./drivers/fsl_clock.o
 .data.SystemCoreClock
                0x1ffff6c8        0x4 ./CMSIS/system_MKL25Z4.o
                0x1ffff6c8                SystemCoreClock
 .data.num_execute
                0x1ffff6cc        0x1 ./source/freertos_tickless.o
                0x1ffff6cc                num_execute
                0x1ffff6d0                . = ALIGN (0x4)
 *fill*         0x1ffff6cd        0x3 ff
                0x1ffff6d0                _edata = .

.igot.plt       0x1ffff6d0        0x0 load address 0x0000bb2c
 .igot.plt      0x1ffff6d0        0x0 ./utilities/fsl_debug_console.o

.bss            0x1ffff6d0     0x2bb8 load address 0x0000bb2c
                0x1ffff6d0                . = ALIGN (0x4)
                0x1ffff6d0                _bss = .
 *(SORT_BY_ALIGNMENT(.bss*))
 .bss.timecount
                0x1ffff6d0        0x8 ./source/logger.o
                0x1ffff6d0                timecount
 .bss.s_debugConsole
                0x1ffff6d8       0x10 ./utilities/fsl_debug_console.o
 .bss.g_DMA_Handle
                0x1ffff6e8       0x10 ./source/dma.o
                0x1ffff6e8                g_DMA_Handle
 .bss.transferConfig
                0x1ffff6f8       0x10 ./source/dma.o
                0x1ffff6f8                transferConfig
 .bss.adc_queue
                0x1ffff708        0x4 ./source/freertos_tickless.o
                0x1ffff708                adc_queue
 .bss.g_adc16ChannelConfigStruct
                0x1ffff70c        0x8 ./source/freertos_tickless.o
                0x1ffff70c                g_adc16ChannelConfigStruct
 .bss.TaskHandle_1
                0x1ffff714        0x4 ./source/freertos_tickless.o
                0x1ffff714                TaskHandle_1
 .bss.adc_buff  0x1ffff718        0x4 ./source/freertos_tickless.o
                0x1ffff718                adc_buff
 .bss.dsp_buff  0x1ffff71c       0xc8 ./source/freertos_tickless.o
                0x1ffff71c                dsp_buff
 .bss.xSWSemaphore
                0x1ffff7e4        0x4 ./source/freertos_tickless.o
                0x1ffff7e4                xSWSemaphore
 .bss.ulTimerCountsForOneTick
                0x1ffff7e8        0x4 ./freertos/fsl_tickless_lptmr.o
 .bss.xMaximumPossibleSuppressedTicks
                0x1ffff7ec        0x4 ./freertos/fsl_tickless_lptmr.o
 .bss.ulLPTimerCountsForOneTick
                0x1ffff7f0        0x4 ./freertos/fsl_tickless_lptmr.o
 .bss.ucHeap    0x1ffff7f4     0x2800 ./freertos/heap_4.o
 .bss.xStart    0x20001ff4        0x8 ./freertos/heap_4.o
 .bss.pxEnd     0x20001ffc        0x4 ./freertos/heap_4.o
 .bss.xFreeBytesRemaining
                0x20002000        0x4 ./freertos/heap_4.o
 .bss.xMinimumEverFreeBytesRemaining
                0x20002004        0x4 ./freertos/heap_4.o
 .bss.xBlockAllocatedBit
                0x20002008        0x4 ./freertos/heap_4.o
 .bss.xQueueRegistry
                0x2000200c       0x40 ./freertos/queue.o
                0x2000200c                xQueueRegistry
 .bss.pxCurrentTCB
                0x2000204c        0x4 ./freertos/tasks.o
                0x2000204c                pxCurrentTCB
 .bss.pxReadyTasksLists
                0x20002050       0x64 ./freertos/tasks.o
 .bss.xDelayedTaskList1
                0x200020b4       0x14 ./freertos/tasks.o
 .bss.xDelayedTaskList2
                0x200020c8       0x14 ./freertos/tasks.o
 .bss.pxDelayedTaskList
                0x200020dc        0x4 ./freertos/tasks.o
 .bss.pxOverflowDelayedTaskList
                0x200020e0        0x4 ./freertos/tasks.o
 .bss.xPendingReadyList
                0x200020e4       0x14 ./freertos/tasks.o
 .bss.xTasksWaitingTermination
                0x200020f8       0x14 ./freertos/tasks.o
 .bss.uxDeletedTasksWaitingCleanUp
                0x2000210c        0x4 ./freertos/tasks.o
 .bss.xSuspendedTaskList
                0x20002110       0x14 ./freertos/tasks.o
 .bss.uxCurrentNumberOfTasks
                0x20002124        0x4 ./freertos/tasks.o
 .bss.xTickCount
                0x20002128        0x4 ./freertos/tasks.o
 .bss.uxTopReadyPriority
                0x2000212c        0x4 ./freertos/tasks.o
 .bss.xSchedulerRunning
                0x20002130        0x4 ./freertos/tasks.o
 .bss.uxPendedTicks
                0x20002134        0x4 ./freertos/tasks.o
 .bss.xYieldPending
                0x20002138        0x4 ./freertos/tasks.o
 .bss.xNumOfOverflows
                0x2000213c        0x4 ./freertos/tasks.o
 .bss.uxTaskNumber
                0x20002140        0x4 ./freertos/tasks.o
 .bss.xNextTaskUnblockTime
                0x20002144        0x4 ./freertos/tasks.o
 .bss.xIdleTaskHandle
                0x20002148        0x4 ./freertos/tasks.o
 .bss.uxSchedulerSuspended
                0x2000214c        0x4 ./freertos/tasks.o
 .bss.xActiveTimerList1
                0x20002150       0x14 ./freertos/timers.o
 .bss.xActiveTimerList2
                0x20002164       0x14 ./freertos/timers.o
 .bss.pxCurrentTimerList
                0x20002178        0x4 ./freertos/timers.o
 .bss.pxOverflowTimerList
                0x2000217c        0x4 ./freertos/timers.o
 .bss.xTimerQueue
                0x20002180        0x4 ./freertos/timers.o
 .bss.xTimerTaskHandle
                0x20002184        0x4 ./freertos/timers.o
 .bss.xLastTime.4594
                0x20002188        0x4 ./freertos/timers.o
 .bss.g_xtal0Freq
                0x2000218c        0x4 ./drivers/fsl_clock.o
                0x2000218c                g_xtal0Freq
 .bss.s_DMAHandle
                0x20002190       0x10 ./drivers/fsl_dma.o
 .bss.s_lpsciHandle
                0x200021a0        0x4 ./drivers/fsl_lpsci.o
 .bss.s_lpsciIsr
                0x200021a4        0x4 ./drivers/fsl_lpsci.o
 .bss.s_uartHandle
                0x200021a8        0xc ./drivers/fsl_uart.o
 .bss.s_uartIsr
                0x200021b4        0x4 ./drivers/fsl_uart.o
 .bss.__end_of_heap
                0x200021b8        0x4 c:/mcuxpressoide_11.0.1_2563/ide/plugins/com.nxp.mcuxpresso.tools.win32_11.0.1.201907311258/tools/bin/../lib/gcc/arm-none-eabi/8.2.1/../../../../arm-none-eabi/lib/thumb/v6-m/nofp\libcr_c.a(__init_alloc.o)
                0x200021b8                __end_of_heap
 .bss.__heaps   0x200021bc        0x4 c:/mcuxpressoide_11.0.1_2563/ide/plugins/com.nxp.mcuxpresso.tools.win32_11.0.1.201907311258/tools/bin/../lib/gcc/arm-none-eabi/8.2.1/../../../../arm-none-eabi/lib/thumb/v6-m/nofp\libcr_c.a(__init_alloc.o)
                0x200021bc                __heaps
 .bss.errno     0x200021c0        0x4 c:/mcuxpressoide_11.0.1_2563/ide/plugins/com.nxp.mcuxpresso.tools.win32_11.0.1.201907311258/tools/bin/../lib/gcc/arm-none-eabi/8.2.1/../../../../arm-none-eabi/lib/thumb/v6-m/nofp\libcr_c.a(errno.o)
                0x200021c0                errno
 .bss.__Ciob    0x200021c4       0xb4 c:/mcuxpressoide_11.0.1_2563/ide/plugins/com.nxp.mcuxpresso.tools.win32_11.0.1.201907311258/tools/bin/../lib/gcc/arm-none-eabi/8.2.1/../../../../arm-none-eabi/lib/thumb/v6-m/nofp\libcr_nohost_nf.a(__ciob.o)
                0x200021c4                __Ciob
 .bss.g_Adc16ConversionValue
                0x20002278        0x2 ./source/freertos_tickless.o
                0x20002278                g_Adc16ConversionValue
 .bss.var_sinefunc
                0x2000227a        0x2 ./source/freertos_tickless.o
                0x2000227a                var_sinefunc
 .bss.g_Transfer_Done
                0x2000227c        0x1 ./source/dma.o
                0x2000227c                g_Transfer_Done
 .bss.n         0x2000227d        0x1 ./source/freertos_tickless.o
                0x2000227d                n
 .bss.g_Adc16ConversionDoneFlag
                0x2000227e        0x1 ./source/freertos_tickless.o
                0x2000227e                g_Adc16ConversionDoneFlag
 .bss.receive_status
                0x2000227f        0x1 ./source/freertos_tickless.o
                0x2000227f                receive_status
 .bss.count     0x20002280        0x1 ./source/freertos_tickless.o
                0x20002280                count
 .bss.sec       0x20002281        0x1 ./source/logger.o
                0x20002281                sec
 .bss.min       0x20002282        0x1 ./source/logger.o
                0x20002282                min
 .bss.hour      0x20002283        0x1 ./source/logger.o
                0x20002283                hour
 .bss.ulLPTimerInterruptFired
                0x20002284        0x1 ./freertos/fsl_tickless_lptmr.o
 *(SORT_BY_ALIGNMENT(COMMON))
                0x20002288                . = ALIGN (0x4)
 *fill*         0x20002285        0x3 
                0x20002288                _ebss = .
                [!provide]                PROVIDE (end = .)

.noinit         0x20002288        0x0 load address 0x0000bb2c
                0x20002288                . = ALIGN (0x4)
                0x20002288                _noinit = .
 *(SORT_BY_ALIGNMENT(.noinit*))
                0x20002288                . = ALIGN (0x4)
                0x20002288                _end_noinit = .
                0x00000400                _HeapSize = 0x400

.heap           0x20002288      0x400 load address 0x0000bb2c
                0x20002288                _pvHeapStart = .
                0x20002688                . = (. + _HeapSize)
 *fill*         0x20002288      0x400 
                0x20002688                . = ALIGN (0x4)
                0x20002688                _pvHeapLimit = .
                0x00000400                _StackSize = 0x400

.heap2stackfill
                0x20002688      0x400 load address 0x0000bb2c
                0x20002a88                . = (. + _StackSize)
 *fill*         0x20002688      0x400 

.stack          0x20002c00        0x0
                0x20002c00                _vStackBase = .
                0x20002c00                . = ALIGN (0x4)
                0x20003000                _vStackTop = (. + _StackSize)
                0x00000000                _image_start = LOADADDR (.text)
                0x0000bb2c                _image_end = (LOADADDR (.data) + SIZEOF (.data))
                0x0000bb2c                _image_size = (_image_end - _image_start)
OUTPUT(Pes_6_v2_rtos_examples_freertos_tickless.axf elf32-littlearm)

.debug_info     0x00000000    0x13f13
 .debug_info    0x00000000      0xfba ./utilities/fsl_debug_console.o
 .debug_info    0x00000fba      0x4db ./startup/startup_mkl25z4.o
 .debug_info    0x00001495      0x9ab ./source/cir_buffer.o
 .debug_info    0x00001e40      0xaf6 ./source/dacadc.o
 .debug_info    0x00002936      0xd62 ./source/dma.o
 .debug_info    0x00003698     0x198f ./source/freertos_tickless.o
 .debug_info    0x00005027      0x6e6 ./source/led.o
 .debug_info    0x0000570d      0x816 ./source/logger.o
 .debug_info    0x00005f23       0x4f ./source/mtb.o
 .debug_info    0x00005f72       0x38 ./source/semihost_hardfault.o
 .debug_info    0x00005faa      0x712 ./freertos/fsl_tickless_lptmr.o
 .debug_info    0x000066bc      0x330 ./freertos/heap_4.o
 .debug_info    0x000069ec      0x2e7 ./freertos/list.o
 .debug_info    0x00006cd3      0x282 ./freertos/port.o
 .debug_info    0x00006f55      0xef9 ./freertos/queue.o
 .debug_info    0x00007e4e     0x19c9 ./freertos/tasks.o
 .debug_info    0x00009817      0xc93 ./freertos/timers.o
 .debug_info    0x0000a4aa      0xc9a ./drivers/fsl_adc16.o
 .debug_info    0x0000b144     0x1a93 ./drivers/fsl_clock.o
 .debug_info    0x0000cbd7      0x44a ./drivers/fsl_common.o
 .debug_info    0x0000d021      0x8b6 ./drivers/fsl_dac.o
 .debug_info    0x0000d8d7      0xf4a ./drivers/fsl_dma.o
 .debug_info    0x0000e821      0x4e3 ./drivers/fsl_dmamux.o
 .debug_info    0x0000ed04      0x562 ./drivers/fsl_gpio.o
 .debug_info    0x0000f266     0x1465 ./drivers/fsl_lpsci.o
 .debug_info    0x000106cb      0x70f ./drivers/fsl_lptmr.o
 .debug_info    0x00010dda     0x1406 ./drivers/fsl_uart.o
 .debug_info    0x000121e0      0x6f6 ./board/board.o
 .debug_info    0x000128d6      0xafa ./board/clock_config.o
 .debug_info    0x000133d0      0x70e ./board/pin_mux.o
 .debug_info    0x00013ade      0x435 ./CMSIS/system_MKL25Z4.o

.debug_abbrev   0x00000000     0x3fff
 .debug_abbrev  0x00000000      0x2d4 ./utilities/fsl_debug_console.o
 .debug_abbrev  0x000002d4      0x18a ./startup/startup_mkl25z4.o
 .debug_abbrev  0x0000045e      0x1ef ./source/cir_buffer.o
 .debug_abbrev  0x0000064d      0x1bd ./source/dacadc.o
 .debug_abbrev  0x0000080a      0x2a4 ./source/dma.o
 .debug_abbrev  0x00000aae      0x39d ./source/freertos_tickless.o
 .debug_abbrev  0x00000e4b      0x1c0 ./source/led.o
 .debug_abbrev  0x0000100b      0x1a4 ./source/logger.o
 .debug_abbrev  0x000011af       0x43 ./source/mtb.o
 .debug_abbrev  0x000011f2       0x2e ./source/semihost_hardfault.o
 .debug_abbrev  0x00001220      0x224 ./freertos/fsl_tickless_lptmr.o
 .debug_abbrev  0x00001444      0x1a4 ./freertos/heap_4.o
 .debug_abbrev  0x000015e8      0x123 ./freertos/list.o
 .debug_abbrev  0x0000170b      0x1b0 ./freertos/port.o
 .debug_abbrev  0x000018bb      0x233 ./freertos/queue.o
 .debug_abbrev  0x00001aee      0x2cd ./freertos/tasks.o
 .debug_abbrev  0x00001dbb      0x229 ./freertos/timers.o
 .debug_abbrev  0x00001fe4      0x29f ./drivers/fsl_adc16.o
 .debug_abbrev  0x00002283      0x36c ./drivers/fsl_clock.o
 .debug_abbrev  0x000025ef      0x27b ./drivers/fsl_common.o
 .debug_abbrev  0x0000286a      0x234 ./drivers/fsl_dac.o
 .debug_abbrev  0x00002a9e      0x2e9 ./drivers/fsl_dma.o
 .debug_abbrev  0x00002d87      0x1ad ./drivers/fsl_dmamux.o
 .debug_abbrev  0x00002f34      0x1b5 ./drivers/fsl_gpio.o
 .debug_abbrev  0x000030e9      0x306 ./drivers/fsl_lpsci.o
 .debug_abbrev  0x000033ef      0x1cf ./drivers/fsl_lptmr.o
 .debug_abbrev  0x000035be      0x320 ./drivers/fsl_uart.o
 .debug_abbrev  0x000038de      0x182 ./board/board.o
 .debug_abbrev  0x00003a60      0x20e ./board/clock_config.o
 .debug_abbrev  0x00003c6e      0x23e ./board/pin_mux.o
 .debug_abbrev  0x00003eac      0x153 ./CMSIS/system_MKL25Z4.o

.debug_aranges  0x00000000     0x1180
 .debug_aranges
                0x00000000       0x98 ./utilities/fsl_debug_console.o
 .debug_aranges
                0x00000098      0x160 ./startup/startup_mkl25z4.o
 .debug_aranges
                0x000001f8       0x58 ./source/cir_buffer.o
 .debug_aranges
                0x00000250       0x30 ./source/dacadc.o
 .debug_aranges
                0x00000280       0x50 ./source/dma.o
 .debug_aranges
                0x000002d0       0xa0 ./source/freertos_tickless.o
 .debug_aranges
                0x00000370       0x60 ./source/led.o
 .debug_aranges
                0x000003d0       0x38 ./source/logger.o
 .debug_aranges
                0x00000408       0x18 ./source/mtb.o
 .debug_aranges
                0x00000420       0x20 ./source/semihost_hardfault.o
 .debug_aranges
                0x00000440       0x60 ./freertos/fsl_tickless_lptmr.o
 .debug_aranges
                0x000004a0       0x50 ./freertos/heap_4.o
 .debug_aranges
                0x000004f0       0x40 ./freertos/list.o
 .debug_aranges
                0x00000530       0x80 ./freertos/port.o
 .debug_aranges
                0x000005b0      0x118 ./freertos/queue.o
 .debug_aranges
                0x000006c8      0x200 ./freertos/tasks.o
 .debug_aranges
                0x000008c8       0xc8 ./freertos/timers.o
 .debug_aranges
                0x00000990       0x88 ./drivers/fsl_adc16.o
 .debug_aranges
                0x00000a18      0x1d8 ./drivers/fsl_clock.o
 .debug_aranges
                0x00000bf0       0x38 ./drivers/fsl_common.o
 .debug_aranges
                0x00000c28       0x90 ./drivers/fsl_dac.o
 .debug_aranges
                0x00000cb8       0xd0 ./drivers/fsl_dma.o
 .debug_aranges
                0x00000d88       0x40 ./drivers/fsl_dmamux.o
 .debug_aranges
                0x00000dc8       0x40 ./drivers/fsl_gpio.o
 .debug_aranges
                0x00000e08      0x118 ./drivers/fsl_lpsci.o
 .debug_aranges
                0x00000f20       0x48 ./drivers/fsl_lptmr.o
 .debug_aranges
                0x00000f68      0x130 ./drivers/fsl_uart.o
 .debug_aranges
                0x00001098       0x28 ./board/board.o
 .debug_aranges
                0x000010c0       0x58 ./board/clock_config.o
 .debug_aranges
                0x00001118       0x40 ./board/pin_mux.o
 .debug_aranges
                0x00001158       0x28 ./CMSIS/system_MKL25Z4.o

.debug_ranges   0x00000000      0xf88
 .debug_ranges  0x00000000       0x88 ./utilities/fsl_debug_console.o
 .debug_ranges  0x00000088      0x150 ./startup/startup_mkl25z4.o
 .debug_ranges  0x000001d8       0x48 ./source/cir_buffer.o
 .debug_ranges  0x00000220       0x20 ./source/dacadc.o
 .debug_ranges  0x00000240       0x40 ./source/dma.o
 .debug_ranges  0x00000280       0x90 ./source/freertos_tickless.o
 .debug_ranges  0x00000310       0x50 ./source/led.o
 .debug_ranges  0x00000360       0x28 ./source/logger.o
 .debug_ranges  0x00000388       0x10 ./source/semihost_hardfault.o
 .debug_ranges  0x00000398       0x50 ./freertos/fsl_tickless_lptmr.o
 .debug_ranges  0x000003e8       0x40 ./freertos/heap_4.o
 .debug_ranges  0x00000428       0x30 ./freertos/list.o
 .debug_ranges  0x00000458       0x70 ./freertos/port.o
 .debug_ranges  0x000004c8      0x108 ./freertos/queue.o
 .debug_ranges  0x000005d0      0x1f0 ./freertos/tasks.o
 .debug_ranges  0x000007c0       0xb8 ./freertos/timers.o
 .debug_ranges  0x00000878       0x78 ./drivers/fsl_adc16.o
 .debug_ranges  0x000008f0      0x1c8 ./drivers/fsl_clock.o
 .debug_ranges  0x00000ab8       0x28 ./drivers/fsl_common.o
 .debug_ranges  0x00000ae0       0x80 ./drivers/fsl_dac.o
 .debug_ranges  0x00000b60       0xc0 ./drivers/fsl_dma.o
 .debug_ranges  0x00000c20       0x30 ./drivers/fsl_dmamux.o
 .debug_ranges  0x00000c50       0x30 ./drivers/fsl_gpio.o
 .debug_ranges  0x00000c80      0x108 ./drivers/fsl_lpsci.o
 .debug_ranges  0x00000d88       0x38 ./drivers/fsl_lptmr.o
 .debug_ranges  0x00000dc0      0x120 ./drivers/fsl_uart.o
 .debug_ranges  0x00000ee0       0x18 ./board/board.o
 .debug_ranges  0x00000ef8       0x48 ./board/clock_config.o
 .debug_ranges  0x00000f40       0x30 ./board/pin_mux.o
 .debug_ranges  0x00000f70       0x18 ./CMSIS/system_MKL25Z4.o

.debug_line     0x00000000     0xa7e2
 .debug_line    0x00000000      0xc69 ./utilities/fsl_debug_console.o
 .debug_line    0x00000c69      0x1e7 ./startup/startup_mkl25z4.o
 .debug_line    0x00000e50      0x44a ./source/cir_buffer.o
 .debug_line    0x0000129a      0x247 ./source/dacadc.o
 .debug_line    0x000014e1      0x32c ./source/dma.o
 .debug_line    0x0000180d      0x6ac ./source/freertos_tickless.o
 .debug_line    0x00001eb9      0x2ad ./source/led.o
 .debug_line    0x00002166      0x303 ./source/logger.o
 .debug_line    0x00002469       0x30 ./source/mtb.o
 .debug_line    0x00002499       0x5a ./source/semihost_hardfault.o
 .debug_line    0x000024f3      0x3bc ./freertos/fsl_tickless_lptmr.o
 .debug_line    0x000028af      0x3be ./freertos/heap_4.o
 .debug_line    0x00002c6d      0x26a ./freertos/list.o
 .debug_line    0x00002ed7      0x308 ./freertos/port.o
 .debug_line    0x000031df      0xbd5 ./freertos/queue.o
 .debug_line    0x00003db4     0x1548 ./freertos/tasks.o
 .debug_line    0x000052fc      0x673 ./freertos/timers.o
 .debug_line    0x0000596f      0x550 ./drivers/fsl_adc16.o
 .debug_line    0x00005ebf     0x11fc ./drivers/fsl_clock.o
 .debug_line    0x000070bb      0x295 ./drivers/fsl_common.o
 .debug_line    0x00007350      0x436 ./drivers/fsl_dac.o
 .debug_line    0x00007786      0x651 ./drivers/fsl_dma.o
 .debug_line    0x00007dd7      0x251 ./drivers/fsl_dmamux.o
 .debug_line    0x00008028      0x287 ./drivers/fsl_gpio.o
 .debug_line    0x000082af      0xc80 ./drivers/fsl_lpsci.o
 .debug_line    0x00008f2f      0x2cb ./drivers/fsl_lptmr.o
 .debug_line    0x000091fa      0xc6f ./drivers/fsl_uart.o
 .debug_line    0x00009e69      0x1d2 ./board/board.o
 .debug_line    0x0000a03b      0x2af ./board/clock_config.o
 .debug_line    0x0000a2ea      0x258 ./board/pin_mux.o
 .debug_line    0x0000a542      0x2a0 ./CMSIS/system_MKL25Z4.o

.debug_str      0x00000000     0x7c4c
 .debug_str     0x00000000      0xd49 ./utilities/fsl_debug_console.o
                                0xdde (size before relaxing)
 .debug_str     0x00000d49      0x394 ./startup/startup_mkl25z4.o
                                0x4fd (size before relaxing)
 .debug_str     0x000010dd      0x6df ./source/cir_buffer.o
                                0xde6 (size before relaxing)
 .debug_str     0x000017bc      0x673 ./source/dacadc.o
                                0xd89 (size before relaxing)
 .debug_str     0x00001e2f      0x41b ./source/dma.o
                                0xfe4 (size before relaxing)
 .debug_str     0x0000224a      0xc04 ./source/freertos_tickless.o
                               0x1c66 (size before relaxing)
 .debug_str     0x00002e4e       0x95 ./source/led.o
                                0x72c (size before relaxing)
 .debug_str     0x00002ee3       0x6d ./source/logger.o
                                0xbfe (size before relaxing)
 .debug_str     0x00002f50       0x1f ./source/mtb.o
                                0x187 (size before relaxing)
 .debug_str     0x00002f6f       0x1f ./source/semihost_hardfault.o
                                0x187 (size before relaxing)
 .debug_str     0x00002f8e      0x1f3 ./freertos/fsl_tickless_lptmr.o
                                0xb06 (size before relaxing)
 .debug_str     0x00003181      0x1d3 ./freertos/heap_4.o
                                0x3fe (size before relaxing)
 .debug_str     0x00003354       0x9c ./freertos/list.o
                                0x372 (size before relaxing)
 .debug_str     0x000033f0      0x130 ./freertos/port.o
                                0x3be (size before relaxing)
 .debug_str     0x00003520      0x48d ./freertos/queue.o
                                0x894 (size before relaxing)
 .debug_str     0x000039ad      0xc66 ./freertos/tasks.o
                               0x10e6 (size before relaxing)
 .debug_str     0x00004613      0x4dd ./freertos/timers.o
                                0x925 (size before relaxing)
 .debug_str     0x00004af0      0x418 ./drivers/fsl_adc16.o
                               0x1286 (size before relaxing)
 .debug_str     0x00004f08      0xc27 ./drivers/fsl_clock.o
                               0x1828 (size before relaxing)
 .debug_str     0x00005b2f      0x113 ./drivers/fsl_common.o
                                0x54a (size before relaxing)
 .debug_str     0x00005c42      0x253 ./drivers/fsl_dac.o
                                0xbd9 (size before relaxing)
 .debug_str     0x00005e95      0x55d ./drivers/fsl_dma.o
                               0x12ba (size before relaxing)
 .debug_str     0x000063f2       0x65 ./drivers/fsl_dmamux.o
                                0x8e1 (size before relaxing)
 .debug_str     0x00006457       0x8d ./drivers/fsl_gpio.o
                                0x84f (size before relaxing)
 .debug_str     0x000064e4      0x93c ./drivers/fsl_lpsci.o
                               0x15f0 (size before relaxing)
 .debug_str     0x00006e20       0x73 ./drivers/fsl_lptmr.o
                                0xd1c (size before relaxing)
 .debug_str     0x00006e93      0x819 ./drivers/fsl_uart.o
                               0x15fc (size before relaxing)
 .debug_str     0x000076ac       0x4c ./board/board.o
                                0x6d1 (size before relaxing)
 .debug_str     0x000076f8      0x237 ./board/clock_config.o
                                0xe0f (size before relaxing)
 .debug_str     0x0000792f      0x2d6 ./board/pin_mux.o
                                0x7b1 (size before relaxing)
 .debug_str     0x00007c05       0x47 ./CMSIS/system_MKL25Z4.o
                                0x369 (size before relaxing)

.comment        0x00000000       0x75
 .comment       0x00000000       0x75 ./utilities/fsl_debug_console.o
                                 0x76 (size before relaxing)
 .comment       0x00000075       0x76 ./startup/startup_mkl25z4.o
 .comment       0x00000075       0x76 ./source/cir_buffer.o
 .comment       0x00000075       0x76 ./source/dacadc.o
 .comment       0x00000075       0x76 ./source/dma.o
 .comment       0x00000075       0x76 ./source/freertos_tickless.o
 .comment       0x00000075       0x76 ./source/led.o
 .comment       0x00000075       0x76 ./source/logger.o
 .comment       0x00000075       0x76 ./source/mtb.o
 .comment       0x00000075       0x76 ./source/semihost_hardfault.o
 .comment       0x00000075       0x76 ./freertos/fsl_tickless_lptmr.o
 .comment       0x00000075       0x76 ./freertos/heap_4.o
 .comment       0x00000075       0x76 ./freertos/list.o
 .comment       0x00000075       0x76 ./freertos/port.o
 .comment       0x00000075       0x76 ./freertos/queue.o
 .comment       0x00000075       0x76 ./freertos/tasks.o
 .comment       0x00000075       0x76 ./freertos/timers.o
 .comment       0x00000075       0x76 ./drivers/fsl_adc16.o
 .comment       0x00000075       0x76 ./drivers/fsl_clock.o
 .comment       0x00000075       0x76 ./drivers/fsl_common.o
 .comment       0x00000075       0x76 ./drivers/fsl_dac.o
 .comment       0x00000075       0x76 ./drivers/fsl_dma.o
 .comment       0x00000075       0x76 ./drivers/fsl_dmamux.o
 .comment       0x00000075       0x76 ./drivers/fsl_gpio.o
 .comment       0x00000075       0x76 ./drivers/fsl_lpsci.o
 .comment       0x00000075       0x76 ./drivers/fsl_lptmr.o
 .comment       0x00000075       0x76 ./drivers/fsl_uart.o
 .comment       0x00000075       0x76 ./board/board.o
 .comment       0x00000075       0x76 ./board/clock_config.o
 .comment       0x00000075       0x76 ./board/pin_mux.o
 .comment       0x00000075       0x76 ./CMSIS/system_MKL25Z4.o
 .comment       0x00000075       0x76 c:/mcuxpressoide_11.0.1_2563/ide/plugins/com.nxp.mcuxpresso.tools.win32_11.0.1.201907311258/tools/bin/../lib/gcc/arm-none-eabi/8.2.1/../../../../arm-none-eabi/lib/thumb/v6-m/nofp\libcr_nohost_nf.a(_cr__main.o)
 .comment       0x00000075       0x76 c:/mcuxpressoide_11.0.1_2563/ide/plugins/com.nxp.mcuxpresso.tools.win32_11.0.1.201907311258/tools/bin/../lib/gcc/arm-none-eabi/8.2.1/../../../../arm-none-eabi/lib/thumb/v6-m/nofp\libcr_c.a(memcpy.o)
 .comment       0x00000075       0x76 c:/mcuxpressoide_11.0.1_2563/ide/plugins/com.nxp.mcuxpresso.tools.win32_11.0.1.201907311258/tools/bin/../lib/gcc/arm-none-eabi/8.2.1/../../../../arm-none-eabi/lib/thumb/v6-m/nofp\libcr_c.a(memset.o)
 .comment       0x00000075       0x76 c:/mcuxpressoide_11.0.1_2563/ide/plugins/com.nxp.mcuxpresso.tools.win32_11.0.1.201907311258/tools/bin/../lib/gcc/arm-none-eabi/8.2.1/../../../../arm-none-eabi/lib/thumb/v6-m/nofp\libcr_c.a(alloc.o)
 .comment       0x00000075       0x76 c:/mcuxpressoide_11.0.1_2563/ide/plugins/com.nxp.mcuxpresso.tools.win32_11.0.1.201907311258/tools/bin/../lib/gcc/arm-none-eabi/8.2.1/../../../../arm-none-eabi/lib/thumb/v6-m/nofp\libcr_c.a(initio.o)
 .comment       0x00000075       0x76 c:/mcuxpressoide_11.0.1_2563/ide/plugins/com.nxp.mcuxpresso.tools.win32_11.0.1.201907311258/tools/bin/../lib/gcc/arm-none-eabi/8.2.1/../../../../arm-none-eabi/lib/thumb/v6-m/nofp\libcr_c.a(modf.o)
 .comment       0x00000075       0x76 c:/mcuxpressoide_11.0.1_2563/ide/plugins/com.nxp.mcuxpresso.tools.win32_11.0.1.201907311258/tools/bin/../lib/gcc/arm-none-eabi/8.2.1/../../../../arm-none-eabi/lib/thumb/v6-m/nofp\libcr_c.a(pow.o)
 .comment       0x00000075       0x76 c:/mcuxpressoide_11.0.1_2563/ide/plugins/com.nxp.mcuxpresso.tools.win32_11.0.1.201907311258/tools/bin/../lib/gcc/arm-none-eabi/8.2.1/../../../../arm-none-eabi/lib/thumb/v6-m/nofp\libcr_c.a(printf.o)
 .comment       0x00000075       0x76 c:/mcuxpressoide_11.0.1_2563/ide/plugins/com.nxp.mcuxpresso.tools.win32_11.0.1.201907311258/tools/bin/../lib/gcc/arm-none-eabi/8.2.1/../../../../arm-none-eabi/lib/thumb/v6-m/nofp\libcr_c.a(setvbuf.o)
 .comment       0x00000075       0x76 c:/mcuxpressoide_11.0.1_2563/ide/plugins/com.nxp.mcuxpresso.tools.win32_11.0.1.201907311258/tools/bin/../lib/gcc/arm-none-eabi/8.2.1/../../../../arm-none-eabi/lib/thumb/v6-m/nofp\libcr_c.a(sin.o)
 .comment       0x00000075       0x76 c:/mcuxpressoide_11.0.1_2563/ide/plugins/com.nxp.mcuxpresso.tools.win32_11.0.1.201907311258/tools/bin/../lib/gcc/arm-none-eabi/8.2.1/../../../../arm-none-eabi/lib/thumb/v6-m/nofp\libcr_c.a(sqrt.o)
 .comment       0x00000075       0x76 c:/mcuxpressoide_11.0.1_2563/ide/plugins/com.nxp.mcuxpresso.tools.win32_11.0.1.201907311258/tools/bin/../lib/gcc/arm-none-eabi/8.2.1/../../../../arm-none-eabi/lib/thumb/v6-m/nofp\libcr_c.a(strlen.o)
 .comment       0x00000075       0x76 c:/mcuxpressoide_11.0.1_2563/ide/plugins/com.nxp.mcuxpresso.tools.win32_11.0.1.201907311258/tools/bin/../lib/gcc/arm-none-eabi/8.2.1/../../../../arm-none-eabi/lib/thumb/v6-m/nofp\libcr_c.a(__init_alloc.o)
 .comment       0x00000075       0x76 c:/mcuxpressoide_11.0.1_2563/ide/plugins/com.nxp.mcuxpresso.tools.win32_11.0.1.201907311258/tools/bin/../lib/gcc/arm-none-eabi/8.2.1/../../../../arm-none-eabi/lib/thumb/v6-m/nofp\libcr_c.a(_cr_sbrk.o)
 .comment       0x00000075       0x76 c:/mcuxpressoide_11.0.1_2563/ide/plugins/com.nxp.mcuxpresso.tools.win32_11.0.1.201907311258/tools/bin/../lib/gcc/arm-none-eabi/8.2.1/../../../../arm-none-eabi/lib/thumb/v6-m/nofp\libcr_c.a(_deferredlazyseek.o)