Archive member included to satisfy reference by file (symbol)

c:/nxp/mcuxpressoide_11.0.1_2563/ide/plugins/com.nxp.mcuxpresso.tools.win32_11.0.1.201907311258/tools/bin/../lib/gcc/arm-none-eabi/8.2.1/../../../../arm-none-eabi/lib/thumb/v6-m/nofp\libcr_nohost_nf.a(_cr__main.o)
                              ./startup/startup_mkl25z4.o (__main)
c:/nxp/mcuxpressoide_11.0.1_2563/ide/plugins/com.nxp.mcuxpresso.tools.win32_11.0.1.201907311258/tools/bin/../lib/gcc/arm-none-eabi/8.2.1/../../../../arm-none-eabi/lib/thumb/v6-m/nofp\libcr_c.a(memcpy.o)
                              ./freertos/queue.o (memcpy)
c:/nxp/mcuxpressoide_11.0.1_2563/ide/plugins/com.nxp.mcuxpresso.tools.win32_11.0.1.201907311258/tools/bin/../lib/gcc/arm-none-eabi/8.2.1/../../../../arm-none-eabi/lib/thumb/v6-m/nofp\libcr_c.a(memset.o)
                              ./freertos/tasks.o (memset)
c:/nxp/mcuxpressoide_11.0.1_2563/ide/plugins/com.nxp.mcuxpresso.tools.win32_11.0.1.201907311258/tools/bin/../lib/gcc/arm-none-eabi/8.2.1/../../../../arm-none-eabi/lib/thumb/v6-m/nofp\libcr_c.a(alloc.o)
                              ./source/cir_buffer.o (malloc)
c:/nxp/mcuxpressoide_11.0.1_2563/ide/plugins/com.nxp.mcuxpresso.tools.win32_11.0.1.201907311258/tools/bin/../lib/gcc/arm-none-eabi/8.2.1/../../../../arm-none-eabi/lib/thumb/v6-m/nofp\libcr_c.a(initio.o)
                              c:/nxp/mcuxpressoide_11.0.1_2563/ide/plugins/com.nxp.mcuxpresso.tools.win32_11.0.1.201907311258/tools/bin/../lib/gcc/arm-none-eabi/8.2.1/../../../../arm-none-eabi/lib/thumb/v6-m/nofp\libcr_nohost_nf.a(_cr__main.o) (_initio)
c:/nxp/mcuxpressoide_11.0.1_2563/ide/plugins/com.nxp.mcuxpresso.tools.win32_11.0.1.201907311258/tools/bin/../lib/gcc/arm-none-eabi/8.2.1/../../../../arm-none-eabi/lib/thumb/v6-m/nofp\libcr_c.a(modf.o)
                              ./utilities/fsl_debug_console.o (modf)
c:/nxp/mcuxpressoide_11.0.1_2563/ide/plugins/com.nxp.mcuxpresso.tools.win32_11.0.1.201907311258/tools/bin/../lib/gcc/arm-none-eabi/8.2.1/../../../../arm-none-eabi/lib/thumb/v6-m/nofp\libcr_c.a(pow.o)
                              ./utilities/fsl_debug_console.o (pow)
c:/nxp/mcuxpressoide_11.0.1_2563/ide/plugins/com.nxp.mcuxpresso.tools.win32_11.0.1.201907311258/tools/bin/../lib/gcc/arm-none-eabi/8.2.1/../../../../arm-none-eabi/lib/thumb/v6-m/nofp\libcr_c.a(setvbuf.o)
                              c:/nxp/mcuxpressoide_11.0.1_2563/ide/plugins/com.nxp.mcuxpresso.tools.win32_11.0.1.201907311258/tools/bin/../lib/gcc/arm-none-eabi/8.2.1/../../../../arm-none-eabi/lib/thumb/v6-m/nofp\libcr_c.a(initio.o) (setvbuf)
c:/nxp/mcuxpressoide_11.0.1_2563/ide/plugins/com.nxp.mcuxpresso.tools.win32_11.0.1.201907311258/tools/bin/../lib/gcc/arm-none-eabi/8.2.1/../../../../arm-none-eabi/lib/thumb/v6-m/nofp\libcr_c.a(sin.o)
                              ./source/freertos_tickless.o (sin)
c:/nxp/mcuxpressoide_11.0.1_2563/ide/plugins/com.nxp.mcuxpresso.tools.win32_11.0.1.201907311258/tools/bin/../lib/gcc/arm-none-eabi/8.2.1/../../../../arm-none-eabi/lib/thumb/v6-m/nofp\libcr_c.a(sqrt.o)
                              ./source/freertos_tickless.o (sqrt)
c:/nxp/mcuxpressoide_11.0.1_2563/ide/plugins/com.nxp.mcuxpresso.tools.win32_11.0.1.201907311258/tools/bin/../lib/gcc/arm-none-eabi/8.2.1/../../../../arm-none-eabi/lib/thumb/v6-m/nofp\libcr_c.a(strlen.o)
                              ./utilities/fsl_debug_console.o (strlen)
c:/nxp/mcuxpressoide_11.0.1_2563/ide/plugins/com.nxp.mcuxpresso.tools.win32_11.0.1.201907311258/tools/bin/../lib/gcc/arm-none-eabi/8.2.1/../../../../arm-none-eabi/lib/thumb/v6-m/nofp\libcr_c.a(__init_alloc.o)
                              c:/nxp/mcuxpressoide_11.0.1_2563/ide/plugins/com.nxp.mcuxpresso.tools.win32_11.0.1.201907311258/tools/bin/../lib/gcc/arm-none-eabi/8.2.1/../../../../arm-none-eabi/lib/thumb/v6-m/nofp\libcr_c.a(alloc.o) (__heaps)
c:/nxp/mcuxpressoide_11.0.1_2563/ide/plugins/com.nxp.mcuxpresso.tools.win32_11.0.1.201907311258/tools/bin/../lib/gcc/arm-none-eabi/8.2.1/../../../../arm-none-eabi/lib/thumb/v6-m/nofp\libcr_c.a(_cr_sbrk.o)
                              c:/nxp/mcuxpressoide_11.0.1_2563/ide/plugins/com.nxp.mcuxpresso.tools.win32_11.0.1.201907311258/tools/bin/../lib/gcc/arm-none-eabi/8.2.1/../../../../arm-none-eabi/lib/thumb/v6-m/nofp\libcr_c.a(alloc.o) (_sbrk)
c:/nxp/mcuxpressoide_11.0.1_2563/ide/plugins/com.nxp.mcuxpresso.tools.win32_11.0.1.201907311258/tools/bin/../lib/gcc/arm-none-eabi/8.2.1/../../../../arm-none-eabi/lib/thumb/v6-m/nofp\libcr_c.a(_fdopen.o)
                              c:/nxp/mcuxpressoide_11.0.1_2563/ide/plugins/com.nxp.mcuxpresso.tools.win32_11.0.1.201907311258/tools/bin/../lib/gcc/arm-none-eabi/8.2.1/../../../../arm-none-eabi/lib/thumb/v6-m/nofp\libcr_c.a(initio.o) (_fdopen)
c:/nxp/mcuxpressoide_11.0.1_2563/ide/plugins/com.nxp.mcuxpresso.tools.win32_11.0.1.201907311258/tools/bin/../lib/gcc/arm-none-eabi/8.2.1/../../../../arm-none-eabi/lib/thumb/v6-m/nofp\libcr_c.a(_sincos.o)
[...]
Memory Configuration

Name             Origin             Length             Attributes
PROGRAM_FLASH    0x00000000         0x00020000         xr
SRAM             0x1ffff000         0x00004000         xrw
*default*        0x00000000         0xffffffff

Linker script and memory map

LOAD ./utilities/fsl_debug_console.o
LOAD ./startup/startup_mkl25z4.o
LOAD ./source/cir_buffer.o
LOAD ./source/dacadc.o
LOAD ./source/dma.o
LOAD ./source/freertos_tickless.o
LOAD ./source/led.o
LOAD ./source/logger.o
LOAD ./source/mtb.o
LOAD ./source/queue_adc.o
LOAD ./source/semihost_hardfault.o
LOAD ./source/task_after_transfer.o
LOAD ./freertos/croutine.o
LOAD ./freertos/event_groups.o
LOAD ./freertos/fsl_tickless_lptmr.o
LOAD ./freertos/fsl_tickless_systick.o
LOAD ./freertos/heap_4.o
LOAD ./freertos/list.o
LOAD ./freertos/port.o
LOAD ./freertos/queue.o
LOAD ./freertos/tasks.o
LOAD ./freertos/timers.o
LOAD ./drivers/fsl_adc16.o
LOAD ./drivers/fsl_clock.o
LOAD ./drivers/fsl_common.o
LOAD ./drivers/fsl_dac.o
LOAD ./drivers/fsl_dma.o
LOAD ./drivers/fsl_dmamux.o
LOAD ./drivers/fsl_flash.o
LOAD ./drivers/fsl_gpio.o
LOAD ./drivers/fsl_lpsci.o
LOAD ./drivers/fsl_lpsci_freertos.o
LOAD ./drivers/fsl_lptmr.o
LOAD ./drivers/fsl_smc.o
LOAD ./drivers/fsl_uart.o
LOAD ./drivers/fsl_uart_freertos.o
LOAD ./board/board.o
LOAD ./board/clock_config.o
LOAD ./board/pin_mux.o
LOAD ./CMSIS/system_MKL25Z4.o
START GROUP
LOAD c:/nxp/mcuxpressoide_11.0.1_2563/ide/plugins/com.nxp.mcuxpresso.tools.win32_11.0.1.201907311258/tools/bin/../lib/gcc/arm-none-eabi/8.2.1/../../../../arm-none-eabi/lib/thumb/v6-m/nofp\libcr_nohost_nf.a
LOAD c:/nxp/mcuxpressoide_11.0.1_2563/ide/plugins/com.nxp.mcuxpresso.tools.win32_11.0.1.201907311258/tools/bin/../lib/gcc/arm-none-eabi/8.2.1/../../../../arm-none-eabi/lib/thumb/v6-m/nofp\libcr_c.a
LOAD c:/nxp/mcuxpressoide_11.0.1_2563/ide/plugins/com.nxp.mcuxpresso.tools.win32_11.0.1.201907311258/tools/bin/../lib/gcc/arm-none-eabi/8.2.1/thumb/v6-m/nofp\libcr_eabihelpers.a
LOAD c:/nxp/mcuxpressoide_11.0.1_2563/ide/plugins/com.nxp.mcuxpresso.tools.win32_11.0.1.201907311258/tools/bin/../lib/gcc/arm-none-eabi/8.2.1/thumb/v6-m/nofp\libgcc.a
END GROUP
                0x00000000                __base_PROGRAM_FLASH = 0x0
                0x00000000                __base_Flash = 0x0
                0x00020000                __top_PROGRAM_FLASH = 0x20000
                0x00020000                __top_Flash = 0x20000
                0x1ffff000                __base_SRAM = 0x1ffff000
                0x1ffff000                __base_RAM = 0x1ffff000
                0x20003000                __top_SRAM = 0x20003000
                0x20003000                __top_RAM = 0x20003000

.text           0x00000000     0xa5c0
 FILL mask 0xff
                0x00000000                __vectors_start__ = ABSOLUTE (.)
 *(SORT_BY_ALIGNMENT(.isr_vector))
 .isr_vector    0x00000000       0xc0 ./startup/startup_mkl25z4.o
                0x00000000                g_pfnVectors
                0x00000000                __Vectors
                0x000000c0                . = ALIGN (0x4)
                0x000000c0                __section_table_start = .
                0x000000c0                __data_section_table = .
                0x000000c0        0x4 LONG 0xa5c0 LOADADDR (.data)
                0x000000c4        0x4 LONG 0x1ffff080 ADDR (.data)
                0x000000c8        0x4 LONG 0x650 SIZEOF (.data)
                0x000000cc                __data_section_table_end = .
                0x000000cc                __bss_section_table = .
                0x000000cc        0x4 LONG 0x1ffff6d0 ADDR (.bss)
                0x000000d0        0x4 LONG 0x2bb0 SIZEOF (.bss)
                0x000000d4                __bss_section_table_end = .
                0x000000d4                __section_table_end = .
 *(SORT_BY_ALIGNMENT(.after_vectors*))
 .after_vectors.reset
                0x000000d4       0x4c ./startup/startup_mkl25z4.o
                0x000000d4                ResetISR
 .after_vectors.init_data
                0x00000120       0x12 ./startup/startup_mkl25z4.o
                0x00000120                data_init
 .after_vectors.init_bss
                0x00000132       0x10 ./startup/startup_mkl25z4.o
                0x00000132                bss_init
 .after_vectors
                0x00000142      0x10c ./startup/startup_mkl25z4.o
                0x00000142                NMI_Handler
                0x0000014c                I2C0_DriverIRQHandler
                0x0000014c                SPI1_DriverIRQHandler
                0x0000014c                LPTMR0_DriverIRQHandler
                0x0000014c                Reserved39_DriverIRQHandler
                0x0000014c                PIT_DriverIRQHandler
                0x0000014c                PORTD_DriverIRQHandler
                0x0000014c                CMP0_DriverIRQHandler
                0x0000014c                ADC0_DriverIRQHandler
                0x0000014c                TPM2_DriverIRQHandler
                0x0000014c                SPI0_DriverIRQHandler
                0x0000014c                I2C1_DriverIRQHandler
                0x0000014c                TSI0_DriverIRQHandler
                0x0000014c                RTC_Seconds_DriverIRQHandler
                0x0000014c                Reserved20_DriverIRQHandler
                0x0000014c                RTC_DriverIRQHandler
                0x0000014c                LLWU_DriverIRQHandler
                0x0000014c                MCG_DriverIRQHandler
                0x0000014c                TPM1_DriverIRQHandler
                0x0000014c                PORTA_DriverIRQHandler
                0x0000014c                FTFA_DriverIRQHandler
                0x0000014c                IntDefaultHandler
                0x0000014c                USB0_DriverIRQHandler
                0x0000014c                DAC0_DriverIRQHandler
                0x0000014c                Reserved45_DriverIRQHandler
                0x0000014c                LVD_LVW_DriverIRQHandler
                0x0000014c                TPM0_DriverIRQHandler
                0x0000014e                DMA0_IRQHandler
                0x00000156                DMA1_IRQHandler
                0x0000015e                DMA2_IRQHandler
                0x00000166                DMA3_IRQHandler
                0x0000016e                Reserved20_IRQHandler
                0x00000176                FTFA_IRQHandler
                0x0000017e                LVD_LVW_IRQHandler
                0x00000186                LLWU_IRQHandler
                0x0000018e                I2C0_IRQHandler
                0x00000196                I2C1_IRQHandler
                0x0000019e                SPI0_IRQHandler
                0x000001a6                SPI1_IRQHandler
                0x000001ae                UART0_IRQHandler
                0x000001b6                UART1_IRQHandler
                0x000001be                UART2_IRQHandler
                0x000001ce                CMP0_IRQHandler
                0x000001d6                TPM0_IRQHandler
                0x000001de                TPM1_IRQHandler
                0x000001e6                TPM2_IRQHandler
                0x000001ee                RTC_IRQHandler
                0x000001f6                RTC_Seconds_IRQHandler
                0x000001fe                PIT_IRQHandler
                0x00000206                Reserved39_IRQHandler
                0x0000020e                USB0_IRQHandler
                0x00000216                DAC0_IRQHandler
                0x0000021e                TSI0_IRQHandler
                0x00000226                MCG_IRQHandler
                0x00000236                Reserved45_IRQHandler
                0x00000246                PORTD_IRQHandler
                0x00000400                . = 0x400
 *fill*         0x0000024e      0x1b2 ff
                0x00000400                PROVIDE (__FLASH_CONFIG_START__ = .)
 *(SORT_BY_ALIGNMENT(.FlashConfig))
 .FlashConfig   0x00000400       0x10 ./startup/startup_mkl25z4.o
                0x00000400                Flash_Config
                0x00000410                PROVIDE (__FLASH_CONFIG_END__ = .)
                0x00000001                ASSERT (! ((__FLASH_CONFIG_START__ == __FLASH_CONFIG_END__)), Linker Flash Config Support Enabled, but no .FlashConfig section provided within application)
 *(SORT_BY_ALIGNMENT(.text*))
 .text.vPortStartFirstTask
                0x00000410       0x38 ./freertos/port.o
 *fill*         0x00000448        0x8 ff
 .text.PendSV_Handler
                0x00000450       0x48 ./freertos/port.o
                0x00000450                PendSV_Handler
 .text.DbgConsole_Init
                0x00000498       0xf0 ./utilities/fsl_debug_console.o
                0x00000498                DbgConsole_Init
 .text.DbgConsole_Printf
                0x00000588       0x44 ./utilities/fsl_debug_console.o
                0x00000588                DbgConsole_Printf
 .text.DbgConsole_Putchar
                0x000005cc       0x34 ./utilities/fsl_debug_console.o
                0x000005cc                DbgConsole_Putchar
 .text.DbgConsole_ConvertFloatRadixNumToString
                0x00000600      0x2a4 ./utilities/fsl_debug_console.o
 .text.buff_initialize
                0x000008a4       0x7c ./source/cir_buffer.o
                0x000008a4                buff_initialize
 .text.buff_add_item
                0x00000920      0x150 ./source/cir_buffer.o
                0x00000920                buff_add_item
 .text.DAC_ADC_Init
                0x00000a70       0x90 ./source/dacadc.o
                0x00000a70                DAC_ADC_Init
 .text.DMA_StartTransfer
                0x00000b00       0x54 ./source/dma.o
 .text.DMAMUX_EnableChannel
                0x00000b54       0x40 ./source/dma.o
 .text.DMAMUX_SetSource
                0x00000b94       0x50 ./source/dma.o
 .text.DMA_Callback
                0x00000be4       0x1c ./source/dma.o
                0x00000be4                DMA_Callback
 .text.DMA      0x00000c00       0x40 ./source/dma.o
                0x00000c00                DMA
 .text.transfer_DMA
                0x00000c40       0x8c ./source/dma.o
                0x00000c40                transfer_DMA
 .text.NVIC_EnableIRQ
                0x00000ccc       0x2c ./source/freertos_tickless.o
 .text.NVIC_SetPriority
                0x00000cf8       0xdc ./source/freertos_tickless.o
 .text.CLOCK_EnableClock
                0x00000dd4       0x34 ./source/freertos_tickless.o
 .text.ADC16_GetChannelConversionValue
                0x00000e08       0x30 ./source/freertos_tickless.o
 .text.PORT_SetPinInterruptConfig
                0x00000e38       0x40 ./source/freertos_tickless.o
 .text.ADC0_IRQHandler
                0x00000e78       0x30 ./source/freertos_tickless.o
                0x00000e78                ADC0_IRQHandler
 .text.main     0x00000ea8       0xec ./source/freertos_tickless.o
                0x00000ea8                main
 .text.DAC_converter
                0x00000f94       0xe0 ./source/freertos_tickless.o
 .text.ADC_converter
                0x00001074      0x1cc ./source/freertos_tickless.o
 .text.dsp_math
                0x00001240      0x414 ./source/freertos_tickless.o
 .text.PORTA_IRQHandler
                0x00001654       0x38 ./source/freertos_tickless.o
                0x00001654                PORTA_IRQHandler
 .text.vPortGetLptrmBase
                0x0000168c       0x10 ./source/freertos_tickless.o
                0x0000168c                vPortGetLptrmBase
 .text.init_LED
                0x0000169c       0x60 ./source/led.o
                0x0000169c                init_LED
 .text.BLUE_LED
                0x000016fc       0x40 ./source/led.o
                0x000016fc                BLUE_LED
 .text.green_led
                0x0000173c       0x40 ./source/led.o
                0x0000173c                green_led
 .text.delay    0x0000177c       0x2c ./source/led.o
                0x0000177c                delay
 .text.timestamps
                0x000017a8       0xe0 ./source/logger.o
                0x000017a8                timestamps
 .text.log_level
                0x00001888       0x38 ./source/logger.o
                0x00001888                log_level
 .text.logger_func
                0x000018c0      0x1cc ./source/logger.o
                0x000018c0                logger_func
 .text.log_messages
                0x00001a8c       0x40 ./source/logger.o
                0x00001a8c                log_messages
 .text.HardFault_Handler
                0x00001acc       0x30 ./source/semihost_hardfault.o
                0x00001acc                HardFault_Handler
 .text.NVIC_EnableIRQ
                0x00001afc       0x2c ./freertos/fsl_tickless_lptmr.o
 .text.LPTMR_SetTimerPeriod
                0x00001b28       0x2c ./freertos/fsl_tickless_lptmr.o
 .text.vPortLptmrIsr
                0x00001b54       0x24 ./freertos/fsl_tickless_lptmr.o
                0x00001b54                vPortLptmrIsr
 .text.vPortSuppressTicksAndSleep
                0x00001b78      0x144 ./freertos/fsl_tickless_lptmr.o
                0x00001b78                vPortSuppressTicksAndSleep
 .text.prvSetupTimerInterrupt
                0x00001cbc       0x8c ./freertos/fsl_tickless_lptmr.o
                0x00001cbc                prvSetupTimerInterrupt
 .text.pvPortMalloc
                0x00001d48      0x14c ./freertos/heap_4.o
                0x00001d48                pvPortMalloc
 .text.vPortFree
                0x00001e94       0x90 ./freertos/heap_4.o
                0x00001e94                vPortFree
 .text.prvHeapInit
                0x00001f24       0xc0 ./freertos/heap_4.o
 .text.prvInsertBlockIntoFreeList
                0x00001fe4       0xb0 ./freertos/heap_4.o
 .text.pxPortInitialiseStack
                0x00002094       0x54 ./freertos/port.o
                0x00002094                pxPortInitialiseStack
 .text.prvTaskExitError
                0x000020e8       0x18 ./freertos/port.o
 .text.xPortStartScheduler
                0x00002100       0x44 ./freertos/port.o
                0x00002100                xPortStartScheduler
 .text.vPortEndScheduler
                0x00002144       0x20 ./freertos/port.o
                0x00002144                vPortEndScheduler
 .text.vPortYield
                0x00002164       0x20 ./freertos/port.o
                0x00002164                vPortYield
 .text.vPortEnterCritical
                0x00002184       0x24 ./freertos/port.o
                0x00002184                vPortEnterCritical
 .text.vPortExitCritical
                0x000021a8       0x30 ./freertos/port.o
                0x000021a8                vPortExitCritical
 .text.SysTick_Handler
                0x000021d8       0x4c ./freertos/port.o
                0x000021d8                SysTick_Handler
 .text.vQueueAddToRegistry
                0x00002224       0x50 ./freertos/queue.o
                0x00002224                vQueueAddToRegistry
 .text.prvInitialiseNewTask
                0x00002274      0x12c ./freertos/tasks.o
 .text.prvAddNewTaskToReadyList
                0x000023a0       0xd0 ./freertos/tasks.o
 .text.vTaskDelay
                0x00002470       0x4c ./freertos/tasks.o
                0x00002470                vTaskDelay
 .text.vTaskSuspend
                0x000024bc       0xb8 ./freertos/tasks.o
                0x000024bc                vTaskSuspend
 .text.vTaskStartScheduler
                0x00002574       0x78 ./freertos/tasks.o
                0x00002574                vTaskStartScheduler
 .text.vTaskEndScheduler
                0x000025ec       0x1c ./freertos/tasks.o
                0x000025ec                vTaskEndScheduler
 .text.vTaskSuspendAll
                0x00002608       0x18 ./freertos/tasks.o
                0x00002608                vTaskSuspendAll
 .text.prvGetExpectedIdleTime
                0x00002620       0x6c ./freertos/tasks.o
 .text.xTaskResumeAll
                0x0000268c      0x118 ./freertos/tasks.o
                0x0000268c                xTaskResumeAll
 .text.xTaskGetTickCount
                0x000027a4       0x1c ./freertos/tasks.o
                0x000027a4                xTaskGetTickCount
 .text.vTaskStepTick
                0x000027c0       0x38 ./freertos/tasks.o
                0x000027c0                vTaskStepTick
 .text.xTaskIncrementTick
                0x000027f8      0x14c ./freertos/tasks.o
                0x000027f8                xTaskIncrementTick
 .text.vTaskSwitchContext
                0x00002944       0xa4 ./freertos/tasks.o
                0x00002944                vTaskSwitchContext
 .text.vTaskPlaceOnEventList
                0x000029e8       0x3c ./freertos/tasks.o
                0x000029e8                vTaskPlaceOnEventList
 .text.vTaskPlaceOnEventListRestricted
                0x00002a24       0x4c ./freertos/tasks.o
                0x00002a24                vTaskPlaceOnEventListRestricted
 .text.xTaskRemoveFromEventList
                0x00002a70       0xbc ./freertos/tasks.o
                0x00002a70                xTaskRemoveFromEventList
 .text.vTaskSetTimeOutState
                0x00002b2c       0x34 ./freertos/tasks.o
                0x00002b2c                vTaskSetTimeOutState
 .text.xTaskCheckForTimeOut
                0x00002b60       0x9c ./freertos/tasks.o
                0x00002b60                xTaskCheckForTimeOut
 .text.vTaskMissedYield
                0x00002bfc       0x14 ./freertos/tasks.o
                0x00002bfc                vTaskMissedYield
 .text.prvIdleTask
                0x00002c10       0x64 ./freertos/tasks.o
 .text.eTaskConfirmSleepModeStatus
                0x00002c74       0x64 ./freertos/tasks.o
                0x00002c74                eTaskConfirmSleepModeStatus
 .text.prvInitialiseTaskLists
                0x00002cd8       0x88 ./freertos/tasks.o
 .text.prvCheckTasksWaitingTermination
                0x00002d60       0x74 ./freertos/tasks.o
 .text.prvResetNextTaskUnblockTime
                0x00002dd4       0x48 ./freertos/tasks.o
 .text.xTaskGetSchedulerState
                0x00002e1c       0x38 ./freertos/tasks.o
                0x00002e1c                xTaskGetSchedulerState
 .text.vTaskPriorityInherit
                0x00002e54       0xbc ./freertos/tasks.o
                0x00002e54                vTaskPriorityInherit
 .text.xTaskPriorityDisinherit
                0x00002f10       0xb8 ./freertos/tasks.o
                0x00002f10                xTaskPriorityDisinherit
 .text.pvTaskIncrementMutexHeldCount
                0x00002fc8       0x24 ./freertos/tasks.o
                0x00002fc8                pvTaskIncrementMutexHeldCount
 .text.prvAddCurrentTaskToDelayedList
                0x00002fec       0xa8 ./freertos/tasks.o
 .text.xTimerCreateTimerTask
                0x00003094       0x54 ./freertos/timers.o
                0x00003094                xTimerCreateTimerTask
 .text.xTimerGenericCommand
                0x000030e8       0x94 ./freertos/timers.o
                0x000030e8                xTimerGenericCommand
 .text.prvProcessExpiredTimer
                0x0000317c       0x70 ./freertos/timers.o
 .text.prvProcessTimerOrBlockTask
                0x000031ec       0x8c ./freertos/timers.o
 .text.prvGetNextExpireTime
                0x00003278       0x40 ./freertos/timers.o
 .text.prvSampleTimeNow
                0x000032b8       0x40 ./freertos/timers.o
 .text.prvInsertTimerInActiveList
                0x000032f8       0x84 ./freertos/timers.o
 .text.prvProcessReceivedCommands
                0x0000337c      0x124 ./freertos/timers.o
 .text.prvSwitchTimerLists
                0x000034a0       0xb4 ./freertos/timers.o
 .text.prvCheckForValidListAndQueue
                0x00003554       0x74 ./freertos/timers.o
 .text.CLOCK_EnableClock
                0x000035c8       0x34 ./drivers/fsl_adc16.o
 .text.ADC16_GetInstance
                0x000035fc       0x48 ./drivers/fsl_adc16.o
 .text.ADC16_Init
                0x00003644      0x114 ./drivers/fsl_adc16.o
                0x00003644                ADC16_Init
 .text.ADC16_GetDefaultConfig
                0x00003758       0x58 ./drivers/fsl_adc16.o
                0x00003758                ADC16_GetDefaultConfig
 .text.ADC16_SetChannelConfig
                0x000037b0       0x6c ./drivers/fsl_adc16.o
                0x000037b0                ADC16_SetChannelConfig
 .text.ADC16_GetChannelStatusFlags
                0x0000381c       0x40 ./drivers/fsl_adc16.o
                0x0000381c                ADC16_GetChannelStatusFlags
 .text.CLOCK_SetEr32kClock
                0x0000385c       0x34 ./drivers/fsl_clock.o
 .text.CLOCK_SetPllFllSelClock
                0x00003890       0x38 ./drivers/fsl_clock.o
 .text.CLOCK_GetMcgExtClkFreq
                0x000038c8       0x28 ./drivers/fsl_clock.o
 .text.CLOCK_GetFllExtRefClkFreq
                0x000038f0       0xa4 ./drivers/fsl_clock.o
 .text.CLOCK_GetFllRefClkFreq
                0x00003994       0x2c ./drivers/fsl_clock.o
 .text.CLOCK_GetOscRangeFromFreq
                0x000039c0       0x4c ./drivers/fsl_clock.o
 .text.CLOCK_GetPllFllSelClkFreq
                0x00003a0c       0x4c ./drivers/fsl_clock.o
                0x00003a0c                CLOCK_GetPllFllSelClkFreq
 .text.CLOCK_SetSimConfig
                0x00003a58       0x38 ./drivers/fsl_clock.o
                0x00003a58                CLOCK_SetSimConfig
 .text.CLOCK_GetFllFreq
                0x00003a90       0x84 ./drivers/fsl_clock.o
                0x00003a90                CLOCK_GetFllFreq
 .text.CLOCK_GetPll0Freq
                0x00003b14       0x70 ./drivers/fsl_clock.o
                0x00003b14                CLOCK_GetPll0Freq
 .text.CLOCK_SetInternalRefClkConfig
                0x00003b84      0x124 ./drivers/fsl_clock.o
                0x00003b84                CLOCK_SetInternalRefClkConfig
 .text.CLOCK_EnablePll0
                0x00003ca8       0x90 ./drivers/fsl_clock.o
                0x00003ca8                CLOCK_EnablePll0
 .text.CLOCK_InitOsc0
                0x00003d38       0x94 ./drivers/fsl_clock.o
                0x00003d38                CLOCK_InitOsc0
 .text.CLOCK_SetPbeMode
                0x00003dcc       0xb0 ./drivers/fsl_clock.o
                0x00003dcc                CLOCK_SetPbeMode
 .text.CLOCK_BootToPeeMode
                0x00003e7c       0x70 ./drivers/fsl_clock.o
                0x00003e7c                CLOCK_BootToPeeMode
 .text.__assertion_failed
                0x00003eec       0x1c ./drivers/fsl_common.o
                0x00003eec                __assertion_failed
 .text.CLOCK_EnableClock
                0x00003f08       0x34 ./drivers/fsl_dac.o
 .text.DAC_GetInstance
                0x00003f3c       0x48 ./drivers/fsl_dac.o
 .text.DAC_Init
                0x00003f84       0x80 ./drivers/fsl_dac.o
                0x00003f84                DAC_Init
 .text.DAC_GetDefaultConfig
                0x00004004       0x30 ./drivers/fsl_dac.o
                0x00004004                DAC_GetDefaultConfig
 .text.DAC_SetBufferValue
                0x00004034       0x64 ./drivers/fsl_dac.o
                0x00004034                DAC_SetBufferValue
 .text.NVIC_EnableIRQ
                0x00004098       0x2c ./drivers/fsl_dma.o
 .text.CLOCK_EnableClock
                0x000040c4       0x34 ./drivers/fsl_dma.o
 .text.DMA_EnableInterrupts
                0x000040f8       0x4c ./drivers/fsl_dma.o
 .text.DMA_ClearChannelStatusFlags
                0x00004144       0x54 ./drivers/fsl_dma.o
 .text.DMA_GetInstance
                0x00004198       0x48 ./drivers/fsl_dma.o
 .text.DMA_Init
                0x000041e0       0x24 ./drivers/fsl_dma.o
                0x000041e0                DMA_Init
 .text.DMA_ResetChannel
                0x00004204       0x90 ./drivers/fsl_dma.o
                0x00004204                DMA_ResetChannel
 .text.DMA_SetTransferConfig
                0x00004294       0xdc ./drivers/fsl_dma.o
                0x00004294                DMA_SetTransferConfig
 .text.DMA_CreateHandle
                0x00004370       0x90 ./drivers/fsl_dma.o
                0x00004370                DMA_CreateHandle
 .text.DMA_PrepareTransfer
                0x00004400      0x130 ./drivers/fsl_dma.o
                0x00004400                DMA_PrepareTransfer
 .text.DMA_SetCallback
                0x00004530       0x34 ./drivers/fsl_dma.o
                0x00004530                DMA_SetCallback
 .text.DMA_SubmitTransfer
                0x00004564       0x9c ./drivers/fsl_dma.o
                0x00004564                DMA_SubmitTransfer
 .text.DMA_HandleIRQ
                0x00004600       0x4c ./drivers/fsl_dma.o
                0x00004600                DMA_HandleIRQ
 .text.DMA0_DriverIRQHandler
                0x0000464c       0x18 ./drivers/fsl_dma.o
                0x0000464c                DMA0_DriverIRQHandler
 .text.DMA1_DriverIRQHandler
                0x00004664       0x18 ./drivers/fsl_dma.o
                0x00004664                DMA1_DriverIRQHandler
 .text.DMA2_DriverIRQHandler
                0x0000467c       0x18 ./drivers/fsl_dma.o
                0x0000467c                DMA2_DriverIRQHandler
 .text.DMA3_DriverIRQHandler
                0x00004694       0x18 ./drivers/fsl_dma.o
                0x00004694                DMA3_DriverIRQHandler
 .text.CLOCK_EnableClock
                0x000046ac       0x34 ./drivers/fsl_dmamux.o
 .text.DMAMUX_GetInstance
                0x000046e0       0x48 ./drivers/fsl_dmamux.o
 .text.DMAMUX_Init
                0x00004728       0x24 ./drivers/fsl_dmamux.o
                0x00004728                DMAMUX_Init
 .text.GPIO_GetInstance
                0x0000474c       0x4c ./drivers/fsl_gpio.o
 .text.GPIO_PinInit
                0x00004798       0x64 ./drivers/fsl_gpio.o
                0x00004798                GPIO_PinInit
 .text.GPIO_ClearPinsInterruptFlags
                0x000047fc       0x3c ./drivers/fsl_gpio.o
                0x000047fc                GPIO_ClearPinsInterruptFlags
 .text.CLOCK_EnableClock
                0x00004838       0x34 ./drivers/fsl_lpsci.o
 .text.LPSCI_GetInstance
                0x0000486c       0x48 ./drivers/fsl_lpsci.o
                0x0000486c                LPSCI_GetInstance
 .text.LPSCI_Init
                0x000048b4      0x258 ./drivers/fsl_lpsci.o
                0x000048b4                LPSCI_Init
 .text.LPSCI_GetDefaultConfig
                0x00004b0c       0x44 ./drivers/fsl_lpsci.o
                0x00004b0c                LPSCI_GetDefaultConfig
 .text.LPSCI_ClearStatusFlags
                0x00004b50       0x94 ./drivers/fsl_lpsci.o
                0x00004b50                LPSCI_ClearStatusFlags
 .text.LPSCI_WriteBlocking
                0x00004be4       0x4c ./drivers/fsl_lpsci.o
                0x00004be4                LPSCI_WriteBlocking
 .text.LPSCI_ReadBlocking
                0x00004c30       0xc0 ./drivers/fsl_lpsci.o
                0x00004c30                LPSCI_ReadBlocking
 .text.UART0_DriverIRQHandler
                0x00004cf0       0x24 ./drivers/fsl_lpsci.o
                0x00004cf0                UART0_DriverIRQHandler
 .text.CLOCK_EnableClock
                0x00004d14       0x34 ./drivers/fsl_lptmr.o
 .text.LPTMR_GetInstance
                0x00004d48       0x48 ./drivers/fsl_lptmr.o
 .text.LPTMR_Init
                0x00004d90       0x94 ./drivers/fsl_lptmr.o
                0x00004d90                LPTMR_Init
 .text.LPTMR_GetDefaultConfig
                0x00004e24       0x4c ./drivers/fsl_lptmr.o
                0x00004e24                LPTMR_GetDefaultConfig
 .text.CLOCK_EnableClock
                0x00004e70       0x34 ./drivers/fsl_uart.o
 .text.UART_GetInstance
                0x00004ea4       0x54 ./drivers/fsl_uart.o
                0x00004ea4                UART_GetInstance
 .text.UART_Init
                0x00004ef8      0x1e0 ./drivers/fsl_uart.o
                0x00004ef8                UART_Init
 .text.UART_GetDefaultConfig
                0x000050d8       0x44 ./drivers/fsl_uart.o
                0x000050d8                UART_GetDefaultConfig
 .text.UART_ReadBlocking
                0x0000511c       0x98 ./drivers/fsl_uart.o
                0x0000511c                UART_ReadBlocking
 .text.UART1_DriverIRQHandler
                0x000051b4       0x24 ./drivers/fsl_uart.o
                0x000051b4                UART1_DriverIRQHandler
 .text.UART2_DriverIRQHandler
                0x000051d8       0x24 ./drivers/fsl_uart.o
                0x000051d8                UART2_DriverIRQHandler
 .text.CLOCK_SetLpsci0Clock
                0x000051fc       0x38 ./board/board.o
 .text.BOARD_InitDebugConsole
                0x00005234       0x30 ./board/board.o
                0x00005234                BOARD_InitDebugConsole
 .text.CLOCK_SetSimSafeDivs
                0x00005264       0x20 ./board/clock_config.o
 .text.CLOCK_SetXtal0Freq
                0x00005284       0x1c ./board/clock_config.o
 .text.CLOCK_CONFIG_SetFllExtRefDiv
                0x000052a0       0x3c ./board/clock_config.o
 .text.BOARD_BootClockRUN
                0x000052dc       0x64 ./board/clock_config.o
                0x000052dc                BOARD_BootClockRUN
 .text.CLOCK_EnableClock
                0x00005340       0x34 ./board/pin_mux.o
 .text.PORT_SetPinConfig
                0x00005374       0x38 ./board/pin_mux.o
 .text.PORT_SetPinMux
                0x000053ac       0x40 ./board/pin_mux.o
 .text.BOARD_InitPins
                0x000053ec       0xc0 ./board/pin_mux.o
                0x000053ec                BOARD_InitPins
 .text.SystemInit
                0x000054ac       0x18 ./CMSIS/system_MKL25Z4.o
                0x000054ac                SystemInit
 .text.malloc   0x000054c4       0xcc c:/nxp/mcuxpressoide_11.0.1_2563/ide/plugins/com.nxp.mcuxpresso.tools.win32_11.0.1.201907311258/tools/bin/../lib/gcc/arm-none-eabi/8.2.1/../../../../arm-none-eabi/lib/thumb/v6-m/nofp\libcr_c.a(alloc.o)
                0x000054c4                malloc
 .text._initio  0x00005590       0x7c c:/nxp/mcuxpressoide_11.0.1_2563/ide/plugins/com.nxp.mcuxpresso.tools.win32_11.0.1.201907311258/tools/bin/../lib/gcc/arm-none-eabi/8.2.1/../../../../arm-none-eabi/lib/thumb/v6-m/nofp\libcr_c.a(initio.o)
                0x00005590                _initio
 .text.modf     0x0000560c       0x94 c:/nxp/mcuxpressoide_11.0.1_2563/ide/plugins/com.nxp.mcuxpresso.tools.win32_11.0.1.201907311258/tools/bin/../lib/gcc/arm-none-eabi/8.2.1/../../../../arm-none-eabi/lib/thumb/v6-m/nofp\libcr_c.a(modf.o)
                0x0000560c                modf
 .text.pow      0x000056a0      0x548 c:/nxp/mcuxpressoide_11.0.1_2563/ide/plugins/com.nxp.mcuxpresso.tools.win32_11.0.1.201907311258/tools/bin/../lib/gcc/arm-none-eabi/8.2.1/../../../../arm-none-eabi/lib/thumb/v6-m/nofp\libcr_c.a(pow.o)
                0x000056a0                pow
 .text.setvbuf  0x00005be8       0x4c c:/nxp/mcuxpressoide_11.0.1_2563/ide/plugins/com.nxp.mcuxpresso.tools.win32_11.0.1.201907311258/tools/bin/../lib/gcc/arm-none-eabi/8.2.1/../../../../arm-none-eabi/lib/thumb/v6-m/nofp\libcr_c.a(setvbuf.o)
                0x00005be8                setvbuf
 .text.sqrt     0x00005c34      0x13c c:/nxp/mcuxpressoide_11.0.1_2563/ide/plugins/com.nxp.mcuxpresso.tools.win32_11.0.1.201907311258/tools/bin/../lib/gcc/arm-none-eabi/8.2.1/../../../../arm-none-eabi/lib/thumb/v6-m/nofp\libcr_c.a(sqrt.o)
                0x00005c34                sqrt
 .text.strlen   0x00005d70       0x58 c:/nxp/mcuxpressoide_11.0.1_2563/ide/plugins/com.nxp.mcuxpresso.tools.win32_11.0.1.201907311258/tools/bin/../lib/gcc/arm-none-eabi/8.2.1/../../../../arm-none-eabi/lib/thumb/v6-m/nofp\libcr_c.a(strlen.o)
                0x00005d70                strlen
 .text._sbrk    0x00005dc8       0x40 c:/nxp/mcuxpressoide_11.0.1_2563/ide/plugins/com.nxp.mcuxpresso.tools.win32_11.0.1.201907311258/tools/bin/../lib/gcc/arm-none-eabi/8.2.1/../../../../arm-none-eabi/lib/thumb/v6-m/nofp\libcr_c.a(_cr_sbrk.o)
                0x00005dc8                _sbrk
 .text._fdopen  0x00005e08       0x74 c:/nxp/mcuxpressoide_11.0.1_2563/ide/plugins/com.nxp.mcuxpresso.tools.win32_11.0.1.201907311258/tools/bin/../lib/gcc/arm-none-eabi/8.2.1/../../../../arm-none-eabi/lib/thumb/v6-m/nofp\libcr_c.a(_fdopen.o)
                0x00005e08                _fdopen
 .text._sincos  0x00005e7c      0x1dc c:/nxp/mcuxpressoide_11.0.1_2563/ide/plugins/com.nxp.mcuxpresso.tools.win32_11.0.1.201907311258/tools/bin/../lib/gcc/arm-none-eabi/8.2.1/../../../../arm-none-eabi/lib/thumb/v6-m/nofp\libcr_c.a(_sincos.o)
                0x00005e7c                _sincos
 .text.fclose   0x00006058       0x5c c:/nxp/mcuxpressoide_11.0.1_2563/ide/plugins/com.nxp.mcuxpresso.tools.win32_11.0.1.201907311258/tools/bin/../lib/gcc/arm-none-eabi/8.2.1/../../../../arm-none-eabi/lib/thumb/v6-m/nofp\libcr_c.a(fclose.o)
                0x00006058                fclose
 .text.fflush   0x000060b4       0x44 c:/nxp/mcuxpressoide_11.0.1_2563/ide/plugins/com.nxp.mcuxpresso.tools.win32_11.0.1.201907311258/tools/bin/../lib/gcc/arm-none-eabi/8.2.1/../../../../arm-none-eabi/lib/thumb/v6-m/nofp\libcr_c.a(fflush.o)
                0x000060b4                fflush
 .text.frexp    0x000060f8       0x80 c:/nxp/mcuxpressoide_11.0.1_2563/ide/plugins/com.nxp.mcuxpresso.tools.win32_11.0.1.201907311258/tools/bin/../lib/gcc/arm-none-eabi/8.2.1/../../../../arm-none-eabi/lib/thumb/v6-m/nofp\libcr_c.a(frexp.o)
                0x000060f8                frexp
 .text.fseek    0x00006178       0xf0 c:/nxp/mcuxpressoide_11.0.1_2563/ide/plugins/com.nxp.mcuxpresso.tools.win32_11.0.1.201907311258/tools/bin/../lib/gcc/arm-none-eabi/8.2.1/../../../../arm-none-eabi/lib/thumb/v6-m/nofp\libcr_c.a(fseek.o)
                0x00006178                fseek
 .text.ftell    0x00006268       0x48 c:/nxp/mcuxpressoide_11.0.1_2563/ide/plugins/com.nxp.mcuxpresso.tools.win32_11.0.1.201907311258/tools/bin/../lib/gcc/arm-none-eabi/8.2.1/../../../../arm-none-eabi/lib/thumb/v6-m/nofp\libcr_c.a(ftell.o)
                0x00006268                ftell
 .text.ldexp    0x000062b0       0x58 c:/nxp/mcuxpressoide_11.0.1_2563/ide/plugins/com.nxp.mcuxpresso.tools.win32_11.0.1.201907311258/tools/bin/../lib/gcc/arm-none-eabi/8.2.1/../../../../arm-none-eabi/lib/thumb/v6-m/nofp\libcr_c.a(ldexp.o)
                0x000062b0                ldexp
 .text.__check_heap_overflow
                0x00006308       0x14 c:/nxp/mcuxpressoide_11.0.1_2563/ide/plugins/com.nxp.mcuxpresso.tools.win32_11.0.1.201907311258/tools/bin/../lib/gcc/arm-none-eabi/8.2.1/../../../../arm-none-eabi/lib/thumb/v6-m/nofp\libcr_c.a(_cr_check_heap.o)
                0x00006308                __check_heap_overflow
 .text._do_fflush
                0x0000631c       0x44 c:/nxp/mcuxpressoide_11.0.1_2563/ide/plugins/com.nxp.mcuxpresso.tools.win32_11.0.1.201907311258/tools/bin/../lib/gcc/arm-none-eabi/8.2.1/../../../../arm-none-eabi/lib/thumb/v6-m/nofp\libcr_c.a(_do_fflush.o)
                0x0000631c                _do_fflush
 .text._fflush  0x00006360       0x5c c:/nxp/mcuxpressoide_11.0.1_2563/ide/plugins/com.nxp.mcuxpresso.tools.win32_11.0.1.201907311258/tools/bin/../lib/gcc/arm-none-eabi/8.2.1/../../../../arm-none-eabi/lib/thumb/v6-m/nofp\libcr_c.a(_fflush.o)
                0x00006360                _fflush
 .text._Cwritebuf
                0x000063bc       0x68 c:/nxp/mcuxpressoide_11.0.1_2563/ide/plugins/com.nxp.mcuxpresso.tools.win32_11.0.1.201907311258/tools/bin/../lib/gcc/arm-none-eabi/8.2.1/../../../../arm-none-eabi/lib/thumb/v6-m/nofp\libcr_c.a(_writebuf.o)
                0x000063bc                _Cwritebuf
 .text._deferredlazyseek
                0x00006424       0x40 c:/nxp/mcuxpressoide_11.0.1_2563/ide/plugins/com.nxp.mcuxpresso.tools.win32_11.0.1.201907311258/tools/bin/../lib/gcc/arm-none-eabi/8.2.1/../../../../arm-none-eabi/lib/thumb/v6-m/nofp\libcr_c.a(_deferredlazyseek.o)
                0x00006424                _deferredlazyseek
 .text.__aeabi_dmul
                0x00006464      0x188 c:/nxp/mcuxpressoide_11.0.1_2563/ide/plugins/com.nxp.mcuxpresso.tools.win32_11.0.1.201907311258/tools/bin/../lib/gcc/arm-none-eabi/8.2.1/thumb/v6-m/nofp\libcr_eabihelpers.a(double.o)
                0x00006464                __aeabi_dmul
 .text.__aeabi_ddiv
                0x000065ec      0x148 c:/nxp/mcuxpressoide_11.0.1_2563/ide/plugins/com.nxp.mcuxpresso.tools.win32_11.0.1.201907311258/tools/bin/../lib/gcc/arm-none-eabi/8.2.1/thumb/v6-m/nofp\libcr_eabihelpers.a(double.o)
                0x000065ec                __aeabi_ddiv
 .text.__aeabi_dsub
                0x00006734      0x1c4 c:/nxp/mcuxpressoide_11.0.1_2563/ide/plugins/com.nxp.mcuxpresso.tools.win32_11.0.1.201907311258/tools/bin/../lib/gcc/arm-none-eabi/8.2.1/thumb/v6-m/nofp\libcr_eabihelpers.a(double.o)
                0x00006734                __aeabi_dsub
 .text.__aeabi_dadd
                0x000068f8      0x12c c:/nxp/mcuxpressoide_11.0.1_2563/ide/plugins/com.nxp.mcuxpresso.tools.win32_11.0.1.201907311258/tools/bin/../lib/gcc/arm-none-eabi/8.2.1/thumb/v6-m/nofp\libcr_eabihelpers.a(double.o)
                0x000068f8                __aeabi_dadd
 .text.__aeabi_d2f
                0x00006a24       0x60 c:/nxp/mcuxpressoide_11.0.1_2563/ide/plugins/com.nxp.mcuxpresso.tools.win32_11.0.1.201907311258/tools/bin/../lib/gcc/arm-none-eabi/8.2.1/thumb/v6-m/nofp\libcr_eabihelpers.a(double.o)
                0x00006a24                __aeabi_d2f
 .text.__aeabi_d2iz
                0x00006a84       0x4c c:/nxp/mcuxpressoide_11.0.1_2563/ide/plugins/com.nxp.mcuxpresso.tools.win32_11.0.1.201907311258/tools/bin/../lib/gcc/arm-none-eabi/8.2.1/thumb/v6-m/nofp\libcr_eabihelpers.a(double.o)
                0x00006a84                __aeabi_d2iz
 .text.__aeabi_d2uiz
                0x00006ad0       0x34 c:/nxp/mcuxpressoide_11.0.1_2563/ide/plugins/com.nxp.mcuxpresso.tools.win32_11.0.1.201907311258/tools/bin/../lib/gcc/arm-none-eabi/8.2.1/thumb/v6-m/nofp\libcr_eabihelpers.a(double.o)
                0x00006ad0                __aeabi_d2uiz
 .text.__aeabi_d2lz
                0x00006b04       0x80 c:/nxp/mcuxpressoide_11.0.1_2563/ide/plugins/com.nxp.mcuxpresso.tools.win32_11.0.1.201907311258/tools/bin/../lib/gcc/arm-none-eabi/8.2.1/thumb/v6-m/nofp\libcr_eabihelpers.a(double.o)
                0x00006b04                __aeabi_d2lz
 .text.__bhs_ul2d
                0x00006b84       0xb4 c:/nxp/mcuxpressoide_11.0.1_2563/ide/plugins/com.nxp.mcuxpresso.tools.win32_11.0.1.201907311258/tools/bin/../lib/gcc/arm-none-eabi/8.2.1/thumb/v6-m/nofp\libcr_eabihelpers.a(double.o)
                0x00006b84                __bhs_ul2d
 .text.__aeabi_dcmpeq
                0x00006c38       0x30 c:/nxp/mcuxpressoide_11.0.1_2563/ide/plugins/com.nxp.mcuxpresso.tools.win32_11.0.1.201907311258/tools/bin/../lib/gcc/arm-none-eabi/8.2.1/thumb/v6-m/nofp\libcr_eabihelpers.a(double.o)
                0x00006c38                __aeabi_dcmpeq
 .text.__aeabi_dcmplt
                0x00006c68       0x60 c:/nxp/mcuxpressoide_11.0.1_2563/ide/plugins/com.nxp.mcuxpresso.tools.win32_11.0.1.201907311258/tools/bin/../lib/gcc/arm-none-eabi/8.2.1/thumb/v6-m/nofp\libcr_eabihelpers.a(double.o)
                0x00006c68                __aeabi_dcmplt
 .text.__aeabi_dcmpgt
                0x00006cc8       0x58 c:/nxp/mcuxpressoide_11.0.1_2563/ide/plugins/com.nxp.mcuxpresso.tools.win32_11.0.1.201907311258/tools/bin/../lib/gcc/arm-none-eabi/8.2.1/thumb/v6-m/nofp\libcr_eabihelpers.a(double.o)
                0x00006cc8                __aeabi_dcmpgt
 .text.__aeabi_dcmple
                0x00006d20       0x58 c:/nxp/mcuxpressoide_11.0.1_2563/ide/plugins/com.nxp.mcuxpresso.tools.win32_11.0.1.201907311258/tools/bin/../lib/gcc/arm-none-eabi/8.2.1/thumb/v6-m/nofp\libcr_eabihelpers.a(double.o)
                0x00006d20                __aeabi_dcmple
 .text.__aeabi_dcmpge
                0x00006d78       0x60 c:/nxp/mcuxpressoide_11.0.1_2563/ide/plugins/com.nxp.mcuxpresso.tools.win32_11.0.1.201907311258/tools/bin/../lib/gcc/arm-none-eabi/8.2.1/thumb/v6-m/nofp\libcr_eabihelpers.a(double.o)
                0x00006d78                __aeabi_dcmpge
 .text.__aeabi_fmul
                0x00006dd8       0xc4 c:/nxp/mcuxpressoide_11.0.1_2563/ide/plugins/com.nxp.mcuxpresso.tools.win32_11.0.1.201907311258/tools/bin/../lib/gcc/arm-none-eabi/8.2.1/thumb/v6-m/nofp\libcr_eabihelpers.a(float.o)
                0x00006dd8                __aeabi_fmul
 .text.__aeabi_fdiv
                0x00006e9c       0xdc c:/nxp/mcuxpressoide_11.0.1_2563/ide/plugins/com.nxp.mcuxpresso.tools.win32_11.0.1.201907311258/tools/bin/../lib/gcc/arm-none-eabi/8.2.1/thumb/v6-m/nofp\libcr_eabihelpers.a(float.o)
                0x00006e9c                __aeabi_fdiv
 .text.__aeabi_fsub
                0x00006f78      0x128 c:/nxp/mcuxpressoide_11.0.1_2563/ide/plugins/com.nxp.mcuxpresso.tools.win32_11.0.1.201907311258/tools/bin/../lib/gcc/arm-none-eabi/8.2.1/thumb/v6-m/nofp\libcr_eabihelpers.a(float.o)
                0x00006f78                __aeabi_fsub
 .text.__aeabi_fadd
                0x000070a0       0xac c:/nxp/mcuxpressoide_11.0.1_2563/ide/plugins/com.nxp.mcuxpresso.tools.win32_11.0.1.201907311258/tools/bin/../lib/gcc/arm-none-eabi/8.2.1/thumb/v6-m/nofp\libcr_eabihelpers.a(float.o)
                0x000070a0                __aeabi_fadd
 .text.__aeabi_f2d
                0x0000714c       0x3c c:/nxp/mcuxpressoide_11.0.1_2563/ide/plugins/com.nxp.mcuxpresso.tools.win32_11.0.1.201907311258/tools/bin/../lib/gcc/arm-none-eabi/8.2.1/thumb/v6-m/nofp\libcr_eabihelpers.a(float.o)
                0x0000714c                __aeabi_f2d
 .text.UART_EnableTx
                0x00007188       0x40 ./utilities/fsl_debug_console.o
 .text.UART_EnableRx
                0x000071c8       0x40 ./utilities/fsl_debug_console.o
 .text.LPSCI_EnableTx
                0x00007208       0x40 ./utilities/fsl_debug_console.o
 .text.LPSCI_EnableRx
                0x00007248       0x40 ./utilities/fsl_debug_console.o
 .text.DbgConsole_PrintfPaddingCharacter
                0x00007288       0x46 ./utilities/fsl_debug_console.o
 .text.DbgConsole_ConvertRadixNumToString
                0x000072ce      0x114 ./utilities/fsl_debug_console.o
 .text.DbgConsole_PrintfFormattedData
                0x000073e2      0x374 ./utilities/fsl_debug_console.o
 .text.buff_check_full
                0x00007756       0x46 ./source/cir_buffer.o
                0x00007756                buff_check_full
 .text.buff_ptr_valid
                0x0000779c       0x24 ./source/cir_buffer.o
                0x0000779c                buff_ptr_valid
 .text.ADC16_EnableHardwareTrigger
                0x000077c0       0x3a ./source/dacadc.o
 .text.DAC_Enable
                0x000077fa       0x4a ./source/dacadc.o
 .text.EnableIRQ
                0x00007844       0x2c ./source/freertos_tickless.o
 .text.LPTMR_EnableInterrupts
                0x00007870       0x2e ./source/freertos_tickless.o
 .text.LPTMR0_IRQHandler
                0x0000789e        0xe ./source/freertos_tickless.o
                0x0000789e                LPTMR0_IRQHandler
 .text.vPortGetLptmrIrqn
                0x000078ac        0xc ./source/freertos_tickless.o
                0x000078ac                vPortGetLptmrIrqn
 .text.GPIO_WritePinOutput
                0x000078b8       0x34 ./source/led.o
 .text.GPIO_SetPinsOutput
                0x000078ec       0x18 ./source/led.o
 .text.GPIO_TogglePinsOutput
                0x00007904       0x18 ./source/led.o
 .text.LPTMR_ClearStatusFlags
                0x0000791c       0x1e ./freertos/fsl_tickless_lptmr.o
 .text.LPTMR_GetCurrentTimerCount
                0x0000793a       0x1e ./freertos/fsl_tickless_lptmr.o
 .text.LPTMR_StartTimer
                0x00007958       0x2c ./freertos/fsl_tickless_lptmr.o
 .text.LPTMR_StopTimer
                0x00007984       0x2c ./freertos/fsl_tickless_lptmr.o
 .text.vListInitialise
                0x000079b0       0x3c ./freertos/list.o
                0x000079b0                vListInitialise
 .text.vListInitialiseItem
                0x000079ec       0x16 ./freertos/list.o
                0x000079ec                vListInitialiseItem
 .text.vListInsertEnd
                0x00007a02       0x44 ./freertos/list.o
                0x00007a02                vListInsertEnd
 .text.vListInsert
                0x00007a46       0x6c ./freertos/list.o
                0x00007a46                vListInsert
 .text.uxListRemove
                0x00007ab2       0x50 ./freertos/list.o
                0x00007ab2                uxListRemove
 .text.SVC_Handler
                0x00007b02        0xa ./freertos/port.o
                0x00007b02                SVC_Handler
 .text.ulSetInterruptMaskFromISR
                0x00007b0c        0xc ./freertos/port.o
                0x00007b0c                ulSetInterruptMaskFromISR
 .text.vClearInterruptMaskFromISR
                0x00007b18        0x8 ./freertos/port.o
                0x00007b18                vClearInterruptMaskFromISR
 .text.xQueueGenericReset
                0x00007b20       0xa8 ./freertos/queue.o
                0x00007b20                xQueueGenericReset
 .text.xQueueGenericCreate
                0x00007bc8       0x64 ./freertos/queue.o
                0x00007bc8                xQueueGenericCreate
 .text.prvInitialiseNewQueue
                0x00007c2c       0x4e ./freertos/queue.o
 .text.xQueueGenericSend
                0x00007c7a      0x188 ./freertos/queue.o
                0x00007c7a                xQueueGenericSend
 .text.xQueueGenericSendFromISR
                0x00007e02       0xe2 ./freertos/queue.o
                0x00007e02                xQueueGenericSendFromISR
 .text.xQueueGiveFromISR
                0x00007ee4       0xca ./freertos/queue.o
                0x00007ee4                xQueueGiveFromISR
 .text.xQueueGenericReceive
                0x00007fae      0x1c8 ./freertos/queue.o
                0x00007fae                xQueueGenericReceive
 .text.prvCopyDataToQueue
                0x00008176       0xd6 ./freertos/queue.o
 .text.prvCopyDataFromQueue
                0x0000824c       0x4c ./freertos/queue.o
 .text.prvUnlockQueue
                0x00008298       0xbc ./freertos/queue.o
 .text.prvIsQueueEmpty
                0x00008354       0x2c ./freertos/queue.o
 .text.prvIsQueueFull
                0x00008380       0x30 ./freertos/queue.o
 .text.vQueueWaitForMessageRestricted
                0x000083b0       0x66 ./freertos/queue.o
                0x000083b0                vQueueWaitForMessageRestricted
 .text.xTaskCreate
                0x00008416       0x90 ./freertos/tasks.o
                0x00008416                xTaskCreate
 .text.prvDeleteTCB
                0x000084a6       0x22 ./freertos/tasks.o
 .text.prvTimerTask
                0x000084c8       0x28 ./freertos/timers.o
 .text.ADC16_DoAutoCalibration
                0x000084f0      0x118 ./drivers/fsl_adc16.o
                0x000084f0                ADC16_DoAutoCalibration
 .text.ADC16_GetStatusFlags
                0x00008608       0x3a ./drivers/fsl_adc16.o
                0x00008608                ADC16_GetStatusFlags
 .text.OSC_SetExtRefClkConfig
                0x00008642       0x3e ./drivers/fsl_clock.o
 .text.OSC_SetCapLoad
                0x00008680       0x42 ./drivers/fsl_clock.o
 .text.CLOCK_GetPll0RefFreq
                0x000086c2       0x10 ./drivers/fsl_clock.o
 .text.CLOCK_SetExternalRefClkConfig
                0x000086d2       0x16 ./drivers/fsl_clock.o
                0x000086d2                CLOCK_SetExternalRefClkConfig
 .text.EnableIRQ
                0x000086e8       0x2c ./drivers/fsl_dma.o
 .text.GPIO_WritePinOutput
                0x00008714       0x34 ./drivers/fsl_gpio.o
 .text.LPSCI_GetStatusFlags
                0x00008748       0x26 ./drivers/fsl_lpsci.o
                0x00008748                LPSCI_GetStatusFlags
 .text.UART_GetStatusFlags
                0x0000876e       0x26 ./drivers/fsl_uart.o
                0x0000876e                UART_GetStatusFlags
 .text.UART_WriteBlocking
                0x00008794       0x3a ./drivers/fsl_uart.o
                0x00008794                UART_WriteBlocking
 .text.__main   0x000087ce        0xc c:/nxp/mcuxpressoide_11.0.1_2563/ide/plugins/com.nxp.mcuxpresso.tools.win32_11.0.1.201907311258/tools/bin/../lib/gcc/arm-none-eabi/8.2.1/../../../../arm-none-eabi/lib/thumb/v6-m/nofp\libcr_nohost_nf.a(_cr__main.o)
                0x000087ce                __main
 .text.memcpy   0x000087da        0x8 c:/nxp/mcuxpressoide_11.0.1_2563/ide/plugins/com.nxp.mcuxpresso.tools.win32_11.0.1.201907311258/tools/bin/../lib/gcc/arm-none-eabi/8.2.1/../../../../arm-none-eabi/lib/thumb/v6-m/nofp\libcr_c.a(memcpy.o)
                0x000087da                memcpy
 .text.memset   0x000087e2        0x8 c:/nxp/mcuxpressoide_11.0.1_2563/ide/plugins/com.nxp.mcuxpresso.tools.win32_11.0.1.201907311258/tools/bin/../lib/gcc/arm-none-eabi/8.2.1/../../../../arm-none-eabi/lib/thumb/v6-m/nofp\libcr_c.a(memset.o)
                0x000087e2                memset
 .text.free     0x000087ea       0x2c c:/nxp/mcuxpressoide_11.0.1_2563/ide/plugins/com.nxp.mcuxpresso.tools.win32_11.0.1.201907311258/tools/bin/../lib/gcc/arm-none-eabi/8.2.1/../../../../arm-none-eabi/lib/thumb/v6-m/nofp\libcr_c.a(alloc.o)
                0x000087ea                free
 .text.sin      0x00008816       0x36 c:/nxp/mcuxpressoide_11.0.1_2563/ide/plugins/com.nxp.mcuxpresso.tools.win32_11.0.1.201907311258/tools/bin/../lib/gcc/arm-none-eabi/8.2.1/../../../../arm-none-eabi/lib/thumb/v6-m/nofp\libcr_c.a(sin.o)
                0x00008816                sin
 .text.fabs     0x0000884c       0x22 c:/nxp/mcuxpressoide_11.0.1_2563/ide/plugins/com.nxp.mcuxpresso.tools.win32_11.0.1.201907311258/tools/bin/../lib/gcc/arm-none-eabi/8.2.1/../../../../arm-none-eabi/lib/thumb/v6-m/nofp\libcr_c.a(fabs.o)
                0x0000884c                fabs
 .text.remove   0x0000886e       0x12 c:/nxp/mcuxpressoide_11.0.1_2563/ide/plugins/com.nxp.mcuxpresso.tools.win32_11.0.1.201907311258/tools/bin/../lib/gcc/arm-none-eabi/8.2.1/../../../../arm-none-eabi/lib/thumb/v6-m/nofp\libcr_c.a(remove.o)
                0x0000886e                remove
 .text.__aeabi_division_idivmod
                0x00008880       0x78 c:/nxp/mcuxpressoide_11.0.1_2563/ide/plugins/com.nxp.mcuxpresso.tools.win32_11.0.1.201907311258/tools/bin/../lib/gcc/arm-none-eabi/8.2.1/thumb/v6-m/nofp\libcr_eabihelpers.a(division_32.o)
                0x00008880                __aeabi_idivmod
                0x00008880                __aeabi_idiv
                0x00008886                __aeabi_uidivmod
                0x00008886                __aeabi_uidiv
 .text.__aeabi_division_idiv0
                0x000088f8        0x2 c:/nxp/mcuxpressoide_11.0.1_2563/ide/plugins/com.nxp.mcuxpresso.tools.win32_11.0.1.201907311258/tools/bin/../lib/gcc/arm-none-eabi/8.2.1/thumb/v6-m/nofp\libcr_eabihelpers.a(division_idiv0.o)
                0x000088f8                __aeabi_idiv0
 .text.__bhs_ui2d
                0x000088fa       0x5e c:/nxp/mcuxpressoide_11.0.1_2563/ide/plugins/com.nxp.mcuxpresso.tools.win32_11.0.1.201907311258/tools/bin/../lib/gcc/arm-none-eabi/8.2.1/thumb/v6-m/nofp\libcr_eabihelpers.a(double.o)
                0x000088fa                __bhs_ui2d
 .text.__aeabi_i2d
                0x00008958       0x18 c:/nxp/mcuxpressoide_11.0.1_2563/ide/plugins/com.nxp.mcuxpresso.tools.win32_11.0.1.201907311258/tools/bin/../lib/gcc/arm-none-eabi/8.2.1/thumb/v6-m/nofp\libcr_eabihelpers.a(double.o)
                0x00008958                __aeabi_i2d
 .text.__aeabi_ui2d
                0x00008970        0xc c:/nxp/mcuxpressoide_11.0.1_2563/ide/plugins/com.nxp.mcuxpresso.tools.win32_11.0.1.201907311258/tools/bin/../lib/gcc/arm-none-eabi/8.2.1/thumb/v6-m/nofp\libcr_eabihelpers.a(double.o)
                0x00008970                __aeabi_ui2d
 .text.__aeabi_l2d
                0x0000897c       0x22 c:/nxp/mcuxpressoide_11.0.1_2563/ide/plugins/com.nxp.mcuxpresso.tools.win32_11.0.1.201907311258/tools/bin/../lib/gcc/arm-none-eabi/8.2.1/thumb/v6-m/nofp\libcr_eabihelpers.a(double.o)
                0x0000897c                __aeabi_l2d
 .text.__bhs_ui2f
                0x0000899e       0x62 c:/nxp/mcuxpressoide_11.0.1_2563/ide/plugins/com.nxp.mcuxpresso.tools.win32_11.0.1.201907311258/tools/bin/../lib/gcc/arm-none-eabi/8.2.1/thumb/v6-m/nofp\libcr_eabihelpers.a(float.o)
                0x0000899e                __bhs_ui2f
 .text.__aeabi_i2f
                0x00008a00       0x18 c:/nxp/mcuxpressoide_11.0.1_2563/ide/plugins/com.nxp.mcuxpresso.tools.win32_11.0.1.201907311258/tools/bin/../lib/gcc/arm-none-eabi/8.2.1/thumb/v6-m/nofp\libcr_eabihelpers.a(float.o)
                0x00008a00                __aeabi_i2f
 .text.__aeabi_fcmplt
                0x00008a18       0x44 c:/nxp/mcuxpressoide_11.0.1_2563/ide/plugins/com.nxp.mcuxpresso.tools.win32_11.0.1.201907311258/tools/bin/../lib/gcc/arm-none-eabi/8.2.1/thumb/v6-m/nofp\libcr_eabihelpers.a(float.o)
                0x00008a18                __aeabi_fcmplt
 .text.__aeabi_fcmpgt
                0x00008a5c       0x3e c:/nxp/mcuxpressoide_11.0.1_2563/ide/plugins/com.nxp.mcuxpresso.tools.win32_11.0.1.201907311258/tools/bin/../lib/gcc/arm-none-eabi/8.2.1/thumb/v6-m/nofp\libcr_eabihelpers.a(float.o)
                0x00008a5c                __aeabi_fcmpgt
 .text.__aeabi_llong_lmul
                0x00008a9a       0x2e c:/nxp/mcuxpressoide_11.0.1_2563/ide/plugins/com.nxp.mcuxpresso.tools.win32_11.0.1.201907311258/tools/bin/../lib/gcc/arm-none-eabi/8.2.1/thumb/v6-m/nofp\libcr_eabihelpers.a(llong.o)
                0x00008a9a                __aeabi_lmul
 .text.__aeabi_memcpy
                0x00008ac8       0x2c c:/nxp/mcuxpressoide_11.0.1_2563/ide/plugins/com.nxp.mcuxpresso.tools.win32_11.0.1.201907311258/tools/bin/../lib/gcc/arm-none-eabi/8.2.1/thumb/v6-m/nofp\libcr_eabihelpers.a(memcpy.o)
                0x00008ac8                __aeabi_memcpy4
                0x00008ac8                __aeabi_memcpy8
                0x00008ac8                __aeabi_memcpy
 .text.__aeabi_memset_lowlevel
                0x00008af4       0x2a c:/nxp/mcuxpressoide_11.0.1_2563/ide/plugins/com.nxp.mcuxpresso.tools.win32_11.0.1.201907311258/tools/bin/../lib/gcc/arm-none-eabi/8.2.1/thumb/v6-m/nofp\libcr_eabihelpers.a(memcpy.o)
                0x00008af4                __aeabi_lowlevel_memset
 .text.__sys_close
                0x00008b1e        0x6 c:/nxp/mcuxpressoide_11.0.1_2563/ide/plugins/com.nxp.mcuxpresso.tools.win32_11.0.1.201907311258/tools/bin/../lib/gcc/arm-none-eabi/8.2.1/../../../../arm-none-eabi/lib/thumb/v6-m/nofp\libcr_nohost_nf.a(__sys_close.o)
                0x00008b1e                __sys_close
 .text.__sys_flen
                0x00008b24        0x6 c:/nxp/mcuxpressoide_11.0.1_2563/ide/plugins/com.nxp.mcuxpresso.tools.win32_11.0.1.201907311258/tools/bin/../lib/gcc/arm-none-eabi/8.2.1/../../../../arm-none-eabi/lib/thumb/v6-m/nofp\libcr_nohost_nf.a(__sys_flen.o)
                0x00008b24                __sys_flen
 .text.__sys_istty
                0x00008b2a        0x6 c:/nxp/mcuxpressoide_11.0.1_2563/ide/plugins/com.nxp.mcuxpresso.tools.win32_11.0.1.201907311258/tools/bin/../lib/gcc/arm-none-eabi/8.2.1/../../../../arm-none-eabi/lib/thumb/v6-m/nofp\libcr_nohost_nf.a(__sys_istty.o)
                0x00008b2a                __sys_istty
 .text.__sys_remove
                0x00008b30        0x6 c:/nxp/mcuxpressoide_11.0.1_2563/ide/plugins/com.nxp.mcuxpresso.tools.win32_11.0.1.201907311258/tools/bin/../lib/gcc/arm-none-eabi/8.2.1/../../../../arm-none-eabi/lib/thumb/v6-m/nofp\libcr_nohost_nf.a(__sys_remove.o)
                0x00008b30                __sys_remove
 .text.__sys_seek
                0x00008b36        0x6 c:/nxp/mcuxpressoide_11.0.1_2563/ide/plugins/com.nxp.mcuxpresso.tools.win32_11.0.1.201907311258/tools/bin/../lib/gcc/arm-none-eabi/8.2.1/../../../../arm-none-eabi/lib/thumb/v6-m/nofp\libcr_nohost_nf.a(__sys_seek.o)
                0x00008b36                __sys_seek
 .text.__sys_tmpnam
                0x00008b3c        0x6 c:/nxp/mcuxpressoide_11.0.1_2563/ide/plugins/com.nxp.mcuxpresso.tools.win32_11.0.1.201907311258/tools/bin/../lib/gcc/arm-none-eabi/8.2.1/../../../../arm-none-eabi/lib/thumb/v6-m/nofp\libcr_nohost_nf.a(__sys_tmpnam.o)
                0x00008b3c                __sys_tmpnam
 .text.__sys_write
                0x00008b42        0x4 c:/nxp/mcuxpressoide_11.0.1_2563/ide/plugins/com.nxp.mcuxpresso.tools.win32_11.0.1.201907311258/tools/bin/../lib/gcc/arm-none-eabi/8.2.1/../../../../arm-none-eabi/lib/thumb/v6-m/nofp\libcr_nohost_nf.a(__sys_write.o)
                0x00008b42                __sys_write
 *(SORT_BY_ALIGNMENT(.rodata) SORT_BY_ALIGNMENT(.rodata.*) SORT_BY_ALIGNMENT(.constdata) SORT_BY_ALIGNMENT(.constdata.*))
 *fill*         0x00008b46        0x2 ff
 .rodata.a1.3979
                0x00008b48       0x88 c:/nxp/mcuxpressoide_11.0.1_2563/ide/plugins/com.nxp.mcuxpresso.tools.win32_11.0.1.201907311258/tools/bin/../lib/gcc/arm-none-eabi/8.2.1/../../../../arm-none-eabi/lib/thumb/v6-m/nofp\libcr_c.a(pow.o)
 .rodata.a2.3980
                0x00008bd0       0x40 c:/nxp/mcuxpressoide_11.0.1_2563/ide/plugins/com.nxp.mcuxpresso.tools.win32_11.0.1.201907311258/tools/bin/../lib/gcc/arm-none-eabi/8.2.1/../../../../arm-none-eabi/lib/thumb/v6-m/nofp\libcr_c.a(pow.o)
 .rodata        0x00008c10      0x116 ./source/cir_buffer.o
 *fill*         0x00008d26        0x2 ff
 .rodata        0x00008d28       0x48 ./source/dacadc.o
 .rodata        0x00008d70       0xc2 ./source/dma.o
 *fill*         0x00008e32        0x2 ff
 .rodata        0x00008e34      0x2e9 ./source/freertos_tickless.o
 *fill*         0x0000911d        0x3 ff
 .rodata        0x00009120      0x10f ./source/logger.o
 *fill*         0x0000922f        0x1 ff
 .rodata        0x00009230       0x27 ./freertos/fsl_tickless_lptmr.o
 *fill*         0x00009257        0x1 ff
 .rodata        0x00009258       0x18 ./freertos/tasks.o
                0x00009260                FreeRTOSDebugConfig
 .rodata        0x00009270        0xd ./freertos/timers.o
 *fill*         0x0000927d        0x3 ff
 .rodata.prvProcessReceivedCommands
                0x00009280       0x28 ./freertos/timers.o
 .rodata        0x000092a8      0x13a ./drivers/fsl_adc16.o
 *fill*         0x000093e2        0x2 ff
 .rodata        0x000093e4      0x11d ./drivers/fsl_clock.o
 *fill*         0x00009501        0x3 ff
 .rodata.fllFactorTable.5230
                0x00009504       0x10 ./drivers/fsl_clock.o
 .rodata        0x00009514        0x4 ./drivers/fsl_common.o
 .rodata        0x00009518      0x152 ./drivers/fsl_dac.o
 *fill*         0x0000966a        0x2 ff
 .rodata        0x0000966c      0x4ae ./drivers/fsl_dma.o
 *fill*         0x00009b1a        0x2 ff
 .rodata.s_dmaIRQNumber
                0x00009b1c        0x4 ./drivers/fsl_dma.o
 .rodata        0x00009b20       0x42 ./drivers/fsl_dmamux.o
 *fill*         0x00009b62        0x2 ff
 .rodata.s_portBases
                0x00009b64       0x14 ./drivers/fsl_gpio.o
 .rodata.s_gpioBases
                0x00009b78       0x14 ./drivers/fsl_gpio.o
 .rodata        0x00009b8c       0x62 ./drivers/fsl_gpio.o
 *fill*         0x00009bee        0x2 ff
 .rodata        0x00009bf0      0x48c ./drivers/fsl_lpsci.o
 .rodata        0x0000a07c       0x88 ./drivers/fsl_lptmr.o
 .rodata.s_uartBases
                0x0000a104        0xc ./drivers/fsl_uart.o
 .rodata.s_uartClock
                0x0000a110        0xc ./drivers/fsl_uart.o
 .rodata        0x0000a11c      0x45b ./drivers/fsl_uart.o
 *fill*         0x0000a577        0x1 ff
 .rodata.mcgConfig_BOARD_BootClockRUN
                0x0000a578        0xa ./board/clock_config.o
                0x0000a578                mcgConfig_BOARD_BootClockRUN
 *fill*         0x0000a582        0x2 ff
 .rodata.simConfig_BOARD_BootClockRUN
                0x0000a584        0x8 ./board/clock_config.o
                0x0000a584                simConfig_BOARD_BootClockRUN
 .rodata.oscConfig_BOARD_BootClockRUN
                0x0000a58c        0x8 ./board/clock_config.o
                0x0000a58c                oscConfig_BOARD_BootClockRUN
 .rodata        0x0000a594       0x23 ./board/pin_mux.o
 *fill*         0x0000a5b7        0x1 ff
 .rodata.__num_Ciob_streams
                0x0000a5b8        0x4 c:/nxp/mcuxpressoide_11.0.1_2563/ide/plugins/com.nxp.mcuxpresso.tools.win32_11.0.1.201907311258/tools/bin/../lib/gcc/arm-none-eabi/8.2.1/../../../../arm-none-eabi/lib/thumb/v6-m/nofp\libcr_nohost_nf.a(__ciob.o)
                0x0000a5b8                __num_Ciob_streams
 .rodata._initio.str1.1
                0x0000a5bc        0x4 c:/nxp/mcuxpressoide_11.0.1_2563/ide/plugins/com.nxp.mcuxpresso.tools.win32_11.0.1.201907311258/tools/bin/../lib/gcc/arm-none-eabi/8.2.1/../../../../arm-none-eabi/lib/thumb/v6-m/nofp\libcr_c.a(initio.o)
                0x0000a5c0                . = ALIGN (0x4)

.glue_7         0x0000a5c0        0x0
 .glue_7        0x0000a5c0        0x0 linker stubs

.glue_7t        0x0000a5c0        0x0
 .glue_7t       0x0000a5c0        0x0 linker stubs

.vfp11_veneer   0x0000a5c0        0x0
 .vfp11_veneer  0x0000a5c0        0x0 linker stubs

.v4_bx          0x0000a5c0        0x0
 .v4_bx         0x0000a5c0        0x0 linker stubs

.iplt           0x0000a5c0        0x0
 .iplt          0x0000a5c0        0x0 ./utilities/fsl_debug_console.o

.rel.dyn        0x0000a5c0        0x0
 .rel.iplt      0x0000a5c0        0x0 ./utilities/fsl_debug_console.o

.ARM.extab
 *(SORT_BY_ALIGNMENT(.ARM.extab*) SORT_BY_ALIGNMENT(.gnu.linkonce.armextab.*))
                0x0000a5c0                __exidx_start = .

.ARM.exidx
 *(SORT_BY_ALIGNMENT(.ARM.exidx*) SORT_BY_ALIGNMENT(.gnu.linkonce.armexidx.*))
                0x0000a5c0                __exidx_end = .
                0x0000a5c0                _etext = .

.m_usb_data
 *(SORT_BY_ALIGNMENT(m_usb_bdt))

.mtb_buffer_default
                0x1ffff000       0x80
 *(SORT_BY_ALIGNMENT(.mtb*))
 .mtb.$RAM1     0x1ffff000       0x80 ./source/mtb.o
                0x1ffff000                __mtb_buffer__

.uninit_RESERVED
                0x1ffff080        0x0
                0x1ffff080                . = ALIGN (0x4)
 *(SORT_BY_ALIGNMENT(.bss.$RESERVED*))
                0x1ffff080                . = ALIGN (0x4)
                0x1ffff080                _end_uninit_RESERVED = .

.data           0x1ffff080      0x650 load address 0x0000a5c0
 FILL mask 0xff
                0x1ffff080                _data = .
 *(SORT_BY_ALIGNMENT(vtable))
 *(SORT_BY_ALIGNMENT(.ramfunc*))
 *(SORT_BY_ALIGNMENT(CodeQuickAccess))
 *(SORT_BY_ALIGNMENT(DataQuickAccess))
 *(SORT_BY_ALIGNMENT(RamFunction))
 *(SORT_BY_ALIGNMENT(.data*))
 .data.ch_arr   0x1ffff080      0x640 ./source/logger.o
                0x1ffff080                ch_arr
 .data.uxCriticalNesting
                0x1ffff6c0        0x4 ./freertos/port.o
 .data.s_slowIrcFreq
                0x1ffff6c4        0x4 ./drivers/fsl_clock.o
 .data.SystemCoreClock
                0x1ffff6c8        0x4 ./CMSIS/system_MKL25Z4.o
                0x1ffff6c8                SystemCoreClock
 .data.count_add_item
                0x1ffff6cc        0x1 ./source/cir_buffer.o
                0x1ffff6cc                count_add_item
 .data.num_execute
                0x1ffff6cd        0x1 ./source/freertos_tickless.o
                0x1ffff6cd                num_execute
                0x1ffff6d0                . = ALIGN (0x4)
 *fill*         0x1ffff6ce        0x2 ff
                0x1ffff6d0                _edata = .

.igot.plt       0x1ffff6d0        0x0 load address 0x0000ac10
 .igot.plt      0x1ffff6d0        0x0 ./utilities/fsl_debug_console.o

.bss            0x1ffff6d0     0x2bb0 load address 0x0000ac10
                0x1ffff6d0                . = ALIGN (0x4)
                0x1ffff6d0                _bss = .
 *(SORT_BY_ALIGNMENT(.bss*))
 .bss.timecount
                0x1ffff6d0        0x8 ./source/logger.o
                0x1ffff6d0                timecount
 .bss.s_debugConsole
                0x1ffff6d8       0x10 ./utilities/fsl_debug_console.o
 .bss.g_DMA_Handle
                0x1ffff6e8       0x10 ./source/dma.o
                0x1ffff6e8                g_DMA_Handle
 .bss.transferConfig
                0x1ffff6f8       0x10 ./source/dma.o
                0x1ffff6f8                transferConfig
 .bss.g_adc16ChannelConfigStruct
                0x1ffff708        0x8 ./source/freertos_tickless.o
                0x1ffff708                g_adc16ChannelConfigStruct
 .bss.TaskHandle_1
                0x1ffff710        0x4 ./source/freertos_tickless.o
                0x1ffff710                TaskHandle_1
 .bss.adc_buff  0x1ffff714        0x4 ./source/freertos_tickless.o
                0x1ffff714                adc_buff
 .bss.dsp_buff  0x1ffff718       0xc8 ./source/freertos_tickless.o
                0x1ffff718                dsp_buff
 .bss.xSWSemaphore
                0x1ffff7e0        0x4 ./source/freertos_tickless.o
                0x1ffff7e0                xSWSemaphore
 .bss.ulTimerCountsForOneTick
                0x1ffff7e4        0x4 ./freertos/fsl_tickless_lptmr.o
 .bss.xMaximumPossibleSuppressedTicks
                0x1ffff7e8        0x4 ./freertos/fsl_tickless_lptmr.o
 .bss.ulLPTimerCountsForOneTick
                0x1ffff7ec        0x4 ./freertos/fsl_tickless_lptmr.o
 .bss.ucHeap    0x1ffff7f0     0x2800 ./freertos/heap_4.o
 .bss.xStart    0x20001ff0        0x8 ./freertos/heap_4.o
 .bss.pxEnd     0x20001ff8        0x4 ./freertos/heap_4.o
 .bss.xFreeBytesRemaining
                0x20001ffc        0x4 ./freertos/heap_4.o
 .bss.xMinimumEverFreeBytesRemaining
                0x20002000        0x4 ./freertos/heap_4.o
 .bss.xBlockAllocatedBit
                0x20002004        0x4 ./freertos/heap_4.o
 .bss.xQueueRegistry
                0x20002008       0x40 ./freertos/queue.o
                0x20002008                xQueueRegistry
 .bss.pxCurrentTCB
                0x20002048        0x4 ./freertos/tasks.o
                0x20002048                pxCurrentTCB
 .bss.pxReadyTasksLists
                0x2000204c       0x64 ./freertos/tasks.o
 .bss.xDelayedTaskList1
                0x200020b0       0x14 ./freertos/tasks.o
 .bss.xDelayedTaskList2
                0x200020c4       0x14 ./freertos/tasks.o
 .bss.pxDelayedTaskList
                0x200020d8        0x4 ./freertos/tasks.o
 .bss.pxOverflowDelayedTaskList
                0x200020dc        0x4 ./freertos/tasks.o
 .bss.xPendingReadyList
                0x200020e0       0x14 ./freertos/tasks.o
 .bss.xTasksWaitingTermination
                0x200020f4       0x14 ./freertos/tasks.o
 .bss.uxDeletedTasksWaitingCleanUp
                0x20002108        0x4 ./freertos/tasks.o
 .bss.xSuspendedTaskList
                0x2000210c       0x14 ./freertos/tasks.o
 .bss.uxCurrentNumberOfTasks
                0x20002120        0x4 ./freertos/tasks.o
 .bss.xTickCount
                0x20002124        0x4 ./freertos/tasks.o
 .bss.uxTopReadyPriority
                0x20002128        0x4 ./freertos/tasks.o
 .bss.xSchedulerRunning
                0x2000212c        0x4 ./freertos/tasks.o
 .bss.uxPendedTicks
                0x20002130        0x4 ./freertos/tasks.o
 .bss.xYieldPending
                0x20002134        0x4 ./freertos/tasks.o
 .bss.xNumOfOverflows
                0x20002138        0x4 ./freertos/tasks.o
 .bss.uxTaskNumber
                0x2000213c        0x4 ./freertos/tasks.o
 .bss.xNextTaskUnblockTime
                0x20002140        0x4 ./freertos/tasks.o
 .bss.xIdleTaskHandle
                0x20002144        0x4 ./freertos/tasks.o
 .bss.uxSchedulerSuspended
                0x20002148        0x4 ./freertos/tasks.o
 .bss.xActiveTimerList1
                0x2000214c       0x14 ./freertos/timers.o
 .bss.xActiveTimerList2
                0x20002160       0x14 ./freertos/timers.o
 .bss.pxCurrentTimerList
                0x20002174        0x4 ./freertos/timers.o
 .bss.pxOverflowTimerList
                0x20002178        0x4 ./freertos/timers.o
 .bss.xTimerQueue
                0x2000217c        0x4 ./freertos/timers.o
 .bss.xTimerTaskHandle
                0x20002180        0x4 ./freertos/timers.o
 .bss.xLastTime.4576
                0x20002184        0x4 ./freertos/timers.o
 .bss.g_xtal0Freq
                0x20002188        0x4 ./drivers/fsl_clock.o
                0x20002188                g_xtal0Freq
 .bss.s_DMAHandle
                0x2000218c       0x10 ./drivers/fsl_dma.o
 .bss.s_lpsciHandle
                0x2000219c        0x4 ./drivers/fsl_lpsci.o
 .bss.s_lpsciIsr
                0x200021a0        0x4 ./drivers/fsl_lpsci.o
 .bss.s_uartHandle
                0x200021a4        0xc ./drivers/fsl_uart.o
 .bss.s_uartIsr
                0x200021b0        0x4 ./drivers/fsl_uart.o
 .bss.__end_of_heap
                0x200021b4        0x4 c:/nxp/mcuxpressoide_11.0.1_2563/ide/plugins/com.nxp.mcuxpresso.tools.win32_11.0.1.201907311258/tools/bin/../lib/gcc/arm-none-eabi/8.2.1/../../../../arm-none-eabi/lib/thumb/v6-m/nofp\libcr_c.a(__init_alloc.o)
                0x200021b4                __end_of_heap
 .bss.__heaps   0x200021b8        0x4 c:/nxp/mcuxpressoide_11.0.1_2563/ide/plugins/com.nxp.mcuxpresso.tools.win32_11.0.1.201907311258/tools/bin/../lib/gcc/arm-none-eabi/8.2.1/../../../../arm-none-eabi/lib/thumb/v6-m/nofp\libcr_c.a(__init_alloc.o)
                0x200021b8                __heaps
 .bss.errno     0x200021bc        0x4 c:/nxp/mcuxpressoide_11.0.1_2563/ide/plugins/com.nxp.mcuxpresso.tools.win32_11.0.1.201907311258/tools/bin/../lib/gcc/arm-none-eabi/8.2.1/../../../../arm-none-eabi/lib/thumb/v6-m/nofp\libcr_c.a(errno.o)
                0x200021bc                errno
 .bss.__Ciob    0x200021c0       0xb4 c:/nxp/mcuxpressoide_11.0.1_2563/ide/plugins/com.nxp.mcuxpresso.tools.win32_11.0.1.201907311258/tools/bin/../lib/gcc/arm-none-eabi/8.2.1/../../../../arm-none-eabi/lib/thumb/v6-m/nofp\libcr_nohost_nf.a(__ciob.o)
                0x200021c0                __Ciob
 .bss.g_Adc16ConversionValue
                0x20002274        0x2 ./source/freertos_tickless.o
                0x20002274                g_Adc16ConversionValue
 .bss.var_sinefunc
                0x20002276        0x2 ./source/freertos_tickless.o
                0x20002276                var_sinefunc
 .bss.g_Transfer_Done
                0x20002278        0x1 ./source/dma.o
                0x20002278                g_Transfer_Done
 .bss.n         0x20002279        0x1 ./source/freertos_tickless.o
                0x20002279                n
 .bss.g_Adc16ConversionDoneFlag
                0x2000227a        0x1 ./source/freertos_tickless.o
                0x2000227a                g_Adc16ConversionDoneFlag
 .bss.receive_status
                0x2000227b        0x1 ./source/freertos_tickless.o
                0x2000227b                receive_status
 .bss.sec       0x2000227c        0x1 ./source/logger.o
                0x2000227c                sec
 .bss.min       0x2000227d        0x1 ./source/logger.o
                0x2000227d                min
 .bss.hour      0x2000227e        0x1 ./source/logger.o
                0x2000227e                hour
 .bss.ulLPTimerInterruptFired
                0x2000227f        0x1 ./freertos/fsl_tickless_lptmr.o
 *(SORT_BY_ALIGNMENT(COMMON))
                0x20002280                . = ALIGN (0x4)
                0x20002280                _ebss = .
                [!provide]                PROVIDE (end = .)

.noinit         0x20002280        0x0 load address 0x0000ac10
                0x20002280                . = ALIGN (0x4)
                0x20002280                _noinit = .
 *(SORT_BY_ALIGNMENT(.noinit*))
                0x20002280                . = ALIGN (0x4)
                0x20002280                _end_noinit = .
                0x00000400                _HeapSize = 0x400

.heap           0x20002280      0x400 load address 0x0000ac10
                0x20002280                _pvHeapStart = .
                0x20002680                . = (. + _HeapSize)
 *fill*         0x20002280      0x400 
                0x20002680                . = ALIGN (0x4)
                0x20002680                _pvHeapLimit = .
                0x00000400                _StackSize = 0x400

.heap2stackfill
                0x20002680      0x400 load address 0x0000ac10
                0x20002a80                . = (. + _StackSize)
 *fill*         0x20002680      0x400 

.stack          0x20002c00        0x0
                0x20002c00                _vStackBase = .
                0x20002c00                . = ALIGN (0x4)
                0x20003000                _vStackTop = (. + _StackSize)
                0x00000000                _image_start = LOADADDR (.text)
                0x0000ac10                _image_end = (LOADADDR (.data) + SIZEOF (.data))
                0x0000ac10                _image_size = (_image_end - _image_start)
OUTPUT(Pes_6_v2_rtos_examples_freertos_tickless.axf elf32-littlearm)

.debug_info     0x00000000    0x13856
 .debug_info    0x00000000      0xfba ./utilities/fsl_debug_console.o
 .debug_info    0x00000fba      0x4db ./startup/startup_mkl25z4.o
 .debug_info    0x00001495      0x996 ./source/cir_buffer.o
 .debug_info    0x00001e2b      0x9d7 ./source/dacadc.o
 .debug_info    0x00002802      0xaf8 ./source/dma.o
 .debug_info    0x000032fa     0x179a ./source/freertos_tickless.o
 .debug_info    0x00004a94      0x6d1 ./source/led.o
 .debug_info    0x00005165      0x808 ./source/logger.o
 .debug_info    0x0000596d       0x4f ./source/mtb.o
 .debug_info    0x000059bc       0x38 ./source/semihost_hardfault.o
 .debug_info    0x000059f4      0x712 ./freertos/fsl_tickless_lptmr.o
 .debug_info    0x00006106      0x330 ./freertos/heap_4.o
 .debug_info    0x00006436      0x2e7 ./freertos/list.o
 .debug_info    0x0000671d      0x282 ./freertos/port.o
 .debug_info    0x0000699f      0xef7 ./freertos/queue.o
 .debug_info    0x00007896     0x19c9 ./freertos/tasks.o
 .debug_info    0x0000925f      0xb8e ./freertos/timers.o
 .debug_info    0x00009ded      0xc9a ./drivers/fsl_adc16.o
 .debug_info    0x0000aa87     0x1a93 ./drivers/fsl_clock.o
 .debug_info    0x0000c51a      0x44a ./drivers/fsl_common.o
 .debug_info    0x0000c964      0x8b6 ./drivers/fsl_dac.o
 .debug_info    0x0000d21a      0xf4a ./drivers/fsl_dma.o
 .debug_info    0x0000e164      0x4e3 ./drivers/fsl_dmamux.o
 .debug_info    0x0000e647      0x562 ./drivers/fsl_gpio.o
 .debug_info    0x0000eba9     0x1465 ./drivers/fsl_lpsci.o
 .debug_info    0x0001000e      0x70f ./drivers/fsl_lptmr.o
 .debug_info    0x0001071d     0x1406 ./drivers/fsl_uart.o
 .debug_info    0x00011b23      0x6f6 ./board/board.o
 .debug_info    0x00012219      0xafa ./board/clock_config.o
 .debug_info    0x00012d13      0x70e ./board/pin_mux.o
 .debug_info    0x00013421      0x435 ./CMSIS/system_MKL25Z4.o

.debug_abbrev   0x00000000     0x3fa5
 .debug_abbrev  0x00000000      0x2d4 ./utilities/fsl_debug_console.o
 .debug_abbrev  0x000002d4      0x18a ./startup/startup_mkl25z4.o
 .debug_abbrev  0x0000045e      0x1ef ./source/cir_buffer.o
 .debug_abbrev  0x0000064d      0x1bd ./source/dacadc.o
 .debug_abbrev  0x0000080a      0x275 ./source/dma.o
 .debug_abbrev  0x00000a7f      0x39b ./source/freertos_tickless.o
 .debug_abbrev  0x00000e1a      0x1c0 ./source/led.o
 .debug_abbrev  0x00000fda      0x1a4 ./source/logger.o
 .debug_abbrev  0x0000117e       0x43 ./source/mtb.o
 .debug_abbrev  0x000011c1       0x2e ./source/semihost_hardfault.o
 .debug_abbrev  0x000011ef      0x224 ./freertos/fsl_tickless_lptmr.o
 .debug_abbrev  0x00001413      0x1a4 ./freertos/heap_4.o
 .debug_abbrev  0x000015b7      0x123 ./freertos/list.o
 .debug_abbrev  0x000016da      0x1b0 ./freertos/port.o
 .debug_abbrev  0x0000188a      0x211 ./freertos/queue.o
 .debug_abbrev  0x00001a9b      0x2cd ./freertos/tasks.o
 .debug_abbrev  0x00001d68      0x222 ./freertos/timers.o
 .debug_abbrev  0x00001f8a      0x29f ./drivers/fsl_adc16.o
 .debug_abbrev  0x00002229      0x36c ./drivers/fsl_clock.o
 .debug_abbrev  0x00002595      0x27b ./drivers/fsl_common.o
 .debug_abbrev  0x00002810      0x234 ./drivers/fsl_dac.o
 .debug_abbrev  0x00002a44      0x2e9 ./drivers/fsl_dma.o
 .debug_abbrev  0x00002d2d      0x1ad ./drivers/fsl_dmamux.o
 .debug_abbrev  0x00002eda      0x1b5 ./drivers/fsl_gpio.o
 .debug_abbrev  0x0000308f      0x306 ./drivers/fsl_lpsci.o
 .debug_abbrev  0x00003395      0x1cf ./drivers/fsl_lptmr.o
 .debug_abbrev  0x00003564      0x320 ./drivers/fsl_uart.o
 .debug_abbrev  0x00003884      0x182 ./board/board.o
 .debug_abbrev  0x00003a06      0x20e ./board/clock_config.o
 .debug_abbrev  0x00003c14      0x23e ./board/pin_mux.o
 .debug_abbrev  0x00003e52      0x153 ./CMSIS/system_MKL25Z4.o

.debug_aranges  0x00000000     0x1178
 .debug_aranges
                0x00000000       0x98 ./utilities/fsl_debug_console.o
 .debug_aranges
                0x00000098      0x160 ./startup/startup_mkl25z4.o
 .debug_aranges
                0x000001f8       0x58 ./source/cir_buffer.o
 .debug_aranges
                0x00000250       0x30 ./source/dacadc.o
 .debug_aranges
                0x00000280       0x48 ./source/dma.o
 .debug_aranges
                0x000002c8       0xa0 ./source/freertos_tickless.o
 .debug_aranges
                0x00000368       0x60 ./source/led.o
 .debug_aranges
                0x000003c8       0x38 ./source/logger.o
 .debug_aranges
                0x00000400       0x18 ./source/mtb.o
 .debug_aranges
                0x00000418       0x20 ./source/semihost_hardfault.o
 .debug_aranges
                0x00000438       0x60 ./freertos/fsl_tickless_lptmr.o
 .debug_aranges
                0x00000498       0x50 ./freertos/heap_4.o
 .debug_aranges
                0x000004e8       0x40 ./freertos/list.o
 .debug_aranges
                0x00000528       0x80 ./freertos/port.o
 .debug_aranges
                0x000005a8      0x118 ./freertos/queue.o
 .debug_aranges
                0x000006c0      0x200 ./freertos/tasks.o
 .debug_aranges
                0x000008c0       0xc8 ./freertos/timers.o
 .debug_aranges
                0x00000988       0x88 ./drivers/fsl_adc16.o
 .debug_aranges
                0x00000a10      0x1d8 ./drivers/fsl_clock.o
 .debug_aranges
                0x00000be8       0x38 ./drivers/fsl_common.o
 .debug_aranges
                0x00000c20       0x90 ./drivers/fsl_dac.o
 .debug_aranges
                0x00000cb0       0xd0 ./drivers/fsl_dma.o
 .debug_aranges
                0x00000d80       0x40 ./drivers/fsl_dmamux.o
 .debug_aranges
                0x00000dc0       0x40 ./drivers/fsl_gpio.o
 .debug_aranges
                0x00000e00      0x118 ./drivers/fsl_lpsci.o
 .debug_aranges
                0x00000f18       0x48 ./drivers/fsl_lptmr.o
 .debug_aranges
                0x00000f60      0x130 ./drivers/fsl_uart.o
 .debug_aranges
                0x00001090       0x28 ./board/board.o
 .debug_aranges
                0x000010b8       0x58 ./board/clock_config.o
 .debug_aranges
                0x00001110       0x40 ./board/pin_mux.o
 .debug_aranges
                0x00001150       0x28 ./CMSIS/system_MKL25Z4.o

.debug_ranges   0x00000000      0xf80
 .debug_ranges  0x00000000       0x88 ./utilities/fsl_debug_console.o
 .debug_ranges  0x00000088      0x150 ./startup/startup_mkl25z4.o
 .debug_ranges  0x000001d8       0x48 ./source/cir_buffer.o
 .debug_ranges  0x00000220       0x20 ./source/dacadc.o
 .debug_ranges  0x00000240       0x38 ./source/dma.o
 .debug_ranges  0x00000278       0x90 ./source/freertos_tickless.o
 .debug_ranges  0x00000308       0x50 ./source/led.o
 .debug_ranges  0x00000358       0x28 ./source/logger.o
 .debug_ranges  0x00000380       0x10 ./source/semihost_hardfault.o
 .debug_ranges  0x00000390       0x50 ./freertos/fsl_tickless_lptmr.o
 .debug_ranges  0x000003e0       0x40 ./freertos/heap_4.o
 .debug_ranges  0x00000420       0x30 ./freertos/list.o
 .debug_ranges  0x00000450       0x70 ./freertos/port.o
 .debug_ranges  0x000004c0      0x108 ./freertos/queue.o
 .debug_ranges  0x000005c8      0x1f0 ./freertos/tasks.o
 .debug_ranges  0x000007b8       0xb8 ./freertos/timers.o
 .debug_ranges  0x00000870       0x78 ./drivers/fsl_adc16.o
 .debug_ranges  0x000008e8      0x1c8 ./drivers/fsl_clock.o
 .debug_ranges  0x00000ab0       0x28 ./drivers/fsl_common.o
 .debug_ranges  0x00000ad8       0x80 ./drivers/fsl_dac.o
 .debug_ranges  0x00000b58       0xc0 ./drivers/fsl_dma.o
 .debug_ranges  0x00000c18       0x30 ./drivers/fsl_dmamux.o
 .debug_ranges  0x00000c48       0x30 ./drivers/fsl_gpio.o
 .debug_ranges  0x00000c78      0x108 ./drivers/fsl_lpsci.o
 .debug_ranges  0x00000d80       0x38 ./drivers/fsl_lptmr.o
 .debug_ranges  0x00000db8      0x120 ./drivers/fsl_uart.o
 .debug_ranges  0x00000ed8       0x18 ./board/board.o
 .debug_ranges  0x00000ef0       0x48 ./board/clock_config.o
 .debug_ranges  0x00000f38       0x30 ./board/pin_mux.o
 .debug_ranges  0x00000f68       0x18 ./CMSIS/system_MKL25Z4.o

.debug_line     0x00000000     0xa777
 .debug_line    0x00000000      0xc69 ./utilities/fsl_debug_console.o
 .debug_line    0x00000c69      0x1e7 ./startup/startup_mkl25z4.o
 .debug_line    0x00000e50      0x459 ./source/cir_buffer.o
 .debug_line    0x000012a9      0x23c ./source/dacadc.o
 .debug_line    0x000014e5      0x2d0 ./source/dma.o
 .debug_line    0x000017b5      0x690 ./source/freertos_tickless.o
 .debug_line    0x00001e45      0x2ad ./source/led.o
 .debug_line    0x000020f2      0x30c ./source/logger.o
 .debug_line    0x000023fe       0x30 ./source/mtb.o
 .debug_line    0x0000242e       0x5a ./source/semihost_hardfault.o
 .debug_line    0x00002488      0x3bc ./freertos/fsl_tickless_lptmr.o
 .debug_line    0x00002844      0x3be ./freertos/heap_4.o
 .debug_line    0x00002c02      0x26a ./freertos/list.o
 .debug_line    0x00002e6c      0x308 ./freertos/port.o
 .debug_line    0x00003174      0xbd5 ./freertos/queue.o
 .debug_line    0x00003d49     0x1548 ./freertos/tasks.o
 .debug_line    0x00005291      0x673 ./freertos/timers.o
 .debug_line    0x00005904      0x550 ./drivers/fsl_adc16.o
 .debug_line    0x00005e54     0x11fc ./drivers/fsl_clock.o
 .debug_line    0x00007050      0x295 ./drivers/fsl_common.o
 .debug_line    0x000072e5      0x436 ./drivers/fsl_dac.o
 .debug_line    0x0000771b      0x651 ./drivers/fsl_dma.o
 .debug_line    0x00007d6c      0x251 ./drivers/fsl_dmamux.o
 .debug_line    0x00007fbd      0x287 ./drivers/fsl_gpio.o
 .debug_line    0x00008244      0xc80 ./drivers/fsl_lpsci.o
 .debug_line    0x00008ec4      0x2cb ./drivers/fsl_lptmr.o
 .debug_line    0x0000918f      0xc6f ./drivers/fsl_uart.o
 .debug_line    0x00009dfe      0x1d2 ./board/board.o
 .debug_line    0x00009fd0      0x2af ./board/clock_config.o
 .debug_line    0x0000a27f      0x258 ./board/pin_mux.o
 .debug_line    0x0000a4d7      0x2a0 ./CMSIS/system_MKL25Z4.o

.debug_str      0x00000000     0x7c45
 .debug_str     0x00000000      0xd1c ./utilities/fsl_debug_console.o
                                0xdb1 (size before relaxing)
 .debug_str     0x00000d1c      0x394 ./startup/startup_mkl25z4.o
                                0x4d0 (size before relaxing)
 .debug_str     0x000010b0      0x6df ./source/cir_buffer.o
                                0xda8 (size before relaxing)
 .debug_str     0x0000178f      0x673 ./source/dacadc.o
                                0xca7 (size before relaxing)
 .debug_str     0x00001e02      0x2c6 ./source/dma.o
                                0xe09 (size before relaxing)
 .debug_str     0x000020c8      0xc37 ./source/freertos_tickless.o
                               0x1ad8 (size before relaxing)
 .debug_str     0x00002cff       0x95 ./source/led.o
                                0x6ee (size before relaxing)
 .debug_str     0x00002d94       0x62 ./source/logger.o
                                0xbc5 (size before relaxing)
 .debug_str     0x00002df6       0x1f ./source/mtb.o
                                0x15a (size before relaxing)
 .debug_str     0x00002e15       0x1f ./source/semihost_hardfault.o
                                0x15a (size before relaxing)
 .debug_str     0x00002e34      0x1f3 ./freertos/fsl_tickless_lptmr.o
                                0xad9 (size before relaxing)
 .debug_str     0x00003027      0x1d3 ./freertos/heap_4.o
                                0x3d1 (size before relaxing)
 .debug_str     0x000031fa      0x125 ./freertos/list.o
                                0x345 (size before relaxing)
 .debug_str     0x0000331f      0x130 ./freertos/port.o
                                0x391 (size before relaxing)
 .debug_str     0x0000344f      0x557 ./freertos/queue.o
                                0x867 (size before relaxing)
 .debug_str     0x000039a6      0xc66 ./freertos/tasks.o
                               0x10b9 (size before relaxing)
 .debug_str     0x0000460c      0x4dd ./freertos/timers.o
                                0x827 (size before relaxing)
 .debug_str     0x00004ae9      0x418 ./drivers/fsl_adc16.o
                               0x1259 (size before relaxing)
 .debug_str     0x00004f01      0xc27 ./drivers/fsl_clock.o
                               0x17fb (size before relaxing)
 .debug_str     0x00005b28      0x113 ./drivers/fsl_common.o
                                0x51d (size before relaxing)
 .debug_str     0x00005c3b      0x253 ./drivers/fsl_dac.o
                                0xbac (size before relaxing)
 .debug_str     0x00005e8e      0x55d ./drivers/fsl_dma.o
                               0x128d (size before relaxing)
 .debug_str     0x000063eb       0x65 ./drivers/fsl_dmamux.o
                                0x8b4 (size before relaxing)
 .debug_str     0x00006450       0x8d ./drivers/fsl_gpio.o
                                0x822 (size before relaxing)
 .debug_str     0x000064dd      0x93c ./drivers/fsl_lpsci.o
                               0x15c3 (size before relaxing)
 .debug_str     0x00006e19       0x73 ./drivers/fsl_lptmr.o
                                0xcef (size before relaxing)
 .debug_str     0x00006e8c      0x819 ./drivers/fsl_uart.o
                               0x15cf (size before relaxing)
 .debug_str     0x000076a5       0x4c ./board/board.o
                                0x6a4 (size before relaxing)
 .debug_str     0x000076f1      0x237 ./board/clock_config.o
                                0xde2 (size before relaxing)
 .debug_str     0x00007928      0x2d6 ./board/pin_mux.o
                                0x784 (size before relaxing)
 .debug_str     0x00007bfe       0x47 ./CMSIS/system_MKL25Z4.o
                                0x33c (size before relaxing)

.comment        0x00000000       0x75
 .comment       0x00000000       0x75 ./utilities/fsl_debug_console.o
                                 0x76 (size before relaxing)
 .comment       0x00000075       0x76 ./startup/startup_mkl25z4.o
 .comment       0x00000075       0x76 ./source/cir_buffer.o
 .comment       0x00000075       0x76 ./source/dacadc.o
 .comment       0x00000075       0x76 ./source/dma.o
 .comment       0x00000075       0x76 ./source/freertos_tickless.o
 .comment       0x00000075       0x76 ./source/led.o
 .comment       0x00000075       0x76 ./source/logger.o
 .comment       0x00000075       0x76 ./source/mtb.o
 .comment       0x00000075       0x76 ./source/semihost_hardfault.o
 .comment       0x00000075       0x76 ./freertos/fsl_tickless_lptmr.o
 .comment       0x00000075       0x76 ./freertos/heap_4.o
 .comment       0x00000075       0x76 ./freertos/list.o
 .comment       0x00000075       0x76 ./freertos/port.o
 .comment       0x00000075       0x76 ./freertos/queue.o
 .comment       0x00000075       0x76 ./freertos/tasks.o
 .comment       0x00000075       0x76 ./freertos/timers.o
 .comment       0x00000075       0x76 ./drivers/fsl_adc16.o
 .comment       0x00000075       0x76 ./drivers/fsl_clock.o
 .comment       0x00000075       0x76 ./drivers/fsl_common.o
 .comment       0x00000075       0x76 ./drivers/fsl_dac.o
 .comment       0x00000075       0x76 ./drivers/fsl_dma.o
 .comment       0x00000075       0x76 ./drivers/fsl_dmamux.o
 .comment       0x00000075       0x76 ./drivers/fsl_gpio.o
 .comment       0x00000075       0x76 ./drivers/fsl_lpsci.o
 .comment       0x00000075       0x76 ./drivers/fsl_lptmr.o
 .comment       0x00000075       0x76 ./drivers/fsl_uart.o
 .comment       0x00000075       0x76 ./board/board.o
 .comment       0x00000075       0x76 ./board/clock_config.o
 .comment       0x00000075       0x76 ./board/pin_mux.o
 .comment       0x00000075       0x76 ./CMSIS/system_MKL25Z4.o
 .comment       0x00000075       0x76 c:/nxp/mcuxpressoide_11.0.1_2563/ide/plugins/com.nxp.mcuxpresso.tools.win32_11.0.1.201907311258/tools/bin/../lib/gcc/arm-none-eabi/8.2.1/../../../../arm-none-eabi/lib/thumb/v6-m/nofp\libcr_nohost_nf.a(_cr__main.o)
 .comment       0x00000075       0x76 c:/nxp/mcuxpressoide_11.0.1_2563/ide/plugins/com.nxp.mcuxpresso.tools.win32_11.0.1.201907311258/tools/bin/../lib/gcc/arm-none-eabi/8.2.1/../../../../arm-none-eabi/lib/thumb/v6-m/nofp\libcr_c.a(memcpy.o)
 .comment       0x00000075       0x76 c:/nxp/mcuxpressoide_11.0.1_2563/ide/plugins/com.nxp.mcuxpresso.tools.win32_11.0.1.201907311258/tools/bin/../lib/gcc/arm-none-eabi/8.2.1/../../../../arm-none-eabi/lib/thumb/v6-m/nofp\libcr_c.a(memset.o)
 .comment       0x00000075       0x76 c:/nxp/mcuxpressoide_11.0.1_2563/ide/plugins/com.nxp.mcuxpresso.tools.win32_11.0.1.201907311258/tools/bin/../lib/gcc/arm-none-eabi/8.2.1/../../../../arm-none-eabi/lib/thumb/v6-m/nofp\libcr_c.a(alloc.o)
 .comment       0x00000075       0x76 c:/nxp/mcuxpressoide_11.0.1_2563/ide/plugins/com.nxp.mcuxpresso.tools.win32_11.0.1.201907311258/tools/bin/../lib/gcc/arm-none-eabi/8.2.1/../../../../arm-none-eabi/lib/thumb/v6-m/nofp\libcr_c.a(initio.o)
 .comment       0x00000075       0x76 c:/nxp/mcuxpressoide_11.0.1_2563/ide/plugins/com.nxp.mcuxpresso.tools.win32_11.0.1.201907311258/tools/bin/../lib/gcc/arm-none-eabi/8.2.1/../../../../arm-none-eabi/lib/thumb/v6-m/nofp\libcr_c.a(modf.o)
 .comment       0x00000075       0x76 c:/nxp/mcuxpressoide_11.0.1_2563/ide/plugins/com.nxp.mcuxpresso.tools.win32_11.0.1.201907311258/tools/bin/../lib/gcc/arm-none-eabi/8.2.1/../../../../arm-none-eabi/lib/thumb/v6-m/nofp\libcr_c.a(pow.o)
 .comment       0x00000075       0x76 c:/nxp/mcuxpressoide_11.0.1_2563/ide/plugins/com.nxp.mcuxpresso.tools.win32_11.0.1.201907311258/tools/bin/../lib/gcc/arm-none-eabi/8.2.1/../../../../arm-none-eabi/lib/thumb/v6-m/nofp\libcr_c.a(setvbuf.o)
 .comment       0x00000075       0x76 c:/nxp/mcuxpressoide_11.0.1_2563/ide/plugins/com.nxp.mcuxpresso.tools.win32_11.0.1.201907311258/tools/bin/../lib/gcc/arm-none-eabi/8.2.1/../../../../arm-none-eabi/lib/thumb/v6-m/nofp\libcr_c.a(sin.o)
 .comment       0x00000075       0x76 c:/nxp/mcuxpressoide_11.0.1_2563/ide/plugins/com.nxp.mcuxpresso.tools.win32_11.0.1.201907311258/tools/bin/../lib/gcc/arm-none-eabi/8.2.1/../../../../arm-none-eabi/lib/thumb/v6-m/nofp\libcr_c.a(sqrt.o)
 .comment       0x00000075       0x76 c:/nxp/mcuxpressoide_11.0.1_2563/ide/plugins/com.nxp.mcuxpresso.tools.win32_11.0.1.201907311258/tools/bin/../lib/gcc/arm-none-eabi/8.2.1/../../../../arm-none-eabi/lib/thumb/v6-m/nofp\libcr_c.a(strlen.o)
 .comment       0x00000075       0x76 c:/nxp/mcuxpressoide_11.0.1_2563/ide/plugins/com.nxp.mcuxpresso.tools.win32_11.0.1.201907311258/tools/bin/../lib/gcc/arm-none-eabi/8.2.1/../../../../arm-none-eabi/lib/thumb/v6-m/nofp\libcr_c.a(__init_alloc.o)
 .comment       0x00000075       0x76 c:/nxp/mcuxpressoide_11.0.1_2563/ide/plugins/com.nxp.mcuxpresso.tools.win32_11.0.1.201907311258/tools/bin/../lib/gcc/arm-none-eabi/8.2.1/../../../../arm-none-eabi/lib/thumb/v6-m/nofp\libcr_c.a(_cr_sbrk.o)
 .comment       0x00000075       0x76 c:/nxp/mcuxpressoide_11.0.1_2563/ide/plugins/com.nxp.mcuxpresso.tools.win32_11.0.1.201907311258/tools/bin/../lib/gcc/arm-none-eabi/8.2.1/../../../../arm-none-eabi/lib/thumb/v6-m/nofp\libcr_c.a(_fdopen.o)
 .comment       0x00000075       0x76 c:/nxp/mcuxpressoide_11.0.1_2563/ide/plugins/com.nxp.mcuxpresso.tools.win32_11.0.1.201907311258/tools/bin/../lib/gcc/arm-none-eabi/8.2.1/../../../../arm-none-eabi/lib/thumb/v6-m/nofp\libcr_c.a(_sincos.o)
 .comment       0x00000075       0x76 c:/nxp/mcuxpressoide_11.0.1_2563/ide/plugins/com.nxp.mcuxpresso.tools.win32_11.0.1.201907311258/tools/bin/../lib/gcc/arm-none-eabi/8.2.1/../../../../arm-none-eabi/lib/thumb/v6-m/nofp\libcr_c.a(errno.o)
 .comment       0x00000075       0x76 c:/nxp/mcuxpressoide_11.0.1_2563/ide/plugins/com.nxp.mcuxpresso.tools.win32_11.0.1.201907311258/tools/bin/../lib/gcc/arm-none-eabi/8.2.1/../../../../arm-none-eabi/lib/thumb/v6-m/nofp\libcr_c.a(fabs.o)
 .comment       0x00000075       0x76 c:/nxp/mcuxpressoide_11.0.1_2563/ide/plugins/com.nxp.mcuxpresso.tools.win32_11.0.1.201907311258/tools/bin/../lib/gcc/arm-none-eabi/8.2.1/../../../../arm-none-eabi/lib/thumb/v6-m/nofp\libcr_c.a(fclose.o)
 .comment       0x00000075       0x76 c:/nxp/mcuxpressoide_11.0.1_2563/ide/plugins/com.nxp.mcuxpresso.tools.win32_11.0.1.201907311258/tools/bin/../lib/gcc/arm-none-eabi/8.2.1/../../../../arm-none-eabi/lib/thumb/v6-m/nofp\libcr_c.a(fflush.o)
 .comment       0x00000075       0x76 c:/nxp/mcuxpressoide_11.0.1_2563/ide/plugins/com.nxp.mcuxpresso.tools.win32_11.0.1.201907311258/tools/bin/../lib/gcc/arm-none-eabi/8.2.1/../../../../arm-none-eabi/lib/thumb/v6-m/nofp\libcr_c.a(frexp.o)
 .comment       0x00000075       0x76 c:/nxp/mcuxpressoide_11.0.1_2563/ide/plugins/com.nxp.mcuxpresso.tools.win32_11.0.1.201907311258/tools/bin/../lib/gcc/arm-none-eabi/8.2.1/../../../../arm-none-eabi/lib/thumb/v6-m/nofp\libcr_c.a(fseek.o)
 .comment       0x00000075       0x76 c:/nxp/mcuxpressoide_11.0.1_2563/ide/plugins/com.nxp.mcuxpresso.tools.win32_11.0.1.201907311258/tools/bin/../lib/gcc/arm-none-eabi/8.2.1/../../../../arm-none-eabi/lib/thumb/v6-m/nofp\libcr_c.a(ftell.o)
 .comment       0x00000075       0x76 c:/nxp/mcuxpressoide_11.0.1_2563/ide/plugins/com.nxp.mcuxpresso.tools.win32_11.0.1.201907311258/tools/bin/../lib/gcc/arm-none-eabi/8.2.1/../../../../arm-none-eabi/lib/thumb/v6-m/nofp\libcr_c.a(ldexp.o)
 .comment       0x00000075       0x76 c:/nxp/mcuxpressoide_11.0.1_2563/ide/plugins/com.nxp.mcuxpresso.tools.win32_11.0.1.201907311258/tools/bin/../lib/gcc/arm-none-eabi/8.2.1/../../../../arm-none-eabi/lib/thumb/v6-m/nofp\libcr_c.a(remove.o)
 .comment       0x00000075       0x76 c:/nxp/mcuxpressoide_11.0.1_2563/ide/plugins/com.nxp.mcuxpresso.tools.win32_11.0.1.201907311258/tools/bin/../lib/gcc/arm-none-eabi/8.2.1/../../../../arm-none-eabi/lib/thumb/v6-m/nofp\libcr_c.a(_cr_check_heap.o)
 .comment       0x00000075       0x76 c:/nxp/mcuxpressoide_11.0.1_2563/ide/plugins/com.nxp.mcuxpresso.tools.win32_11.0.1.201907311258/tools/bin/../lib/gcc/arm-none-eabi/8.2.1/../../../../arm-none-eabi/lib/thumb/v6-m/nofp\libcr_c.a(_do_fflush.o)